Archive member included because of file (symbol)

c:/development/ble/nordic_dev_6/nrf51822_sdk/arm-gcc/bin/../lib/gcc/arm-none-eabi/4.7.4/../../../../arm-none-eabi/lib/armv6-m\libc_s.a(lib_a-__atexit2.o)
                              c:/development/ble/nordic_dev_6/nrf51822_sdk/arm-gcc/bin/../lib/gcc/arm-none-eabi/4.7.4/../../../../arm-none-eabi/lib/armv6-m/crt0.o (__register_exitproc)
c:/development/ble/nordic_dev_6/nrf51822_sdk/arm-gcc/bin/../lib/gcc/arm-none-eabi/4.7.4/../../../../arm-none-eabi/lib/armv6-m\libc_s.a(lib_a-exit.o)
                              c:/development/ble/nordic_dev_6/nrf51822_sdk/arm-gcc/bin/../lib/gcc/arm-none-eabi/4.7.4/../../../../arm-none-eabi/lib/armv6-m/crt0.o (exit)
c:/development/ble/nordic_dev_6/nrf51822_sdk/arm-gcc/bin/../lib/gcc/arm-none-eabi/4.7.4/../../../../arm-none-eabi/lib/armv6-m\libc_s.a(lib_a-fini.o)
                              c:/development/ble/nordic_dev_6/nrf51822_sdk/arm-gcc/bin/../lib/gcc/arm-none-eabi/4.7.4/../../../../arm-none-eabi/lib/armv6-m/crt0.o (__libc_fini_array)
c:/development/ble/nordic_dev_6/nrf51822_sdk/arm-gcc/bin/../lib/gcc/arm-none-eabi/4.7.4/../../../../arm-none-eabi/lib/armv6-m\libc_s.a(lib_a-impure.o)
                              c:/development/ble/nordic_dev_6/nrf51822_sdk/arm-gcc/bin/../lib/gcc/arm-none-eabi/4.7.4/../../../../arm-none-eabi/lib/armv6-m\libc_s.a(lib_a-exit.o) (_global_impure_ptr)
c:/development/ble/nordic_dev_6/nrf51822_sdk/arm-gcc/bin/../lib/gcc/arm-none-eabi/4.7.4/../../../../arm-none-eabi/lib/armv6-m\libc_s.a(lib_a-init.o)
                              c:/development/ble/nordic_dev_6/nrf51822_sdk/arm-gcc/bin/../lib/gcc/arm-none-eabi/4.7.4/../../../../arm-none-eabi/lib/armv6-m/crt0.o (__libc_init_array)
c:/development/ble/nordic_dev_6/nrf51822_sdk/arm-gcc/bin/../lib/gcc/arm-none-eabi/4.7.4/../../../../arm-none-eabi/lib/armv6-m\libc_s.a(lib_a-memset.o)
                              c:/development/ble/nordic_dev_6/nrf51822_sdk/arm-gcc/bin/../lib/gcc/arm-none-eabi/4.7.4/../../../../arm-none-eabi/lib/armv6-m/crt0.o (memset)
c:/development/ble/nordic_dev_6/nrf51822_sdk/arm-gcc/bin/../lib/gcc/arm-none-eabi/4.7.4/../../../../arm-none-eabi/lib/armv6-m\libnosys.a(_exit.o)
                              c:/development/ble/nordic_dev_6/nrf51822_sdk/arm-gcc/bin/../lib/gcc/arm-none-eabi/4.7.4/../../../../arm-none-eabi/lib/armv6-m\libc_s.a(lib_a-exit.o) (_exit)
c:/development/ble/nordic_dev_6/nrf51822_sdk/arm-gcc/bin/../lib/gcc/arm-none-eabi/4.7.4/armv6-m\libgcc.a(_udivsi3.o)
                              _build/main.o (__aeabi_uidiv)
c:/development/ble/nordic_dev_6/nrf51822_sdk/arm-gcc/bin/../lib/gcc/arm-none-eabi/4.7.4/armv6-m\libgcc.a(_divsi3.o)
                              _build/main.o (__aeabi_idiv)
c:/development/ble/nordic_dev_6/nrf51822_sdk/arm-gcc/bin/../lib/gcc/arm-none-eabi/4.7.4/armv6-m\libgcc.a(_dvmd_tls.o)
                              c:/development/ble/nordic_dev_6/nrf51822_sdk/arm-gcc/bin/../lib/gcc/arm-none-eabi/4.7.4/armv6-m\libgcc.a(_udivsi3.o) (__aeabi_idiv0)
c:/development/ble/nordic_dev_6/nrf51822_sdk/arm-gcc/bin/../lib/gcc/arm-none-eabi/4.7.4/armv6-m\libgcc.a(_muldi3.o)
                              _build/time_utils.o (__aeabi_lmul)
c:/development/ble/nordic_dev_6/nrf51822_sdk/arm-gcc/bin/../lib/gcc/arm-none-eabi/4.7.4/../../../../arm-none-eabi/lib/armv6-m\libc_s.a(lib_a-memcmp.o)
                              _build/device_manager_central.o (memcmp)
c:/development/ble/nordic_dev_6/nrf51822_sdk/arm-gcc/bin/../lib/gcc/arm-none-eabi/4.7.4/../../../../arm-none-eabi/lib/armv6-m\libc_s.a(lib_a-memcpy.o)
                              _build/ble_uart_c.o (memcpy)
c:/development/ble/nordic_dev_6/nrf51822_sdk/arm-gcc/bin/../lib/gcc/arm-none-eabi/4.7.4/../../../../arm-none-eabi/lib/armv6-m\libc_s.a(lib_a-printf.o)
                              _build/ble_uart_c.o (printf)
c:/development/ble/nordic_dev_6/nrf51822_sdk/arm-gcc/bin/../lib/gcc/arm-none-eabi/4.7.4/../../../../arm-none-eabi/lib/armv6-m\libc_s.a(lib_a-puts.o)
                              _build/ble_uart_c.o (puts)
c:/development/ble/nordic_dev_6/nrf51822_sdk/arm-gcc/bin/../lib/gcc/arm-none-eabi/4.7.4/../../../../arm-none-eabi/lib/armv6-m\libc_s.a(lib_a-strcmp.o)
                              _build/main.o (strcmp)
c:/development/ble/nordic_dev_6/nrf51822_sdk/arm-gcc/bin/../lib/gcc/arm-none-eabi/4.7.4/../../../../arm-none-eabi/lib/armv6-m\libc_s.a(lib_a-strcpy.o)
                              _build/main.o (strcpy)
c:/development/ble/nordic_dev_6/nrf51822_sdk/arm-gcc/bin/../lib/gcc/arm-none-eabi/4.7.4/../../../../arm-none-eabi/lib/armv6-m\libc_s.a(lib_a-strncpy.o)
                              _build/ble_debug_assert_handler.o (strncpy)
c:/development/ble/nordic_dev_6/nrf51822_sdk/arm-gcc/bin/../lib/gcc/arm-none-eabi/4.7.4/../../../../arm-none-eabi/lib/armv6-m\libc_s.a(lib_a-vfprintf.o)
[...]
Memory Configuration

Name             Origin             Length             Attributes
FLASH            0x00018000         0x00027000         xr
RAM              0x20002800         0x00001800         xrw
*default*        0x00000000         0xffffffff

Linker script and memory map

LOAD c:/development/ble/nordic_dev_6/nrf51822_sdk/arm-gcc/bin/../lib/gcc/arm-none-eabi/4.7.4/armv6-m/crti.o
LOAD c:/development/ble/nordic_dev_6/nrf51822_sdk/arm-gcc/bin/../lib/gcc/arm-none-eabi/4.7.4/armv6-m/crtbegin.o
LOAD c:/development/ble/nordic_dev_6/nrf51822_sdk/arm-gcc/bin/../lib/gcc/arm-none-eabi/4.7.4/../../../../arm-none-eabi/lib/armv6-m/crt0.o
LOAD c:/development/ble/nordic_dev_6/nrf51822_sdk/arm-gcc/bin/../lib/gcc/arm-none-eabi/4.7.4/../../../../arm-none-eabi/lib/armv6-m\libc_s.a
LOAD c:/development/ble/nordic_dev_6/nrf51822_sdk/arm-gcc/bin/../lib/gcc/arm-none-eabi/4.7.4/../../../../arm-none-eabi/lib/armv6-m\libnosys.a
LOAD _build/startup_nrf51.os
LOAD _build/system_nrf51.o
LOAD _build/ble_uart_c.o
LOAD _build/blinkm.o
LOAD _build/debug.o
LOAD _build/main.o
LOAD _build/retarget.o
LOAD _build/SwitchbotNordic.o
LOAD _build/time_utils.o
LOAD _build/twi_master.o
LOAD _build/uart_comm2.o
LOAD _build/nrf_delay.o
LOAD _build/app_gpiote.o
LOAD _build/ble_hrs_c.o
LOAD _build/ble_debug_assert_handler.o
LOAD _build/pstorage.o
LOAD _build/device_manager_central.o
LOAD _build/softdevice_handler.o
LOAD _build/ble_db_discovery.o
START GROUP
LOAD c:/development/ble/nordic_dev_6/nrf51822_sdk/arm-gcc/bin/../lib/gcc/arm-none-eabi/4.7.4/armv6-m\libgcc.a
LOAD c:/development/ble/nordic_dev_6/nrf51822_sdk/arm-gcc/bin/../lib/gcc/arm-none-eabi/4.7.4/../../../../arm-none-eabi/lib/armv6-m\libc_s.a
END GROUP
LOAD c:/development/ble/nordic_dev_6/nrf51822_sdk/arm-gcc/bin/../lib/gcc/arm-none-eabi/4.7.4/armv6-m/crtend.o
LOAD c:/development/ble/nordic_dev_6/nrf51822_sdk/arm-gcc/bin/../lib/gcc/arm-none-eabi/4.7.4/armv6-m/crtn.o
START GROUP
LOAD c:/development/ble/nordic_dev_6/nrf51822_sdk/arm-gcc/bin/../lib/gcc/arm-none-eabi/4.7.4/armv6-m\libgcc.a
LOAD c:/development/ble/nordic_dev_6/nrf51822_sdk/arm-gcc/bin/../lib/gcc/arm-none-eabi/4.7.4/../../../../arm-none-eabi/lib/armv6-m\libc.a
LOAD c:/development/ble/nordic_dev_6/nrf51822_sdk/arm-gcc/bin/../lib/gcc/arm-none-eabi/4.7.4/../../../../arm-none-eabi/lib/armv6-m\libm.a
LOAD c:/development/ble/nordic_dev_6/nrf51822_sdk/arm-gcc/bin/../lib/gcc/arm-none-eabi/4.7.4/../../../../arm-none-eabi/lib/armv6-m\libnosys.a
END GROUP

.text           0x00018000     0xdd3c
 *(.isr_vector)
 .isr_vector    0x00018000       0xc0 _build/startup_nrf51.os
                0x00018000                __Vectors
 *(.text*)
 .text          0x000180c0        0x0 c:/development/ble/nordic_dev_6/nrf51822_sdk/arm-gcc/bin/../lib/gcc/arm-none-eabi/4.7.4/armv6-m/crti.o
 .text          0x000180c0       0x60 c:/development/ble/nordic_dev_6/nrf51822_sdk/arm-gcc/bin/../lib/gcc/arm-none-eabi/4.7.4/armv6-m/crtbegin.o
 .text          0x00018120       0x74 c:/development/ble/nordic_dev_6/nrf51822_sdk/arm-gcc/bin/../lib/gcc/arm-none-eabi/4.7.4/../../../../arm-none-eabi/lib/armv6-m/crt0.o
                0x00018120                _start
                0x00018120                start
                0x00018120                _mainCRTStartup
 .text          0x00018194        0x0 c:/development/ble/nordic_dev_6/nrf51822_sdk/arm-gcc/bin/../lib/gcc/arm-none-eabi/4.7.4/../../../../arm-none-eabi/lib/armv6-m\libc_s.a(lib_a-__atexit2.o)
 .text.__register_exitproc
                0x00018194       0x18 c:/development/ble/nordic_dev_6/nrf51822_sdk/arm-gcc/bin/../lib/gcc/arm-none-eabi/4.7.4/../../../../arm-none-eabi/lib/armv6-m\libc_s.a(lib_a-__atexit2.o)
                0x00018194                __register_exitproc
 .text          0x000181ac        0x0 c:/development/ble/nordic_dev_6/nrf51822_sdk/arm-gcc/bin/../lib/gcc/arm-none-eabi/4.7.4/../../../../arm-none-eabi/lib/armv6-m\libc_s.a(lib_a-exit.o)
 .text.exit     0x000181ac       0x30 c:/development/ble/nordic_dev_6/nrf51822_sdk/arm-gcc/bin/../lib/gcc/arm-none-eabi/4.7.4/../../../../arm-none-eabi/lib/armv6-m\libc_s.a(lib_a-exit.o)
                0x000181ac                exit
 .text          0x000181dc        0x0 c:/development/ble/nordic_dev_6/nrf51822_sdk/arm-gcc/bin/../lib/gcc/arm-none-eabi/4.7.4/../../../../arm-none-eabi/lib/armv6-m\libc_s.a(lib_a-fini.o)
 .text.__libc_fini_array
                0x000181dc       0x2c c:/development/ble/nordic_dev_6/nrf51822_sdk/arm-gcc/bin/../lib/gcc/arm-none-eabi/4.7.4/../../../../arm-none-eabi/lib/armv6-m\libc_s.a(lib_a-fini.o)
                0x000181dc                __libc_fini_array
 .text          0x00018208        0x0 c:/development/ble/nordic_dev_6/nrf51822_sdk/arm-gcc/bin/../lib/gcc/arm-none-eabi/4.7.4/../../../../arm-none-eabi/lib/armv6-m\libc_s.a(lib_a-impure.o)
 .text          0x00018208        0x0 c:/development/ble/nordic_dev_6/nrf51822_sdk/arm-gcc/bin/../lib/gcc/arm-none-eabi/4.7.4/../../../../arm-none-eabi/lib/armv6-m\libc_s.a(lib_a-init.o)
 .text.__libc_init_array
                0x00018208       0x4c c:/development/ble/nordic_dev_6/nrf51822_sdk/arm-gcc/bin/../lib/gcc/arm-none-eabi/4.7.4/../../../../arm-none-eabi/lib/armv6-m\libc_s.a(lib_a-init.o)
                0x00018208                __libc_init_array
 .text          0x00018254        0x0 c:/development/ble/nordic_dev_6/nrf51822_sdk/arm-gcc/bin/../lib/gcc/arm-none-eabi/4.7.4/../../../../arm-none-eabi/lib/armv6-m\libc_s.a(lib_a-memset.o)
 .text.memset   0x00018254       0x10 c:/development/ble/nordic_dev_6/nrf51822_sdk/arm-gcc/bin/../lib/gcc/arm-none-eabi/4.7.4/../../../../arm-none-eabi/lib/armv6-m\libc_s.a(lib_a-memset.o)
                0x00018254                memset
 .text          0x00018264        0x0 c:/development/ble/nordic_dev_6/nrf51822_sdk/arm-gcc/bin/../lib/gcc/arm-none-eabi/4.7.4/../../../../arm-none-eabi/lib/armv6-m\libnosys.a(_exit.o)
 .text._exit    0x00018264        0x4 c:/development/ble/nordic_dev_6/nrf51822_sdk/arm-gcc/bin/../lib/gcc/arm-none-eabi/4.7.4/../../../../arm-none-eabi/lib/armv6-m\libnosys.a(_exit.o)
                0x00018264                _exit
 .text          0x00018268       0x7c _build/startup_nrf51.os
                0x00018268                Reset_Handler
                0x000182a8                NMI_Handler
                0x000182aa                HardFault_Handler
                0x000182ac                SVC_Handler
                0x000182ae                PendSV_Handler
                0x000182b0                SysTick_Handler
                0x000182b2                Default_Handler
                0x000182b2                DEF_IRQHandler
                0x000182b4                POWER_CLOCK_IRQHandler
                0x000182b6                RADIO_IRQHandler
                0x000182ba                SPI0_TWI0_IRQHandler
                0x000182bc                SPI1_TWI1_IRQHandler
                0x000182c0                ADC_IRQHandler
                0x000182c2                TIMER0_IRQHandler
                0x000182c4                TIMER1_IRQHandler
                0x000182c8                RTC0_IRQHandler
                0x000182ca                TEMP_IRQHandler
                0x000182cc                RNG_IRQHandler
                0x000182ce                ECB_IRQHandler
                0x000182d0                CCM_AAR_IRQHandler
                0x000182d2                WDT_IRQHandler
                0x000182d6                QDEC_IRQHandler
                0x000182d8                SWI0_IRQHandler
                0x000182da                SWI1_IRQHandler
                0x000182de                SWI3_IRQHandler
                0x000182e0                SWI4_IRQHandler
                0x000182e2                SWI5_IRQHandler
 .text          0x000182e4      0x128 _build/system_nrf51.o
                0x000182e4                SystemCoreClockUpdate
                0x000182fc                SystemInit
 .text          0x0001840c      0x69c _build/ble_uart_c.o
                0x00018834                ble_uart_c_init
                0x000188d4                ble_uart_c_on_ble_evt
                0x000189dc                ble_uart_c_write_string
                0x00018a78                ble_uart_c_rx_notif_enable
 .text          0x00018aa8      0x388 _build/blinkm.o
                0x00018c48                BlinkM_init
                0x00018c74                BlinkM_handleCmd
 .text          0x00018e30      0x104 _build/debug.o
                0x00018e30                debug_save_value
                0x00018ebc                debug_get_value
                0x00018ee4                debug_save_state
                0x00018f10                debug_get_state
 .text          0x00018f34     0x22fc _build/main.o
                0x000194e0                app_error_handler
                0x00019508                timer2_init
                0x000195bc                timer2_stop
                0x000195cc                send_to_mediabox
                0x000195fc                ble_disconnect
                0x000196a4                assert_nrf_callback
                0x0001a098                motionControl_YAW2
                0x0001a134                motionControl_DriveFWD2
                0x0001a1bc                calc_coord2
                0x0001a41c                ble_connect
                0x0001a51c                get_closest_beacon
                0x0001a574                ParseCommandUART
                0x0001a8bc                TIMER2_IRQHandler
                0x0001ac20                UART0_IRQHandler
                0x0001ac64                handle_tracking
                0x0001ad60                handle_stop
                0x0001adfc                handle_ir_measuring
                0x0001b19c                drive_path_handle
                0x0001b1d0                main
 .text          0x0001b230       0x74 _build/retarget.o
                0x0001b230                retarget_init
                0x0001b24c                fputc
                0x0001b26c                _write
 .text          0x0001b2a4      0x680 _build/SwitchbotNordic.o
                0x0001b3e0                calculate_speed2
                0x0001b4f8                calculate_speed
                0x0001b6c0                calc_coord
 *fill*         0x0001b924        0x4 00
 .text          0x0001b928      0x2e0 _build/time_utils.o
                0x0001ba34                RTC1_IRQHandler
                0x0001ba98                millis64
                0x0001baec                micros64
                0x0001bb44                millis
                0x0001bb58                micros
                0x0001bb6c                delay
                0x0001bb84                delayMicroseconds
                0x0001bbbc                rtc_config
 .text          0x0001bc08      0x5dc _build/twi_master.o
                0x0001bc3c                twi_master_init
                0x0001bca4                twi_master_transfer
 .text          0x0001c1e4      0x288 _build/uart_comm2.o
                0x0001c264                simple_uart_get
                0x0001c294                simple_uart_get_with_timeout
                0x0001c30c                simple_uart_put
                0x0001c348                simple_uart_putstring
                0x0001c39c                simple_uart_config
 .text          0x0001c46c       0x5c _build/nrf_delay.o
                0x0001c4a0                nrf_delay_ms
 .text          0x0001c4c8      0x754 _build/app_gpiote.o
                0x0001c6d0                GPIOTE_IRQHandler
                0x0001c878                app_gpiote_init
                0x0001c91c                app_gpiote_user_register
                0x0001c9e8                app_gpiote_user_enable
                0x0001cb40                app_gpiote_user_disable
                0x0001cbb8                app_gpiote_pins_state_get
 .text          0x0001cc1c      0x5b0 _build/ble_hrs_c.o
                0x0001d030                ble_hrs_c_init
                0x0001d0a0                ble_hrs_c_on_ble_evt
                0x0001d19c                ble_hrs_c_hrm_notif_enable
 .text          0x0001d1cc       0x48 _build/ble_debug_assert_handler.o
                0x0001d1cc                ble_debug_assert_handler
 .text          0x0001d214     0x14b0 _build/pstorage.o
                0x0001d680                pstorage_sys_event_handler
                0x0001dd5c                pstorage_init
                0x0001de88                pstorage_register
                0x0001e094                pstorage_block_identifier_get
                0x0001e17c                pstorage_store
                0x0001e2c8                pstorage_update
                0x0001e414                pstorage_load
                0x0001e584                pstorage_clear
                0x0001e684                pstorage_access_status_get
 .text          0x0001e6c4     0x3070 _build/device_manager_central.o
                0x0001f4ec                initiate_security_request
                0x0001f9f4                dm_init
                0x0001fb84                dm_register
                0x0001fc34                dm_security_setup_req
                0x0001fe88                dm_security_status_req
                0x0001ffa8                dm_whitelist_create
                0x00020188                dm_device_add
                0x000201a0                dm_device_delete
                0x00020240                dm_device_delete_all
                0x000202e0                dm_service_context_set
                0x00020430                dm_service_context_get
                0x00020580                dm_service_context_delete
                0x00020620                dm_application_context_set
                0x000207a0                dm_application_context_get
                0x000208e0                dm_application_context_delete
                0x000209e8                dm_application_instance_set
                0x00020a5c                dm_handle_initialize
                0x00020a94                dm_peer_addr_set
                0x00020b8c                dm_peer_addr_get
                0x00020ca8                dm_distributed_keys_get
                0x00020df4                dm_ble_evt_handler
 .text          0x00021734      0x618 _build/softdevice_handler.o
                0x00021ac0                softdevice_assertion_handler
                0x00021ae8                intern_softdevice_events_execute
                0x00021c00                softdevice_handler_init
                0x00021c8c                softdevice_handler_sd_disable
                0x00021cb4                softdevice_ble_evt_handler_set
                0x00021cdc                softdevice_sys_evt_handler_set
                0x00021d04                SWI2_IRQHandler
 .text          0x00021d4c      0xd54 _build/ble_db_discovery.o
                0x00022868                ble_db_discovery_init
                0x0002289c                ble_db_discovery_close
                0x000228d0                ble_db_discovery_evt_register
                0x00022928                ble_db_discovery_start
                0x000229fc                ble_db_discovery_on_ble_evt
 .text          0x00022aa0       0x9c c:/development/ble/nordic_dev_6/nrf51822_sdk/arm-gcc/bin/../lib/gcc/arm-none-eabi/4.7.4/armv6-m\libgcc.a(_udivsi3.o)
                0x00022aa0                __aeabi_uidiv
                0x00022aa0                __udivsi3
                0x00022b28                __aeabi_uidivmod
 .text          0x00022b3c       0xc0 c:/development/ble/nordic_dev_6/nrf51822_sdk/arm-gcc/bin/../lib/gcc/arm-none-eabi/4.7.4/armv6-m\libgcc.a(_divsi3.o)
                0x00022b3c                __divsi3
                0x00022b3c                __aeabi_idiv
                0x00022be8                __aeabi_idivmod
 .text          0x00022bfc        0x4 c:/development/ble/nordic_dev_6/nrf51822_sdk/arm-gcc/bin/../lib/gcc/arm-none-eabi/4.7.4/armv6-m\libgcc.a(_dvmd_tls.o)
                0x00022bfc                __aeabi_idiv0
                0x00022bfc                __aeabi_ldiv0
 .text          0x00022c00       0x44 c:/development/ble/nordic_dev_6/nrf51822_sdk/arm-gcc/bin/../lib/gcc/arm-none-eabi/4.7.4/armv6-m\libgcc.a(_muldi3.o)
                0x00022c00                __muldi3
                0x00022c00                __aeabi_lmul
 .text          0x00022c44        0x0 c:/development/ble/nordic_dev_6/nrf51822_sdk/arm-gcc/bin/../lib/gcc/arm-none-eabi/4.7.4/../../../../arm-none-eabi/lib/armv6-m\libc_s.a(lib_a-memcmp.o)
 .text.memcmp   0x00022c44       0x1e c:/development/ble/nordic_dev_6/nrf51822_sdk/arm-gcc/bin/../lib/gcc/arm-none-eabi/4.7.4/../../../../arm-none-eabi/lib/armv6-m\libc_s.a(lib_a-memcmp.o)
                0x00022c44                memcmp
 .text          0x00022c62        0x0 c:/development/ble/nordic_dev_6/nrf51822_sdk/arm-gcc/bin/../lib/gcc/arm-none-eabi/4.7.4/../../../../arm-none-eabi/lib/armv6-m\libc_s.a(lib_a-memcpy.o)
 .text.memcpy   0x00022c62       0x12 c:/development/ble/nordic_dev_6/nrf51822_sdk/arm-gcc/bin/../lib/gcc/arm-none-eabi/4.7.4/../../../../arm-none-eabi/lib/armv6-m\libc_s.a(lib_a-memcpy.o)
                0x00022c62                memcpy
 .text          0x00022c74        0x0 c:/development/ble/nordic_dev_6/nrf51822_sdk/arm-gcc/bin/../lib/gcc/arm-none-eabi/4.7.4/../../../../arm-none-eabi/lib/armv6-m\libc_s.a(lib_a-printf.o)
 .text._printf_r
                0x00022c74       0x28 c:/development/ble/nordic_dev_6/nrf51822_sdk/arm-gcc/bin/../lib/gcc/arm-none-eabi/4.7.4/../../../../arm-none-eabi/lib/armv6-m\libc_s.a(lib_a-printf.o)
                0x00022c74                _iprintf_r
                0x00022c74                _printf_r
 .text.printf   0x00022c9c       0x34 c:/development/ble/nordic_dev_6/nrf51822_sdk/arm-gcc/bin/../lib/gcc/arm-none-eabi/4.7.4/../../../../arm-none-eabi/lib/armv6-m\libc_s.a(lib_a-printf.o)
                0x00022c9c                iprintf
                0x00022c9c                printf
 .text          0x00022cd0        0x0 c:/development/ble/nordic_dev_6/nrf51822_sdk/arm-gcc/bin/../lib/gcc/arm-none-eabi/4.7.4/../../../../arm-none-eabi/lib/armv6-m\libc_s.a(lib_a-puts.o)
 .text._puts_r  0x00022cd0       0x32 c:/development/ble/nordic_dev_6/nrf51822_sdk/arm-gcc/bin/../lib/gcc/arm-none-eabi/4.7.4/../../../../arm-none-eabi/lib/armv6-m\libc_s.a(lib_a-puts.o)
                0x00022cd0                _puts_r
 *fill*         0x00022d02        0x2 00
 .text.puts     0x00022d04       0x38 c:/development/ble/nordic_dev_6/nrf51822_sdk/arm-gcc/bin/../lib/gcc/arm-none-eabi/4.7.4/../../../../arm-none-eabi/lib/armv6-m\libc_s.a(lib_a-puts.o)
                0x00022d04                puts
 .text          0x00022d3c        0x0 c:/development/ble/nordic_dev_6/nrf51822_sdk/arm-gcc/bin/../lib/gcc/arm-none-eabi/4.7.4/../../../../arm-none-eabi/lib/armv6-m\libc_s.a(lib_a-strcmp.o)
 .text.strcmp   0x00022d3c       0x14 c:/development/ble/nordic_dev_6/nrf51822_sdk/arm-gcc/bin/../lib/gcc/arm-none-eabi/4.7.4/../../../../arm-none-eabi/lib/armv6-m\libc_s.a(lib_a-strcmp.o)
                0x00022d3c                strcmp
 .text          0x00022d50        0x0 c:/development/ble/nordic_dev_6/nrf51822_sdk/arm-gcc/bin/../lib/gcc/arm-none-eabi/4.7.4/../../../../arm-none-eabi/lib/armv6-m\libc_s.a(lib_a-strcpy.o)
 .text.strcpy   0x00022d50       0x10 c:/development/ble/nordic_dev_6/nrf51822_sdk/arm-gcc/bin/../lib/gcc/arm-none-eabi/4.7.4/../../../../arm-none-eabi/lib/armv6-m\libc_s.a(lib_a-strcpy.o)
                0x00022d50                strcpy
 .text          0x00022d60        0x0 c:/development/ble/nordic_dev_6/nrf51822_sdk/arm-gcc/bin/../lib/gcc/arm-none-eabi/4.7.4/../../../../arm-none-eabi/lib/armv6-m\libc_s.a(lib_a-strncpy.o)
 .text.strncpy  0x00022d60       0x26 c:/development/ble/nordic_dev_6/nrf51822_sdk/arm-gcc/bin/../lib/gcc/arm-none-eabi/4.7.4/../../../../arm-none-eabi/lib/armv6-m\libc_s.a(lib_a-strncpy.o)
                0x00022d60                strncpy
 .text          0x00022d86        0x0 c:/development/ble/nordic_dev_6/nrf51822_sdk/arm-gcc/bin/../lib/gcc/arm-none-eabi/4.7.4/../../../../arm-none-eabi/lib/armv6-m\libc_s.a(lib_a-vfprintf.o)
 .text.__sfputc_r
                0x00022d86       0x2a c:/development/ble/nordic_dev_6/nrf51822_sdk/arm-gcc/bin/../lib/gcc/arm-none-eabi/4.7.4/../../../../arm-none-eabi/lib/armv6-m\libc_s.a(lib_a-vfprintf.o)
                0x00022d86                __sfputc_r
 .text.__sprint_r
                0x00022db0       0x68 c:/development/ble/nordic_dev_6/nrf51822_sdk/arm-gcc/bin/../lib/gcc/arm-none-eabi/4.7.4/../../../../arm-none-eabi/lib/armv6-m\libc_s.a(lib_a-vfprintf.o)
                0x00022db0                __sprint_r
 .text._vfprintf_r
                0x00022e18      0x23c c:/development/ble/nordic_dev_6/nrf51822_sdk/arm-gcc/bin/../lib/gcc/arm-none-eabi/4.7.4/../../../../arm-none-eabi/lib/armv6-m\libc_s.a(lib_a-vfprintf.o)
                0x00022e18                _vfprintf_r
                0x00022e18                _vfiprintf_r
 .text.vfprintf
                0x00023054       0x1c c:/development/ble/nordic_dev_6/nrf51822_sdk/arm-gcc/bin/../lib/gcc/arm-none-eabi/4.7.4/../../../../arm-none-eabi/lib/armv6-m\libc_s.a(lib_a-vfprintf.o)
                0x00023054                vfprintf
                0x00023054                vfiprintf
 .text          0x00023070        0x0 c:/development/ble/nordic_dev_6/nrf51822_sdk/arm-gcc/bin/../lib/gcc/arm-none-eabi/4.7.4/../../../../arm-none-eabi/lib/armv6-m\libc_s.a(lib_a-vfprintf_i.o)
 .text._printf_common
                0x00023070       0xe0 c:/development/ble/nordic_dev_6/nrf51822_sdk/arm-gcc/bin/../lib/gcc/arm-none-eabi/4.7.4/../../../../arm-none-eabi/lib/armv6-m\libc_s.a(lib_a-vfprintf_i.o)
                0x00023070                _printf_common
 .text._printf_i
                0x00023150      0x238 c:/development/ble/nordic_dev_6/nrf51822_sdk/arm-gcc/bin/../lib/gcc/arm-none-eabi/4.7.4/../../../../arm-none-eabi/lib/armv6-m\libc_s.a(lib_a-vfprintf_i.o)
                0x00023150                _printf_i
 .text          0x00023388        0x0 c:/development/ble/nordic_dev_6/nrf51822_sdk/arm-gcc/bin/../lib/gcc/arm-none-eabi/4.7.4/../../../../arm-none-eabi/lib/armv6-m\libc_s.a(lib_a-wbuf.o)
 .text.__swbuf_r
                0x00023388       0xbc c:/development/ble/nordic_dev_6/nrf51822_sdk/arm-gcc/bin/../lib/gcc/arm-none-eabi/4.7.4/../../../../arm-none-eabi/lib/armv6-m\libc_s.a(lib_a-wbuf.o)
                0x00023388                __swbuf_r
 .text.__swbuf  0x00023444       0x18 c:/development/ble/nordic_dev_6/nrf51822_sdk/arm-gcc/bin/../lib/gcc/arm-none-eabi/4.7.4/../../../../arm-none-eabi/lib/armv6-m\libc_s.a(lib_a-wbuf.o)
                0x00023444                __swbuf
 .text          0x0002345c        0x0 c:/development/ble/nordic_dev_6/nrf51822_sdk/arm-gcc/bin/../lib/gcc/arm-none-eabi/4.7.4/../../../../arm-none-eabi/lib/armv6-m\libc_s.a(lib_a-wsetup.o)
 .text.__swsetup_r
                0x0002345c       0xd8 c:/development/ble/nordic_dev_6/nrf51822_sdk/arm-gcc/bin/../lib/gcc/arm-none-eabi/4.7.4/../../../../arm-none-eabi/lib/armv6-m\libc_s.a(lib_a-wsetup.o)
                0x0002345c                __swsetup_r
 .text          0x00023534        0x0 c:/development/ble/nordic_dev_6/nrf51822_sdk/arm-gcc/bin/../lib/gcc/arm-none-eabi/4.7.4/../../../../arm-none-eabi/lib/armv6-m\libc_s.a(lib_a-fflush.o)
 .text._fflush_r
                0x00023534      0x154 c:/development/ble/nordic_dev_6/nrf51822_sdk/arm-gcc/bin/../lib/gcc/arm-none-eabi/4.7.4/../../../../arm-none-eabi/lib/armv6-m\libc_s.a(lib_a-fflush.o)
                0x00023534                _fflush_r
 .text.fflush   0x00023688       0x28 c:/development/ble/nordic_dev_6/nrf51822_sdk/arm-gcc/bin/../lib/gcc/arm-none-eabi/4.7.4/../../../../arm-none-eabi/lib/armv6-m\libc_s.a(lib_a-fflush.o)
                0x00023688                fflush
 .text          0x000236b0        0x0 c:/development/ble/nordic_dev_6/nrf51822_sdk/arm-gcc/bin/../lib/gcc/arm-none-eabi/4.7.4/../../../../arm-none-eabi/lib/armv6-m\libc_s.a(lib_a-findfp.o)
 .text.__fp_lock
                0x000236b0        0x4 c:/development/ble/nordic_dev_6/nrf51822_sdk/arm-gcc/bin/../lib/gcc/arm-none-eabi/4.7.4/../../../../arm-none-eabi/lib/armv6-m\libc_s.a(lib_a-findfp.o)
 .text.__fp_unlock
                0x000236b4        0x4 c:/development/ble/nordic_dev_6/nrf51822_sdk/arm-gcc/bin/../lib/gcc/arm-none-eabi/4.7.4/../../../../arm-none-eabi/lib/armv6-m\libc_s.a(lib_a-findfp.o)
 .text._cleanup_r
                0x000236b8       0x36 c:/development/ble/nordic_dev_6/nrf51822_sdk/arm-gcc/bin/../lib/gcc/arm-none-eabi/4.7.4/../../../../arm-none-eabi/lib/armv6-m\libc_s.a(lib_a-findfp.o)
                0x000236b8                _cleanup_r
 *fill*         0x000236ee        0x2 00
 .text.std.isra.0
                0x000236f0       0x48 c:/development/ble/nordic_dev_6/nrf51822_sdk/arm-gcc/bin/../lib/gcc/arm-none-eabi/4.7.4/../../../../arm-none-eabi/lib/armv6-m\libc_s.a(lib_a-findfp.o)
 .text.__sfmoreglue
                0x00023738       0x28 c:/development/ble/nordic_dev_6/nrf51822_sdk/arm-gcc/bin/../lib/gcc/arm-none-eabi/4.7.4/../../../../arm-none-eabi/lib/armv6-m\libc_s.a(lib_a-findfp.o)
                0x00023738                __sfmoreglue
 .text._cleanup
                0x00023760       0x10 c:/development/ble/nordic_dev_6/nrf51822_sdk/arm-gcc/bin/../lib/gcc/arm-none-eabi/4.7.4/../../../../arm-none-eabi/lib/armv6-m\libc_s.a(lib_a-findfp.o)
                0x00023760                _cleanup
 .text.__sinit  0x00023770       0x54 c:/development/ble/nordic_dev_6/nrf51822_sdk/arm-gcc/bin/../lib/gcc/arm-none-eabi/4.7.4/../../../../arm-none-eabi/lib/armv6-m\libc_s.a(lib_a-findfp.o)
                0x00023770                __sinit
 .text.__sfp    0x000237c4       0x80 c:/development/ble/nordic_dev_6/nrf51822_sdk/arm-gcc/bin/../lib/gcc/arm-none-eabi/4.7.4/../../../../arm-none-eabi/lib/armv6-m\libc_s.a(lib_a-findfp.o)
                0x000237c4                __sfp
 .text.__sfp_lock_acquire
                0x00023844        0x2 c:/development/ble/nordic_dev_6/nrf51822_sdk/arm-gcc/bin/../lib/gcc/arm-none-eabi/4.7.4/../../../../arm-none-eabi/lib/armv6-m\libc_s.a(lib_a-findfp.o)
                0x00023844                __sfp_lock_acquire
 .text.__sfp_lock_release
                0x00023846        0x2 c:/development/ble/nordic_dev_6/nrf51822_sdk/arm-gcc/bin/../lib/gcc/arm-none-eabi/4.7.4/../../../../arm-none-eabi/lib/armv6-m\libc_s.a(lib_a-findfp.o)
                0x00023846                __sfp_lock_release
 .text.__sinit_lock_acquire
                0x00023848        0x2 c:/development/ble/nordic_dev_6/nrf51822_sdk/arm-gcc/bin/../lib/gcc/arm-none-eabi/4.7.4/../../../../arm-none-eabi/lib/armv6-m\libc_s.a(lib_a-findfp.o)
                0x00023848                __sinit_lock_acquire
 .text.__sinit_lock_release
                0x0002384a        0x2 c:/development/ble/nordic_dev_6/nrf51822_sdk/arm-gcc/bin/../lib/gcc/arm-none-eabi/4.7.4/../../../../arm-none-eabi/lib/armv6-m\libc_s.a(lib_a-findfp.o)
                0x0002384a                __sinit_lock_release
 .text.__fp_lock_all
                0x0002384c       0x18 c:/development/ble/nordic_dev_6/nrf51822_sdk/arm-gcc/bin/../lib/gcc/arm-none-eabi/4.7.4/../../../../arm-none-eabi/lib/armv6-m\libc_s.a(lib_a-findfp.o)
                0x0002384c                __fp_lock_all
 .text.__fp_unlock_all
                0x00023864       0x18 c:/development/ble/nordic_dev_6/nrf51822_sdk/arm-gcc/bin/../lib/gcc/arm-none-eabi/4.7.4/../../../../arm-none-eabi/lib/armv6-m\libc_s.a(lib_a-findfp.o)
                0x00023864                __fp_unlock_all
 .text          0x0002387c        0x0 c:/development/ble/nordic_dev_6/nrf51822_sdk/arm-gcc/bin/../lib/gcc/arm-none-eabi/4.7.4/../../../../arm-none-eabi/lib/armv6-m\libc_s.a(lib_a-fputwc.o)
 .text._fputwc_r
                0x0002387c       0xb6 c:/development/ble/nordic_dev_6/nrf51822_sdk/arm-gcc/bin/../lib/gcc/arm-none-eabi/4.7.4/../../../../arm-none-eabi/lib/armv6-m\libc_s.a(lib_a-fputwc.o)
                0x0002387c                _fputwc_r
 *fill*         0x00023932        0x2 00
 .text.fputwc   0x00023934       0x58 c:/development/ble/nordic_dev_6/nrf51822_sdk/arm-gcc/bin/../lib/gcc/arm-none-eabi/4.7.4/../../../../arm-none-eabi/lib/armv6-m\libc_s.a(lib_a-fputwc.o)
                0x00023934                fputwc
 .text          0x0002398c        0x0 c:/development/ble/nordic_dev_6/nrf51822_sdk/arm-gcc/bin/../lib/gcc/arm-none-eabi/4.7.4/../../../../arm-none-eabi/lib/armv6-m\libc_s.a(lib_a-freer.o)
 .text._free_r  0x0002398c       0x90 c:/development/ble/nordic_dev_6/nrf51822_sdk/arm-gcc/bin/../lib/gcc/arm-none-eabi/4.7.4/../../../../arm-none-eabi/lib/armv6-m\libc_s.a(lib_a-freer.o)
                0x0002398c                _free_r
 .text          0x00023a1c        0x0 c:/development/ble/nordic_dev_6/nrf51822_sdk/arm-gcc/bin/../lib/gcc/arm-none-eabi/4.7.4/../../../../arm-none-eabi/lib/armv6-m\libc_s.a(lib_a-fvwrite.o)
 .text.__sfvwrite_r
                0x00023a1c      0x2bc c:/development/ble/nordic_dev_6/nrf51822_sdk/arm-gcc/bin/../lib/gcc/arm-none-eabi/4.7.4/../../../../arm-none-eabi/lib/armv6-m\libc_s.a(lib_a-fvwrite.o)
                0x00023a1c                __sfvwrite_r
 .text          0x00023cd8        0x0 c:/development/ble/nordic_dev_6/nrf51822_sdk/arm-gcc/bin/../lib/gcc/arm-none-eabi/4.7.4/../../../../arm-none-eabi/lib/armv6-m\libc_s.a(lib_a-fwalk.o)
 .text._fwalk   0x00023cd8       0x42 c:/development/ble/nordic_dev_6/nrf51822_sdk/arm-gcc/bin/../lib/gcc/arm-none-eabi/4.7.4/../../../../arm-none-eabi/lib/armv6-m\libc_s.a(lib_a-fwalk.o)
                0x00023cd8                _fwalk
 .text._fwalk_reent
                0x00023d1a       0x4c c:/development/ble/nordic_dev_6/nrf51822_sdk/arm-gcc/bin/../lib/gcc/arm-none-eabi/4.7.4/../../../../arm-none-eabi/lib/armv6-m\libc_s.a(lib_a-fwalk.o)
                0x00023d1a                _fwalk_reent
 .text          0x00023d66        0x0 c:/development/ble/nordic_dev_6/nrf51822_sdk/arm-gcc/bin/../lib/gcc/arm-none-eabi/4.7.4/../../../../arm-none-eabi/lib/armv6-m\libc_s.a(lib_a-locale.o)
 *fill*         0x00023d66        0x2 00
 .text._setlocale_r
                0x00023d68       0x44 c:/development/ble/nordic_dev_6/nrf51822_sdk/arm-gcc/bin/../lib/gcc/arm-none-eabi/4.7.4/../../../../arm-none-eabi/lib/armv6-m\libc_s.a(lib_a-locale.o)
                0x00023d68                _setlocale_r
 .text.__locale_charset
                0x00023dac        0x8 c:/development/ble/nordic_dev_6/nrf51822_sdk/arm-gcc/bin/../lib/gcc/arm-none-eabi/4.7.4/../../../../arm-none-eabi/lib/armv6-m\libc_s.a(lib_a-locale.o)
                0x00023dac                __locale_charset
 .text.__locale_mb_cur_max
                0x00023db4        0xc c:/development/ble/nordic_dev_6/nrf51822_sdk/arm-gcc/bin/../lib/gcc/arm-none-eabi/4.7.4/../../../../arm-none-eabi/lib/armv6-m\libc_s.a(lib_a-locale.o)
                0x00023db4                __locale_mb_cur_max
 .text.__locale_msgcharset
                0x00023dc0        0x8 c:/development/ble/nordic_dev_6/nrf51822_sdk/arm-gcc/bin/../lib/gcc/arm-none-eabi/4.7.4/../../../../arm-none-eabi/lib/armv6-m\libc_s.a(lib_a-locale.o)
                0x00023dc0                __locale_msgcharset
 .text.__locale_cjk_lang
                0x00023dc8        0x4 c:/development/ble/nordic_dev_6/nrf51822_sdk/arm-gcc/bin/../lib/gcc/arm-none-eabi/4.7.4/../../../../arm-none-eabi/lib/armv6-m\libc_s.a(lib_a-locale.o)
                0x00023dc8                __locale_cjk_lang
 .text._localeconv_r
                0x00023dcc        0x8 c:/development/ble/nordic_dev_6/nrf51822_sdk/arm-gcc/bin/../lib/gcc/arm-none-eabi/4.7.4/../../../../arm-none-eabi/lib/armv6-m\libc_s.a(lib_a-locale.o)
                0x00023dcc                _localeconv_r
 .text.setlocale
                0x00023dd4       0x18 c:/development/ble/nordic_dev_6/nrf51822_sdk/arm-gcc/bin/../lib/gcc/arm-none-eabi/4.7.4/../../../../arm-none-eabi/lib/armv6-m\libc_s.a(lib_a-locale.o)
                0x00023dd4                setlocale
 .text.localeconv
                0x00023dec        0x8 c:/development/ble/nordic_dev_6/nrf51822_sdk/arm-gcc/bin/../lib/gcc/arm-none-eabi/4.7.4/../../../../arm-none-eabi/lib/armv6-m\libc_s.a(lib_a-locale.o)
                0x00023dec                localeconv
 .text          0x00023df4        0x0 c:/development/ble/nordic_dev_6/nrf51822_sdk/arm-gcc/bin/../lib/gcc/arm-none-eabi/4.7.4/../../../../arm-none-eabi/lib/armv6-m\libc_s.a(lib_a-makebuf.o)
 .text.__smakebuf_r
                0x00023df4       0xa0 c:/development/ble/nordic_dev_6/nrf51822_sdk/arm-gcc/bin/../lib/gcc/arm-none-eabi/4.7.4/../../../../arm-none-eabi/lib/armv6-m\libc_s.a(lib_a-makebuf.o)
                0x00023df4                __smakebuf_r
 .text          0x00023e94        0x0 c:/development/ble/nordic_dev_6/nrf51822_sdk/arm-gcc/bin/../lib/gcc/arm-none-eabi/4.7.4/../../../../arm-none-eabi/lib/armv6-m\libc_s.a(lib_a-mallocr.o)
 .text._malloc_r
                0x00023e94       0x94 c:/development/ble/nordic_dev_6/nrf51822_sdk/arm-gcc/bin/../lib/gcc/arm-none-eabi/4.7.4/../../../../arm-none-eabi/lib/armv6-m\libc_s.a(lib_a-mallocr.o)
                0x00023e94                _malloc_r
 .text          0x00023f28        0x0 c:/development/ble/nordic_dev_6/nrf51822_sdk/arm-gcc/bin/../lib/gcc/arm-none-eabi/4.7.4/../../../../arm-none-eabi/lib/armv6-m\libc_s.a(lib_a-memchr.o)
 .text.memchr   0x00023f28       0x16 c:/development/ble/nordic_dev_6/nrf51822_sdk/arm-gcc/bin/../lib/gcc/arm-none-eabi/4.7.4/../../../../arm-none-eabi/lib/armv6-m\libc_s.a(lib_a-memchr.o)
                0x00023f28                memchr
 .text          0x00023f3e        0x0 c:/development/ble/nordic_dev_6/nrf51822_sdk/arm-gcc/bin/../lib/gcc/arm-none-eabi/4.7.4/../../../../arm-none-eabi/lib/armv6-m\libc_s.a(lib_a-memmove.o)
 .text.memmove  0x00023f3e       0x30 c:/development/ble/nordic_dev_6/nrf51822_sdk/arm-gcc/bin/../lib/gcc/arm-none-eabi/4.7.4/../../../../arm-none-eabi/lib/armv6-m\libc_s.a(lib_a-memmove.o)
                0x00023f3e                memmove
 .text          0x00023f6e        0x0 c:/development/ble/nordic_dev_6/nrf51822_sdk/arm-gcc/bin/../lib/gcc/arm-none-eabi/4.7.4/../../../../arm-none-eabi/lib/armv6-m\libc_s.a(lib_a-putc.o)
 *fill*         0x00023f6e        0x2 00
 .text._putc_r  0x00023f70       0x7c c:/development/ble/nordic_dev_6/nrf51822_sdk/arm-gcc/bin/../lib/gcc/arm-none-eabi/4.7.4/../../../../arm-none-eabi/lib/armv6-m\libc_s.a(lib_a-putc.o)
                0x00023f70                _putc_r
 .text.putc     0x00023fec       0x18 c:/development/ble/nordic_dev_6/nrf51822_sdk/arm-gcc/bin/../lib/gcc/arm-none-eabi/4.7.4/../../../../arm-none-eabi/lib/armv6-m\libc_s.a(lib_a-putc.o)
                0x00023fec                putc
 .text          0x00024004        0x0 c:/development/ble/nordic_dev_6/nrf51822_sdk/arm-gcc/bin/../lib/gcc/arm-none-eabi/4.7.4/../../../../arm-none-eabi/lib/armv6-m\libc_s.a(lib_a-reallocr.o)
 .text._realloc_r
                0x00024004       0x4c c:/development/ble/nordic_dev_6/nrf51822_sdk/arm-gcc/bin/../lib/gcc/arm-none-eabi/4.7.4/../../../../arm-none-eabi/lib/armv6-m\libc_s.a(lib_a-reallocr.o)
                0x00024004                _realloc_r
 .text          0x00024050        0x0 c:/development/ble/nordic_dev_6/nrf51822_sdk/arm-gcc/bin/../lib/gcc/arm-none-eabi/4.7.4/../../../../arm-none-eabi/lib/armv6-m\libc_s.a(lib_a-sbrkr.o)
 .text._sbrk_r  0x00024050       0x24 c:/development/ble/nordic_dev_6/nrf51822_sdk/arm-gcc/bin/../lib/gcc/arm-none-eabi/4.7.4/../../../../arm-none-eabi/lib/armv6-m\libc_s.a(lib_a-sbrkr.o)
                0x00024050                _sbrk_r
 .text          0x00024074        0x0 c:/development/ble/nordic_dev_6/nrf51822_sdk/arm-gcc/bin/../lib/gcc/arm-none-eabi/4.7.4/../../../../arm-none-eabi/lib/armv6-m\libc_s.a(lib_a-stdio.o)
 .text.__sread  0x00024074       0x28 c:/development/ble/nordic_dev_6/nrf51822_sdk/arm-gcc/bin/../lib/gcc/arm-none-eabi/4.7.4/../../../../arm-none-eabi/lib/armv6-m\libc_s.a(lib_a-stdio.o)
                0x00024074                __sread
 .text.__seofread
                0x0002409c        0x4 c:/development/ble/nordic_dev_6/nrf51822_sdk/arm-gcc/bin/../lib/gcc/arm-none-eabi/4.7.4/../../../../arm-none-eabi/lib/armv6-m\libc_s.a(lib_a-stdio.o)
                0x0002409c                __seofread
 .text.__swrite
                0x000240a0       0x38 c:/development/ble/nordic_dev_6/nrf51822_sdk/arm-gcc/bin/../lib/gcc/arm-none-eabi/4.7.4/../../../../arm-none-eabi/lib/armv6-m\libc_s.a(lib_a-stdio.o)
                0x000240a0                __swrite
 .text.__sseek  0x000240d8       0x2c c:/development/ble/nordic_dev_6/nrf51822_sdk/arm-gcc/bin/../lib/gcc/arm-none-eabi/4.7.4/../../../../arm-none-eabi/lib/armv6-m\libc_s.a(lib_a-stdio.o)
                0x000240d8                __sseek
 .text.__sclose
                0x00024104        0xc c:/development/ble/nordic_dev_6/nrf51822_sdk/arm-gcc/bin/../lib/gcc/arm-none-eabi/4.7.4/../../../../arm-none-eabi/lib/armv6-m\libc_s.a(lib_a-stdio.o)
                0x00024104                __sclose
 .text          0x00024110        0x0 c:/development/ble/nordic_dev_6/nrf51822_sdk/arm-gcc/bin/../lib/gcc/arm-none-eabi/4.7.4/../../../../arm-none-eabi/lib/armv6-m\libc_s.a(lib_a-strlen.o)
 .text.strlen   0x00024110        0xe c:/development/ble/nordic_dev_6/nrf51822_sdk/arm-gcc/bin/../lib/gcc/arm-none-eabi/4.7.4/../../../../arm-none-eabi/lib/armv6-m\libc_s.a(lib_a-strlen.o)
                0x00024110                strlen
 .text          0x0002411e        0x0 c:/development/ble/nordic_dev_6/nrf51822_sdk/arm-gcc/bin/../lib/gcc/arm-none-eabi/4.7.4/../../../../arm-none-eabi/lib/armv6-m\libc_s.a(lib_a-wcrtomb.o)
 *fill*         0x0002411e        0x2 00
 .text._wcrtomb_r
                0x00024120       0x48 c:/development/ble/nordic_dev_6/nrf51822_sdk/arm-gcc/bin/../lib/gcc/arm-none-eabi/4.7.4/../../../../arm-none-eabi/lib/armv6-m\libc_s.a(lib_a-wcrtomb.o)
                0x00024120                _wcrtomb_r
 .text.wcrtomb  0x00024168       0x1c c:/development/ble/nordic_dev_6/nrf51822_sdk/arm-gcc/bin/../lib/gcc/arm-none-eabi/4.7.4/../../../../arm-none-eabi/lib/armv6-m\libc_s.a(lib_a-wcrtomb.o)
                0x00024168                wcrtomb
 .text          0x00024184        0x0 c:/development/ble/nordic_dev_6/nrf51822_sdk/arm-gcc/bin/../lib/gcc/arm-none-eabi/4.7.4/../../../../arm-none-eabi/lib/armv6-m\libc_s.a(lib_a-wctomb_r.o)
 .text.__ascii_wctomb
                0x00024184       0x1c c:/development/ble/nordic_dev_6/nrf51822_sdk/arm-gcc/bin/../lib/gcc/arm-none-eabi/4.7.4/../../../../arm-none-eabi/lib/armv6-m\libc_s.a(lib_a-wctomb_r.o)
                0x00024184                __ascii_wctomb
 .text._wctomb_r
                0x000241a0       0x28 c:/development/ble/nordic_dev_6/nrf51822_sdk/arm-gcc/bin/../lib/gcc/arm-none-eabi/4.7.4/../../../../arm-none-eabi/lib/armv6-m\libc_s.a(lib_a-wctomb_r.o)
                0x000241a0                _wctomb_r
 .text          0x000241c8        0x0 c:/development/ble/nordic_dev_6/nrf51822_sdk/arm-gcc/bin/../lib/gcc/arm-none-eabi/4.7.4/../../../../arm-none-eabi/lib/armv6-m\libc_s.a(lib_a-writer.o)
 .text._write_r
                0x000241c8       0x28 c:/development/ble/nordic_dev_6/nrf51822_sdk/arm-gcc/bin/../lib/gcc/arm-none-eabi/4.7.4/../../../../arm-none-eabi/lib/armv6-m\libc_s.a(lib_a-writer.o)
                0x000241c8                _write_r
 .text          0x000241f0        0x0 c:/development/ble/nordic_dev_6/nrf51822_sdk/arm-gcc/bin/../lib/gcc/arm-none-eabi/4.7.4/../../../../arm-none-eabi/lib/armv6-m\libc_s.a(lib_a-closer.o)
 .text._close_r
                0x000241f0       0x24 c:/development/ble/nordic_dev_6/nrf51822_sdk/arm-gcc/bin/../lib/gcc/arm-none-eabi/4.7.4/../../../../arm-none-eabi/lib/armv6-m\libc_s.a(lib_a-closer.o)
                0x000241f0                _close_r
 .text          0x00024214        0x0 c:/development/ble/nordic_dev_6/nrf51822_sdk/arm-gcc/bin/../lib/gcc/arm-none-eabi/4.7.4/../../../../arm-none-eabi/lib/armv6-m\libc_s.a(lib_a-fstatr.o)
 .text._fstat_r
                0x00024214       0x24 c:/development/ble/nordic_dev_6/nrf51822_sdk/arm-gcc/bin/../lib/gcc/arm-none-eabi/4.7.4/../../../../arm-none-eabi/lib/armv6-m\libc_s.a(lib_a-fstatr.o)
                0x00024214                _fstat_r
 .text          0x00024238        0x0 c:/development/ble/nordic_dev_6/nrf51822_sdk/arm-gcc/bin/../lib/gcc/arm-none-eabi/4.7.4/../../../../arm-none-eabi/lib/armv6-m\libc_s.a(lib_a-isattyr.o)
 .text._isatty_r
                0x00024238       0x24 c:/development/ble/nordic_dev_6/nrf51822_sdk/arm-gcc/bin/../lib/gcc/arm-none-eabi/4.7.4/../../../../arm-none-eabi/lib/armv6-m\libc_s.a(lib_a-isattyr.o)
                0x00024238                _isatty_r
 .text          0x0002425c        0x0 c:/development/ble/nordic_dev_6/nrf51822_sdk/arm-gcc/bin/../lib/gcc/arm-none-eabi/4.7.4/../../../../arm-none-eabi/lib/armv6-m\libc_s.a(lib_a-lseekr.o)
 .text._lseek_r
                0x0002425c       0x28 c:/development/ble/nordic_dev_6/nrf51822_sdk/arm-gcc/bin/../lib/gcc/arm-none-eabi/4.7.4/../../../../arm-none-eabi/lib/armv6-m\libc_s.a(lib_a-lseekr.o)
                0x0002425c                _lseek_r
 .text          0x00024284        0x0 c:/development/ble/nordic_dev_6/nrf51822_sdk/arm-gcc/bin/../lib/gcc/arm-none-eabi/4.7.4/../../../../arm-none-eabi/lib/armv6-m\libc_s.a(lib_a-msizer.o)
 .text._malloc_usable_size_r
                0x00024284       0x12 c:/development/ble/nordic_dev_6/nrf51822_sdk/arm-gcc/bin/../lib/gcc/arm-none-eabi/4.7.4/../../../../arm-none-eabi/lib/armv6-m\libc_s.a(lib_a-msizer.o)
                0x00024284                _malloc_usable_size_r
 .text          0x00024296        0x0 c:/development/ble/nordic_dev_6/nrf51822_sdk/arm-gcc/bin/../lib/gcc/arm-none-eabi/4.7.4/../../../../arm-none-eabi/lib/armv6-m\libc_s.a(lib_a-readr.o)
 *fill*         0x00024296        0x2 00
 .text._read_r  0x00024298       0x28 c:/development/ble/nordic_dev_6/nrf51822_sdk/arm-gcc/bin/../lib/gcc/arm-none-eabi/4.7.4/../../../../arm-none-eabi/lib/armv6-m\libc_s.a(lib_a-readr.o)
                0x00024298                _read_r
 .text          0x000242c0        0x0 c:/development/ble/nordic_dev_6/nrf51822_sdk/arm-gcc/bin/../lib/gcc/arm-none-eabi/4.7.4/../../../../arm-none-eabi/lib/armv6-m\libc_s.a(lib_a-reent.o)
 .text.cleanup_glue
                0x000242c0       0x1a c:/development/ble/nordic_dev_6/nrf51822_sdk/arm-gcc/bin/../lib/gcc/arm-none-eabi/4.7.4/../../../../arm-none-eabi/lib/armv6-m\libc_s.a(lib_a-reent.o)
                0x000242c0                cleanup_glue
 *fill*         0x000242da        0x2 00
 .text._reclaim_reent
                0x000242dc       0xc0 c:/development/ble/nordic_dev_6/nrf51822_sdk/arm-gcc/bin/../lib/gcc/arm-none-eabi/4.7.4/../../../../arm-none-eabi/lib/armv6-m\libc_s.a(lib_a-reent.o)
                0x000242dc                _reclaim_reent
 .text._wrapup_reent
                0x0002439c       0x34 c:/development/ble/nordic_dev_6/nrf51822_sdk/arm-gcc/bin/../lib/gcc/arm-none-eabi/4.7.4/../../../../arm-none-eabi/lib/armv6-m\libc_s.a(lib_a-reent.o)
                0x0002439c                _wrapup_reent
 .text          0x000243d0        0x0 c:/development/ble/nordic_dev_6/nrf51822_sdk/arm-gcc/bin/../lib/gcc/arm-none-eabi/4.7.4/armv6-m/crtend.o
 .text          0x000243d0        0x0 c:/development/ble/nordic_dev_6/nrf51822_sdk/arm-gcc/bin/../lib/gcc/arm-none-eabi/4.7.4/armv6-m/crtn.o
 .text          0x000243d0        0x0 c:/development/ble/nordic_dev_6/nrf51822_sdk/arm-gcc/bin/../lib/gcc/arm-none-eabi/4.7.4/../../../../arm-none-eabi/lib/armv6-m\libnosys.a(close.o)
 .text._close   0x000243d0       0x10 c:/development/ble/nordic_dev_6/nrf51822_sdk/arm-gcc/bin/../lib/gcc/arm-none-eabi/4.7.4/../../../../arm-none-eabi/lib/armv6-m\libnosys.a(close.o)
                0x000243d0                _close
 .text          0x000243e0        0x0 c:/development/ble/nordic_dev_6/nrf51822_sdk/arm-gcc/bin/../lib/gcc/arm-none-eabi/4.7.4/../../../../arm-none-eabi/lib/armv6-m\libnosys.a(fstat.o)
 .text._fstat   0x000243e0       0x10 c:/development/ble/nordic_dev_6/nrf51822_sdk/arm-gcc/bin/../lib/gcc/arm-none-eabi/4.7.4/../../../../arm-none-eabi/lib/armv6-m\libnosys.a(fstat.o)
                0x000243e0                _fstat
 .text          0x000243f0        0x0 c:/development/ble/nordic_dev_6/nrf51822_sdk/arm-gcc/bin/../lib/gcc/arm-none-eabi/4.7.4/../../../../arm-none-eabi/lib/armv6-m\libnosys.a(isatty.o)
 .text._isatty  0x000243f0       0x10 c:/development/ble/nordic_dev_6/nrf51822_sdk/arm-gcc/bin/../lib/gcc/arm-none-eabi/4.7.4/../../../../arm-none-eabi/lib/armv6-m\libnosys.a(isatty.o)
                0x000243f0                _isatty
 .text          0x00024400        0x0 c:/development/ble/nordic_dev_6/nrf51822_sdk/arm-gcc/bin/../lib/gcc/arm-none-eabi/4.7.4/../../../../arm-none-eabi/lib/armv6-m\libnosys.a(lseek.o)
 .text._lseek   0x00024400       0x10 c:/development/ble/nordic_dev_6/nrf51822_sdk/arm-gcc/bin/../lib/gcc/arm-none-eabi/4.7.4/../../../../arm-none-eabi/lib/armv6-m\libnosys.a(lseek.o)
                0x00024400                _lseek
 .text          0x00024410        0x0 c:/development/ble/nordic_dev_6/nrf51822_sdk/arm-gcc/bin/../lib/gcc/arm-none-eabi/4.7.4/../../../../arm-none-eabi/lib/armv6-m\libnosys.a(read.o)
 .text._read    0x00024410       0x10 c:/development/ble/nordic_dev_6/nrf51822_sdk/arm-gcc/bin/../lib/gcc/arm-none-eabi/4.7.4/../../../../arm-none-eabi/lib/armv6-m\libnosys.a(read.o)
                0x00024410                _read
 .text          0x00024420        0x0 c:/development/ble/nordic_dev_6/nrf51822_sdk/arm-gcc/bin/../lib/gcc/arm-none-eabi/4.7.4/../../../../arm-none-eabi/lib/armv6-m\libnosys.a(sbrk.o)
 .text._sbrk    0x00024420       0x34 c:/development/ble/nordic_dev_6/nrf51822_sdk/arm-gcc/bin/../lib/gcc/arm-none-eabi/4.7.4/../../../../arm-none-eabi/lib/armv6-m\libnosys.a(sbrk.o)
                0x00024420                _sbrk
 *(.init)
 .init          0x00024454        0x4 c:/development/ble/nordic_dev_6/nrf51822_sdk/arm-gcc/bin/../lib/gcc/arm-none-eabi/4.7.4/armv6-m/crti.o
                0x00024454                _init
 .init          0x00024458        0x8 c:/development/ble/nordic_dev_6/nrf51822_sdk/arm-gcc/bin/../lib/gcc/arm-none-eabi/4.7.4/armv6-m/crtn.o
 *(.fini)
 .fini          0x00024460        0x4 c:/development/ble/nordic_dev_6/nrf51822_sdk/arm-gcc/bin/../lib/gcc/arm-none-eabi/4.7.4/armv6-m/crti.o
                0x00024460                _fini
 .fini          0x00024464        0x8 c:/development/ble/nordic_dev_6/nrf51822_sdk/arm-gcc/bin/../lib/gcc/arm-none-eabi/4.7.4/armv6-m/crtn.o
 *crtbegin.o(.ctors)
 *crtbegin?.o(.ctors)
 *(EXCLUDE_FILE(*crtend.o *crtend?.o) .ctors)
 *(SORT(.ctors.*))
 *(.ctors)
 *crtbegin.o(.dtors)
 *crtbegin?.o(.dtors)
 *(EXCLUDE_FILE(*crtend.o *crtend?.o) .dtors)
 *(SORT(.dtors.*))
 *(.dtors)
 *(.rodata*)
 .rodata.str1.1
                0x0002446c        0x2 c:/development/ble/nordic_dev_6/nrf51822_sdk/arm-gcc/bin/../lib/gcc/arm-none-eabi/4.7.4/../../../../arm-none-eabi/lib/armv6-m\libc_s.a(lib_a-impure.o)
 *fill*         0x0002446e        0x2 00
 .rodata._global_impure_ptr
                0x00024470        0x4 c:/development/ble/nordic_dev_6/nrf51822_sdk/arm-gcc/bin/../lib/gcc/arm-none-eabi/4.7.4/../../../../arm-none-eabi/lib/armv6-m\libc_s.a(lib_a-impure.o)
                0x00024470                _global_impure_ptr
 .rodata        0x00024474      0x108 _build/ble_uart_c.o
 .rodata        0x0002457c       0x24 _build/blinkm.o
 .rodata        0x000245a0      0x8ac _build/main.o
 .rodata        0x00024e4c       0x1c _build/pstorage.o
 .rodata        0x00024e68      0xd34 _build/device_manager_central.o
                0x00024e68                m_service_context_store
                0x00024e78                m_service_context_load
                0x00024e88                m_service_context_apply
                0x00024e98                m_context_init_len
 .rodata        0x00025b9c       0x70 _build/softdevice_handler.o
 .rodata        0x00025c0c       0x90 _build/ble_db_discovery.o
 .rodata.str1.1
                0x00025c9c       0x11 c:/development/ble/nordic_dev_6/nrf51822_sdk/arm-gcc/bin/../lib/gcc/arm-none-eabi/4.7.4/../../../../arm-none-eabi/lib/armv6-m\libc_s.a(lib_a-vfprintf.o)
 .rodata.str1.1
                0x00025cad       0x22 c:/development/ble/nordic_dev_6/nrf51822_sdk/arm-gcc/bin/../lib/gcc/arm-none-eabi/4.7.4/../../../../arm-none-eabi/lib/armv6-m\libc_s.a(lib_a-vfprintf_i.o)
 *fill*         0x00025ccf        0x1 00
 .rodata.__sf_fake_stdin
                0x00025cd0       0x20 c:/development/ble/nordic_dev_6/nrf51822_sdk/arm-gcc/bin/../lib/gcc/arm-none-eabi/4.7.4/../../../../arm-none-eabi/lib/armv6-m\libc_s.a(lib_a-findfp.o)
                0x00025cd0                __sf_fake_stdin
 .rodata.__sf_fake_stdout
                0x00025cf0       0x20 c:/development/ble/nordic_dev_6/nrf51822_sdk/arm-gcc/bin/../lib/gcc/arm-none-eabi/4.7.4/../../../../arm-none-eabi/lib/armv6-m\libc_s.a(lib_a-findfp.o)
                0x00025cf0                __sf_fake_stdout
 .rodata.__sf_fake_stderr
                0x00025d10       0x20 c:/development/ble/nordic_dev_6/nrf51822_sdk/arm-gcc/bin/../lib/gcc/arm-none-eabi/4.7.4/../../../../arm-none-eabi/lib/armv6-m\libc_s.a(lib_a-findfp.o)
                0x00025d10                __sf_fake_stderr
 .rodata.str1.1
                0x00025d30        0x8 c:/development/ble/nordic_dev_6/nrf51822_sdk/arm-gcc/bin/../lib/gcc/arm-none-eabi/4.7.4/../../../../arm-none-eabi/lib/armv6-m\libc_s.a(lib_a-locale.o)
                                  0xb (size before relaxing)
 *(.eh_frame*)
 .eh_frame      0x00025d38        0x0 c:/development/ble/nordic_dev_6/nrf51822_sdk/arm-gcc/bin/../lib/gcc/arm-none-eabi/4.7.4/armv6-m/crtbegin.o
 .eh_frame      0x00025d38        0x4 c:/development/ble/nordic_dev_6/nrf51822_sdk/arm-gcc/bin/../lib/gcc/arm-none-eabi/4.7.4/armv6-m/crtend.o

.glue_7         0x00025d3c        0x0
 .glue_7        0x00000000        0x0 linker stubs

.glue_7t        0x00025d3c        0x0
 .glue_7t       0x00000000        0x0 linker stubs

.vfp11_veneer   0x00025d3c        0x0
 .vfp11_veneer  0x00000000        0x0 linker stubs

.v4_bx          0x00025d3c        0x0
 .v4_bx         0x00000000        0x0 linker stubs

.iplt           0x00025d3c        0x0
 .iplt          0x00000000        0x0 c:/development/ble/nordic_dev_6/nrf51822_sdk/arm-gcc/bin/../lib/gcc/arm-none-eabi/4.7.4/armv6-m/crtbegin.o

.ARM.extab      0x00025d3c        0x0
 *(.ARM.extab* .gnu.linkonce.armextab.*)
 .ARM.extab     0x00025d3c        0x0 c:/development/ble/nordic_dev_6/nrf51822_sdk/arm-gcc/bin/../lib/gcc/arm-none-eabi/4.7.4/../../../../arm-none-eabi/lib/armv6-m/crt0.o
                0x00025d3c                __exidx_start = .

.ARM.exidx      0x00025d3c        0x8
 *(.ARM.exidx* .gnu.linkonce.armexidx.*)
 .ARM.exidx     0x00025d3c        0x8 c:/development/ble/nordic_dev_6/nrf51822_sdk/arm-gcc/bin/../lib/gcc/arm-none-eabi/4.7.4/../../../../arm-none-eabi/lib/armv6-m/crt0.o
                0x00025d44                __exidx_end = .
                0x00025d44                __etext = .

.rel.dyn        0x00025d44        0x0
 .rel.iplt      0x00000000        0x0 c:/development/ble/nordic_dev_6/nrf51822_sdk/arm-gcc/bin/../lib/gcc/arm-none-eabi/4.7.4/armv6-m/crtbegin.o

.data           0x20002800      0x180 load address 0x00025d44
                0x20002800                __data_start__ = .
 *(vtable)
 *(.data*)
 .data          0x20002800        0x0 c:/development/ble/nordic_dev_6/nrf51822_sdk/arm-gcc/bin/../lib/gcc/arm-none-eabi/4.7.4/armv6-m/crti.o
 .data          0x20002800        0x4 c:/development/ble/nordic_dev_6/nrf51822_sdk/arm-gcc/bin/../lib/gcc/arm-none-eabi/4.7.4/armv6-m/crtbegin.o
                0x20002800                __dso_handle
 .data          0x20002804        0x0 c:/development/ble/nordic_dev_6/nrf51822_sdk/arm-gcc/bin/../lib/gcc/arm-none-eabi/4.7.4/../../../../arm-none-eabi/lib/armv6-m/crt0.o
 .data          0x20002804        0x0 c:/development/ble/nordic_dev_6/nrf51822_sdk/arm-gcc/bin/../lib/gcc/arm-none-eabi/4.7.4/../../../../arm-none-eabi/lib/armv6-m\libc_s.a(lib_a-__atexit2.o)
 .data          0x20002804        0x0 c:/development/ble/nordic_dev_6/nrf51822_sdk/arm-gcc/bin/../lib/gcc/arm-none-eabi/4.7.4/../../../../arm-none-eabi/lib/armv6-m\libc_s.a(lib_a-exit.o)
 .data          0x20002804        0x0 c:/development/ble/nordic_dev_6/nrf51822_sdk/arm-gcc/bin/../lib/gcc/arm-none-eabi/4.7.4/../../../../arm-none-eabi/lib/armv6-m\libc_s.a(lib_a-fini.o)
 .data          0x20002804        0x0 c:/development/ble/nordic_dev_6/nrf51822_sdk/arm-gcc/bin/../lib/gcc/arm-none-eabi/4.7.4/../../../../arm-none-eabi/lib/armv6-m\libc_s.a(lib_a-impure.o)
 .data.impure_data
                0x20002804       0x64 c:/development/ble/nordic_dev_6/nrf51822_sdk/arm-gcc/bin/../lib/gcc/arm-none-eabi/4.7.4/../../../../arm-none-eabi/lib/armv6-m\libc_s.a(lib_a-impure.o)
 .data._impure_ptr
                0x20002868        0x4 c:/development/ble/nordic_dev_6/nrf51822_sdk/arm-gcc/bin/../lib/gcc/arm-none-eabi/4.7.4/../../../../arm-none-eabi/lib/armv6-m\libc_s.a(lib_a-impure.o)
                0x20002868                _impure_ptr
 .data          0x2000286c        0x0 c:/development/ble/nordic_dev_6/nrf51822_sdk/arm-gcc/bin/../lib/gcc/arm-none-eabi/4.7.4/../../../../arm-none-eabi/lib/armv6-m\libc_s.a(lib_a-init.o)
 .data          0x2000286c        0x0 c:/development/ble/nordic_dev_6/nrf51822_sdk/arm-gcc/bin/../lib/gcc/arm-none-eabi/4.7.4/../../../../arm-none-eabi/lib/armv6-m\libc_s.a(lib_a-memset.o)
 .data          0x2000286c        0x0 c:/development/ble/nordic_dev_6/nrf51822_sdk/arm-gcc/bin/../lib/gcc/arm-none-eabi/4.7.4/../../../../arm-none-eabi/lib/armv6-m\libnosys.a(_exit.o)
 .data          0x2000286c        0x0 _build/startup_nrf51.os
 .data          0x2000286c        0x4 _build/system_nrf51.o
                0x2000286c                SystemCoreClock
 .data          0x20002870        0x0 _build/ble_uart_c.o
 .data          0x20002870        0x0 _build/blinkm.o
 .data          0x20002870        0x0 _build/debug.o
 .data          0x20002870       0x88 _build/main.o
                0x200028f0                oldRange
                0x200028f4                MaxRange
 .data          0x200028f8        0x0 _build/retarget.o
 .data          0x200028f8        0x0 _build/SwitchbotNordic.o
 .data          0x200028f8        0x0 _build/time_utils.o
 .data          0x200028f8        0x0 _build/twi_master.o
 .data          0x200028f8        0x0 _build/uart_comm2.o
 .data          0x200028f8        0x0 _build/nrf_delay.o
 .data          0x200028f8        0x0 _build/app_gpiote.o
 .data          0x200028f8        0x0 _build/ble_hrs_c.o
 .data          0x200028f8        0x0 _build/ble_debug_assert_handler.o
 .data          0x200028f8        0x0 _build/pstorage.o
 .data          0x200028f8        0x0 _build/device_manager_central.o
 .data          0x200028f8        0x0 _build/softdevice_handler.o
 .data          0x200028f8        0x0 _build/ble_db_discovery.o
 .data          0x200028f8        0x0 c:/development/ble/nordic_dev_6/nrf51822_sdk/arm-gcc/bin/../lib/gcc/arm-none-eabi/4.7.4/armv6-m\libgcc.a(_udivsi3.o)
 .data          0x200028f8        0x0 c:/development/ble/nordic_dev_6/nrf51822_sdk/arm-gcc/bin/../lib/gcc/arm-none-eabi/4.7.4/armv6-m\libgcc.a(_divsi3.o)
 .data          0x200028f8        0x0 c:/development/ble/nordic_dev_6/nrf51822_sdk/arm-gcc/bin/../lib/gcc/arm-none-eabi/4.7.4/armv6-m\libgcc.a(_dvmd_tls.o)
 .data          0x200028f8        0x0 c:/development/ble/nordic_dev_6/nrf51822_sdk/arm-gcc/bin/../lib/gcc/arm-none-eabi/4.7.4/armv6-m\libgcc.a(_muldi3.o)
 .data          0x200028f8        0x0 c:/development/ble/nordic_dev_6/nrf51822_sdk/arm-gcc/bin/../lib/gcc/arm-none-eabi/4.7.4/../../../../arm-none-eabi/lib/armv6-m\libc_s.a(lib_a-memcmp.o)
 .data          0x200028f8        0x0 c:/development/ble/nordic_dev_6/nrf51822_sdk/arm-gcc/bin/../lib/gcc/arm-none-eabi/4.7.4/../../../../arm-none-eabi/lib/armv6-m\libc_s.a(lib_a-memcpy.o)
 .data          0x200028f8        0x0 c:/development/ble/nordic_dev_6/nrf51822_sdk/arm-gcc/bin/../lib/gcc/arm-none-eabi/4.7.4/../../../../arm-none-eabi/lib/armv6-m\libc_s.a(lib_a-printf.o)
 .data          0x200028f8        0x0 c:/development/ble/nordic_dev_6/nrf51822_sdk/arm-gcc/bin/../lib/gcc/arm-none-eabi/4.7.4/../../../../arm-none-eabi/lib/armv6-m\libc_s.a(lib_a-puts.o)
 .data          0x200028f8        0x0 c:/development/ble/nordic_dev_6/nrf51822_sdk/arm-gcc/bin/../lib/gcc/arm-none-eabi/4.7.4/../../../../arm-none-eabi/lib/armv6-m\libc_s.a(lib_a-strcmp.o)
 .data          0x200028f8        0x0 c:/development/ble/nordic_dev_6/nrf51822_sdk/arm-gcc/bin/../lib/gcc/arm-none-eabi/4.7.4/../../../../arm-none-eabi/lib/armv6-m\libc_s.a(lib_a-strcpy.o)
 .data          0x200028f8        0x0 c:/development/ble/nordic_dev_6/nrf51822_sdk/arm-gcc/bin/../lib/gcc/arm-none-eabi/4.7.4/../../../../arm-none-eabi/lib/armv6-m\libc_s.a(lib_a-strncpy.o)
 .data          0x200028f8        0x0 c:/development/ble/nordic_dev_6/nrf51822_sdk/arm-gcc/bin/../lib/gcc/arm-none-eabi/4.7.4/../../../../arm-none-eabi/lib/armv6-m\libc_s.a(lib_a-vfprintf.o)
 .data          0x200028f8        0x0 c:/development/ble/nordic_dev_6/nrf51822_sdk/arm-gcc/bin/../lib/gcc/arm-none-eabi/4.7.4/../../../../arm-none-eabi/lib/armv6-m\libc_s.a(lib_a-vfprintf_i.o)
 .data          0x200028f8        0x0 c:/development/ble/nordic_dev_6/nrf51822_sdk/arm-gcc/bin/../lib/gcc/arm-none-eabi/4.7.4/../../../../arm-none-eabi/lib/armv6-m\libc_s.a(lib_a-wbuf.o)
 .data          0x200028f8        0x0 c:/development/ble/nordic_dev_6/nrf51822_sdk/arm-gcc/bin/../lib/gcc/arm-none-eabi/4.7.4/../../../../arm-none-eabi/lib/armv6-m\libc_s.a(lib_a-wsetup.o)
 .data          0x200028f8        0x0 c:/development/ble/nordic_dev_6/nrf51822_sdk/arm-gcc/bin/../lib/gcc/arm-none-eabi/4.7.4/../../../../arm-none-eabi/lib/armv6-m\libc_s.a(lib_a-fflush.o)
 .data          0x200028f8        0x0 c:/development/ble/nordic_dev_6/nrf51822_sdk/arm-gcc/bin/../lib/gcc/arm-none-eabi/4.7.4/../../../../arm-none-eabi/lib/armv6-m\libc_s.a(lib_a-findfp.o)
 .data          0x200028f8        0x0 c:/development/ble/nordic_dev_6/nrf51822_sdk/arm-gcc/bin/../lib/gcc/arm-none-eabi/4.7.4/../../../../arm-none-eabi/lib/armv6-m\libc_s.a(lib_a-fputwc.o)
 .data          0x200028f8        0x0 c:/development/ble/nordic_dev_6/nrf51822_sdk/arm-gcc/bin/../lib/gcc/arm-none-eabi/4.7.4/../../../../arm-none-eabi/lib/armv6-m\libc_s.a(lib_a-freer.o)
 .data          0x200028f8        0x0 c:/development/ble/nordic_dev_6/nrf51822_sdk/arm-gcc/bin/../lib/gcc/arm-none-eabi/4.7.4/../../../../arm-none-eabi/lib/armv6-m\libc_s.a(lib_a-fvwrite.o)
 .data          0x200028f8        0x0 c:/development/ble/nordic_dev_6/nrf51822_sdk/arm-gcc/bin/../lib/gcc/arm-none-eabi/4.7.4/../../../../arm-none-eabi/lib/armv6-m\libc_s.a(lib_a-fwalk.o)
 .data          0x200028f8        0x0 c:/development/ble/nordic_dev_6/nrf51822_sdk/arm-gcc/bin/../lib/gcc/arm-none-eabi/4.7.4/../../../../arm-none-eabi/lib/armv6-m\libc_s.a(lib_a-locale.o)
 .data.lc_message_charset
                0x200028f8       0x20 c:/development/ble/nordic_dev_6/nrf51822_sdk/arm-gcc/bin/../lib/gcc/arm-none-eabi/4.7.4/../../../../arm-none-eabi/lib/armv6-m\libc_s.a(lib_a-locale.o)
 .data.lconv    0x20002918       0x38 c:/development/ble/nordic_dev_6/nrf51822_sdk/arm-gcc/bin/../lib/gcc/arm-none-eabi/4.7.4/../../../../arm-none-eabi/lib/armv6-m\libc_s.a(lib_a-locale.o)
 .data.lc_ctype_charset
                0x20002950       0x20 c:/development/ble/nordic_dev_6/nrf51822_sdk/arm-gcc/bin/../lib/gcc/arm-none-eabi/4.7.4/../../../../arm-none-eabi/lib/armv6-m\libc_s.a(lib_a-locale.o)
 .data.__mb_cur_max
                0x20002970        0x4 c:/development/ble/nordic_dev_6/nrf51822_sdk/arm-gcc/bin/../lib/gcc/arm-none-eabi/4.7.4/../../../../arm-none-eabi/lib/armv6-m\libc_s.a(lib_a-locale.o)
                0x20002970                __mb_cur_max
 .data          0x20002974        0x0 c:/development/ble/nordic_dev_6/nrf51822_sdk/arm-gcc/bin/../lib/gcc/arm-none-eabi/4.7.4/../../../../arm-none-eabi/lib/armv6-m\libc_s.a(lib_a-makebuf.o)
 .data          0x20002974        0x0 c:/development/ble/nordic_dev_6/nrf51822_sdk/arm-gcc/bin/../lib/gcc/arm-none-eabi/4.7.4/../../../../arm-none-eabi/lib/armv6-m\libc_s.a(lib_a-mallocr.o)
 .data          0x20002974        0x0 c:/development/ble/nordic_dev_6/nrf51822_sdk/arm-gcc/bin/../lib/gcc/arm-none-eabi/4.7.4/../../../../arm-none-eabi/lib/armv6-m\libc_s.a(lib_a-memchr.o)
 .data          0x20002974        0x0 c:/development/ble/nordic_dev_6/nrf51822_sdk/arm-gcc/bin/../lib/gcc/arm-none-eabi/4.7.4/../../../../arm-none-eabi/lib/armv6-m\libc_s.a(lib_a-memmove.o)
 .data          0x20002974        0x0 c:/development/ble/nordic_dev_6/nrf51822_sdk/arm-gcc/bin/../lib/gcc/arm-none-eabi/4.7.4/../../../../arm-none-eabi/lib/armv6-m\libc_s.a(lib_a-putc.o)
 .data          0x20002974        0x0 c:/development/ble/nordic_dev_6/nrf51822_sdk/arm-gcc/bin/../lib/gcc/arm-none-eabi/4.7.4/../../../../arm-none-eabi/lib/armv6-m\libc_s.a(lib_a-reallocr.o)
 .data          0x20002974        0x0 c:/development/ble/nordic_dev_6/nrf51822_sdk/arm-gcc/bin/../lib/gcc/arm-none-eabi/4.7.4/../../../../arm-none-eabi/lib/armv6-m\libc_s.a(lib_a-sbrkr.o)
 .data          0x20002974        0x0 c:/development/ble/nordic_dev_6/nrf51822_sdk/arm-gcc/bin/../lib/gcc/arm-none-eabi/4.7.4/../../../../arm-none-eabi/lib/armv6-m\libc_s.a(lib_a-stdio.o)
 .data          0x20002974        0x0 c:/development/ble/nordic_dev_6/nrf51822_sdk/arm-gcc/bin/../lib/gcc/arm-none-eabi/4.7.4/../../../../arm-none-eabi/lib/armv6-m\libc_s.a(lib_a-strlen.o)
 .data          0x20002974        0x0 c:/development/ble/nordic_dev_6/nrf51822_sdk/arm-gcc/bin/../lib/gcc/arm-none-eabi/4.7.4/../../../../arm-none-eabi/lib/armv6-m\libc_s.a(lib_a-wcrtomb.o)
 .data          0x20002974        0x0 c:/development/ble/nordic_dev_6/nrf51822_sdk/arm-gcc/bin/../lib/gcc/arm-none-eabi/4.7.4/../../../../arm-none-eabi/lib/armv6-m\libc_s.a(lib_a-wctomb_r.o)
 .data.__wctomb
                0x20002974        0x4 c:/development/ble/nordic_dev_6/nrf51822_sdk/arm-gcc/bin/../lib/gcc/arm-none-eabi/4.7.4/../../../../arm-none-eabi/lib/armv6-m\libc_s.a(lib_a-wctomb_r.o)
                0x20002974                __wctomb
 .data          0x20002978        0x0 c:/development/ble/nordic_dev_6/nrf51822_sdk/arm-gcc/bin/../lib/gcc/arm-none-eabi/4.7.4/../../../../arm-none-eabi/lib/armv6-m\libc_s.a(lib_a-writer.o)
 .data          0x20002978        0x0 c:/development/ble/nordic_dev_6/nrf51822_sdk/arm-gcc/bin/../lib/gcc/arm-none-eabi/4.7.4/../../../../arm-none-eabi/lib/armv6-m\libc_s.a(lib_a-closer.o)
 .data          0x20002978        0x0 c:/development/ble/nordic_dev_6/nrf51822_sdk/arm-gcc/bin/../lib/gcc/arm-none-eabi/4.7.4/../../../../arm-none-eabi/lib/armv6-m\libc_s.a(lib_a-fstatr.o)
 .data          0x20002978        0x0 c:/development/ble/nordic_dev_6/nrf51822_sdk/arm-gcc/bin/../lib/gcc/arm-none-eabi/4.7.4/../../../../arm-none-eabi/lib/armv6-m\libc_s.a(lib_a-isattyr.o)
 .data          0x20002978        0x0 c:/development/ble/nordic_dev_6/nrf51822_sdk/arm-gcc/bin/../lib/gcc/arm-none-eabi/4.7.4/../../../../arm-none-eabi/lib/armv6-m\libc_s.a(lib_a-lseekr.o)
 .data          0x20002978        0x0 c:/development/ble/nordic_dev_6/nrf51822_sdk/arm-gcc/bin/../lib/gcc/arm-none-eabi/4.7.4/../../../../arm-none-eabi/lib/armv6-m\libc_s.a(lib_a-msizer.o)
 .data          0x20002978        0x0 c:/development/ble/nordic_dev_6/nrf51822_sdk/arm-gcc/bin/../lib/gcc/arm-none-eabi/4.7.4/../../../../arm-none-eabi/lib/armv6-m\libc_s.a(lib_a-readr.o)
 .data          0x20002978        0x0 c:/development/ble/nordic_dev_6/nrf51822_sdk/arm-gcc/bin/../lib/gcc/arm-none-eabi/4.7.4/../../../../arm-none-eabi/lib/armv6-m\libc_s.a(lib_a-reent.o)
 .data          0x20002978        0x0 c:/development/ble/nordic_dev_6/nrf51822_sdk/arm-gcc/bin/../lib/gcc/arm-none-eabi/4.7.4/armv6-m/crtend.o
 .data          0x20002978        0x0 c:/development/ble/nordic_dev_6/nrf51822_sdk/arm-gcc/bin/../lib/gcc/arm-none-eabi/4.7.4/armv6-m/crtn.o
 .data          0x20002978        0x0 c:/development/ble/nordic_dev_6/nrf51822_sdk/arm-gcc/bin/../lib/gcc/arm-none-eabi/4.7.4/../../../../arm-none-eabi/lib/armv6-m\libnosys.a(close.o)
 .data          0x20002978        0x0 c:/development/ble/nordic_dev_6/nrf51822_sdk/arm-gcc/bin/../lib/gcc/arm-none-eabi/4.7.4/../../../../arm-none-eabi/lib/armv6-m\libnosys.a(fstat.o)
 .data          0x20002978        0x0 c:/development/ble/nordic_dev_6/nrf51822_sdk/arm-gcc/bin/../lib/gcc/arm-none-eabi/4.7.4/../../../../arm-none-eabi/lib/armv6-m\libnosys.a(isatty.o)
 .data          0x20002978        0x0 c:/development/ble/nordic_dev_6/nrf51822_sdk/arm-gcc/bin/../lib/gcc/arm-none-eabi/4.7.4/../../../../arm-none-eabi/lib/armv6-m\libnosys.a(lseek.o)
 .data          0x20002978        0x0 c:/development/ble/nordic_dev_6/nrf51822_sdk/arm-gcc/bin/../lib/gcc/arm-none-eabi/4.7.4/../../../../arm-none-eabi/lib/armv6-m\libnosys.a(read.o)
 .data          0x20002978        0x0 c:/development/ble/nordic_dev_6/nrf51822_sdk/arm-gcc/bin/../lib/gcc/arm-none-eabi/4.7.4/../../../../arm-none-eabi/lib/armv6-m\libnosys.a(sbrk.o)
                0x20002978                . = ALIGN (0x4)
                0x20002978                PROVIDE (__preinit_array_start, .)
 *(.preinit_array)
                0x20002978                PROVIDE (__preinit_array_end, .)
                0x20002978                . = ALIGN (0x4)
                0x20002978                PROVIDE (__init_array_start, .)
 *(SORT(.init_array.*))
 *(.init_array)
 .init_array    0x20002978        0x4 c:/development/ble/nordic_dev_6/nrf51822_sdk/arm-gcc/bin/../lib/gcc/arm-none-eabi/4.7.4/armv6-m/crtbegin.o
                0x2000297c                PROVIDE (__init_array_end, .)
                0x2000297c                . = ALIGN (0x4)
                0x2000297c                PROVIDE (__fini_array_start, .)
 *(SORT(.fini_array.*))
 *(.fini_array)
 .fini_array    0x2000297c        0x4 c:/development/ble/nordic_dev_6/nrf51822_sdk/arm-gcc/bin/../lib/gcc/arm-none-eabi/4.7.4/armv6-m/crtbegin.o
                0x20002980                PROVIDE (__fini_array_end, .)
                0x20002980                . = ALIGN (0x4)
                0x20002980                __data_end__ = .

.jcr            0x20002980        0x4 load address 0x00025ec4
 .jcr           0x20002980        0x0 c:/development/ble/nordic_dev_6/nrf51822_sdk/arm-gcc/bin/../lib/gcc/arm-none-eabi/4.7.4/armv6-m/crtbegin.o
 .jcr           0x20002980        0x4 c:/development/ble/nordic_dev_6/nrf51822_sdk/arm-gcc/bin/../lib/gcc/arm-none-eabi/4.7.4/armv6-m/crtend.o

.igot.plt       0x20002984        0x0 load address 0x00025ec8
 .igot.plt      0x00000000        0x0 c:/development/ble/nordic_dev_6/nrf51822_sdk/arm-gcc/bin/../lib/gcc/arm-none-eabi/4.7.4/armv6-m/crtbegin.o

.bss            0x20002988      0x92c load address 0x00025ed0
                0x20002988                __bss_start__ = .
 *(.bss*)
 .bss           0x20002988        0x0 c:/development/ble/nordic_dev_6/nrf51822_sdk/arm-gcc/bin/../lib/gcc/arm-none-eabi/4.7.4/armv6-m/crti.o
 .bss           0x20002988       0x1c c:/development/ble/nordic_dev_6/nrf51822_sdk/arm-gcc/bin/../lib/gcc/arm-none-eabi/4.7.4/armv6-m/crtbegin.o
 .bss           0x200029a4        0x0 c:/development/ble/nordic_dev_6/nrf51822_sdk/arm-gcc/bin/../lib/gcc/arm-none-eabi/4.7.4/../../../../arm-none-eabi/lib/armv6-m/crt0.o
 .bss           0x200029a4        0x0 c:/development/ble/nordic_dev_6/nrf51822_sdk/arm-gcc/bin/../lib/gcc/arm-none-eabi/4.7.4/../../../../arm-none-eabi/lib/armv6-m\libc_s.a(lib_a-__atexit2.o)
 .bss           0x200029a4        0x0 c:/development/ble/nordic_dev_6/nrf51822_sdk/arm-gcc/bin/../lib/gcc/arm-none-eabi/4.7.4/../../../../arm-none-eabi/lib/armv6-m\libc_s.a(lib_a-exit.o)
 .bss           0x200029a4        0x0 c:/development/ble/nordic_dev_6/nrf51822_sdk/arm-gcc/bin/../lib/gcc/arm-none-eabi/4.7.4/../../../../arm-none-eabi/lib/armv6-m\libc_s.a(lib_a-fini.o)
 .bss           0x200029a4        0x0 c:/development/ble/nordic_dev_6/nrf51822_sdk/arm-gcc/bin/../lib/gcc/arm-none-eabi/4.7.4/../../../../arm-none-eabi/lib/armv6-m\libc_s.a(lib_a-impure.o)
 .bss           0x200029a4        0x0 c:/development/ble/nordic_dev_6/nrf51822_sdk/arm-gcc/bin/../lib/gcc/arm-none-eabi/4.7.4/../../../../arm-none-eabi/lib/armv6-m\libc_s.a(lib_a-init.o)
 .bss           0x200029a4        0x0 c:/development/ble/nordic_dev_6/nrf51822_sdk/arm-gcc/bin/../lib/gcc/arm-none-eabi/4.7.4/../../../../arm-none-eabi/lib/armv6-m\libc_s.a(lib_a-memset.o)
 .bss           0x200029a4        0x0 c:/development/ble/nordic_dev_6/nrf51822_sdk/arm-gcc/bin/../lib/gcc/arm-none-eabi/4.7.4/../../../../arm-none-eabi/lib/armv6-m\libnosys.a(_exit.o)
 .bss           0x200029a4        0x0 _build/startup_nrf51.os
 .bss           0x200029a4        0x0 _build/system_nrf51.o
 .bss           0x200029a4      0x130 _build/ble_uart_c.o
 .bss           0x20002ad4        0x0 _build/blinkm.o
 .bss           0x20002ad4      0x16c _build/debug.o
 .bss           0x20002c40      0x12c _build/main.o
                0x20002cd4                is_stop_condition
                0x20002cf0                time_stamp_01
                0x20002cf4                time_stamp_02
                0x20002cf8                time_closest_beacon_expiry
                0x20002cfc                debug_counter_0
                0x20002cfd                debug_counter_1
                0x20002cfe                debug_counter_2
                0x20002d00                ir_values
                0x20002d08                timer2_counter
                0x20002d0c                fNewData
 .bss           0x20002d6c        0x0 _build/retarget.o
 .bss           0x20002d6c        0x0 _build/SwitchbotNordic.o
 *fill*         0x20002d6c        0x4 00
 .bss           0x20002d70        0x8 _build/time_utils.o
                0x20002d70                rtc1
 .bss           0x20002d78        0x0 _build/twi_master.o
 .bss           0x20002d78        0x0 _build/uart_comm2.o
 .bss           0x20002d78        0x0 _build/nrf_delay.o
 .bss           0x20002d78        0xc _build/app_gpiote.o
 .bss           0x20002d84       0xac _build/ble_hrs_c.o
 .bss           0x20002e30       0x88 _build/ble_debug_assert_handler.o
 .bss           0x20002eb8       0xe8 _build/pstorage.o
 .bss           0x20002fa0      0x128 _build/device_manager_central.o
 .bss           0x200030c8       0x14 _build/softdevice_handler.o
 .bss           0x200030dc       0x90 _build/ble_db_discovery.o
 .bss           0x2000316c        0x0 c:/development/ble/nordic_dev_6/nrf51822_sdk/arm-gcc/bin/../lib/gcc/arm-none-eabi/4.7.4/armv6-m\libgcc.a(_udivsi3.o)
 .bss           0x2000316c        0x0 c:/development/ble/nordic_dev_6/nrf51822_sdk/arm-gcc/bin/../lib/gcc/arm-none-eabi/4.7.4/armv6-m\libgcc.a(_divsi3.o)
 .bss           0x2000316c        0x0 c:/development/ble/nordic_dev_6/nrf51822_sdk/arm-gcc/bin/../lib/gcc/arm-none-eabi/4.7.4/armv6-m\libgcc.a(_dvmd_tls.o)
 .bss           0x2000316c        0x0 c:/development/ble/nordic_dev_6/nrf51822_sdk/arm-gcc/bin/../lib/gcc/arm-none-eabi/4.7.4/armv6-m\libgcc.a(_muldi3.o)
 .bss           0x2000316c        0x0 c:/development/ble/nordic_dev_6/nrf51822_sdk/arm-gcc/bin/../lib/gcc/arm-none-eabi/4.7.4/../../../../arm-none-eabi/lib/armv6-m\libc_s.a(lib_a-memcmp.o)
 .bss           0x2000316c        0x0 c:/development/ble/nordic_dev_6/nrf51822_sdk/arm-gcc/bin/../lib/gcc/arm-none-eabi/4.7.4/../../../../arm-none-eabi/lib/armv6-m\libc_s.a(lib_a-memcpy.o)
 .bss           0x2000316c        0x0 c:/development/ble/nordic_dev_6/nrf51822_sdk/arm-gcc/bin/../lib/gcc/arm-none-eabi/4.7.4/../../../../arm-none-eabi/lib/armv6-m\libc_s.a(lib_a-printf.o)
 .bss           0x2000316c        0x0 c:/development/ble/nordic_dev_6/nrf51822_sdk/arm-gcc/bin/../lib/gcc/arm-none-eabi/4.7.4/../../../../arm-none-eabi/lib/armv6-m\libc_s.a(lib_a-puts.o)
 .bss           0x2000316c        0x0 c:/development/ble/nordic_dev_6/nrf51822_sdk/arm-gcc/bin/../lib/gcc/arm-none-eabi/4.7.4/../../../../arm-none-eabi/lib/armv6-m\libc_s.a(lib_a-strcmp.o)
 .bss           0x2000316c        0x0 c:/development/ble/nordic_dev_6/nrf51822_sdk/arm-gcc/bin/../lib/gcc/arm-none-eabi/4.7.4/../../../../arm-none-eabi/lib/armv6-m\libc_s.a(lib_a-strcpy.o)
 .bss           0x2000316c        0x0 c:/development/ble/nordic_dev_6/nrf51822_sdk/arm-gcc/bin/../lib/gcc/arm-none-eabi/4.7.4/../../../../arm-none-eabi/lib/armv6-m\libc_s.a(lib_a-strncpy.o)
 .bss           0x2000316c        0x0 c:/development/ble/nordic_dev_6/nrf51822_sdk/arm-gcc/bin/../lib/gcc/arm-none-eabi/4.7.4/../../../../arm-none-eabi/lib/armv6-m\libc_s.a(lib_a-vfprintf.o)
 .bss           0x2000316c        0x0 c:/development/ble/nordic_dev_6/nrf51822_sdk/arm-gcc/bin/../lib/gcc/arm-none-eabi/4.7.4/../../../../arm-none-eabi/lib/armv6-m\libc_s.a(lib_a-vfprintf_i.o)
 .bss           0x2000316c        0x0 c:/development/ble/nordic_dev_6/nrf51822_sdk/arm-gcc/bin/../lib/gcc/arm-none-eabi/4.7.4/../../../../arm-none-eabi/lib/armv6-m\libc_s.a(lib_a-wbuf.o)
 .bss           0x2000316c        0x0 c:/development/ble/nordic_dev_6/nrf51822_sdk/arm-gcc/bin/../lib/gcc/arm-none-eabi/4.7.4/../../../../arm-none-eabi/lib/armv6-m\libc_s.a(lib_a-wsetup.o)
 .bss           0x2000316c        0x0 c:/development/ble/nordic_dev_6/nrf51822_sdk/arm-gcc/bin/../lib/gcc/arm-none-eabi/4.7.4/../../../../arm-none-eabi/lib/armv6-m\libc_s.a(lib_a-fflush.o)
 .bss           0x2000316c        0x0 c:/development/ble/nordic_dev_6/nrf51822_sdk/arm-gcc/bin/../lib/gcc/arm-none-eabi/4.7.4/../../../../arm-none-eabi/lib/armv6-m\libc_s.a(lib_a-findfp.o)
 .bss           0x2000316c        0x0 c:/development/ble/nordic_dev_6/nrf51822_sdk/arm-gcc/bin/../lib/gcc/arm-none-eabi/4.7.4/../../../../arm-none-eabi/lib/armv6-m\libc_s.a(lib_a-fputwc.o)
 .bss           0x2000316c        0x0 c:/development/ble/nordic_dev_6/nrf51822_sdk/arm-gcc/bin/../lib/gcc/arm-none-eabi/4.7.4/../../../../arm-none-eabi/lib/armv6-m\libc_s.a(lib_a-freer.o)
 .bss           0x2000316c        0x0 c:/development/ble/nordic_dev_6/nrf51822_sdk/arm-gcc/bin/../lib/gcc/arm-none-eabi/4.7.4/../../../../arm-none-eabi/lib/armv6-m\libc_s.a(lib_a-fvwrite.o)
 .bss           0x2000316c        0x0 c:/development/ble/nordic_dev_6/nrf51822_sdk/arm-gcc/bin/../lib/gcc/arm-none-eabi/4.7.4/../../../../arm-none-eabi/lib/armv6-m\libc_s.a(lib_a-fwalk.o)
 .bss           0x2000316c        0x0 c:/development/ble/nordic_dev_6/nrf51822_sdk/arm-gcc/bin/../lib/gcc/arm-none-eabi/4.7.4/../../../../arm-none-eabi/lib/armv6-m\libc_s.a(lib_a-locale.o)
 .bss._PathLocale
                0x2000316c        0x4 c:/development/ble/nordic_dev_6/nrf51822_sdk/arm-gcc/bin/../lib/gcc/arm-none-eabi/4.7.4/../../../../arm-none-eabi/lib/armv6-m\libc_s.a(lib_a-locale.o)
                0x2000316c                _PathLocale
 .bss.__nlocale_changed
                0x20003170        0x4 c:/development/ble/nordic_dev_6/nrf51822_sdk/arm-gcc/bin/../lib/gcc/arm-none-eabi/4.7.4/../../../../arm-none-eabi/lib/armv6-m\libc_s.a(lib_a-locale.o)
                0x20003170                __nlocale_changed
 .bss.__mlocale_changed
                0x20003174        0x4 c:/development/ble/nordic_dev_6/nrf51822_sdk/arm-gcc/bin/../lib/gcc/arm-none-eabi/4.7.4/../../../../arm-none-eabi/lib/armv6-m\libc_s.a(lib_a-locale.o)
                0x20003174                __mlocale_changed
 .bss           0x20003178        0x0 c:/development/ble/nordic_dev_6/nrf51822_sdk/arm-gcc/bin/../lib/gcc/arm-none-eabi/4.7.4/../../../../arm-none-eabi/lib/armv6-m\libc_s.a(lib_a-makebuf.o)
 .bss           0x20003178        0x0 c:/development/ble/nordic_dev_6/nrf51822_sdk/arm-gcc/bin/../lib/gcc/arm-none-eabi/4.7.4/../../../../arm-none-eabi/lib/armv6-m\libc_s.a(lib_a-mallocr.o)
 .bss.__malloc_free_list
                0x20003178        0x4 c:/development/ble/nordic_dev_6/nrf51822_sdk/arm-gcc/bin/../lib/gcc/arm-none-eabi/4.7.4/../../../../arm-none-eabi/lib/armv6-m\libc_s.a(lib_a-mallocr.o)
                0x20003178                __malloc_free_list
 .bss           0x2000317c        0x0 c:/development/ble/nordic_dev_6/nrf51822_sdk/arm-gcc/bin/../lib/gcc/arm-none-eabi/4.7.4/../../../../arm-none-eabi/lib/armv6-m\libc_s.a(lib_a-memchr.o)
 .bss           0x2000317c        0x0 c:/development/ble/nordic_dev_6/nrf51822_sdk/arm-gcc/bin/../lib/gcc/arm-none-eabi/4.7.4/../../../../arm-none-eabi/lib/armv6-m\libc_s.a(lib_a-memmove.o)
 .bss           0x2000317c        0x0 c:/development/ble/nordic_dev_6/nrf51822_sdk/arm-gcc/bin/../lib/gcc/arm-none-eabi/4.7.4/../../../../arm-none-eabi/lib/armv6-m\libc_s.a(lib_a-putc.o)
 .bss           0x2000317c        0x0 c:/development/ble/nordic_dev_6/nrf51822_sdk/arm-gcc/bin/../lib/gcc/arm-none-eabi/4.7.4/../../../../arm-none-eabi/lib/armv6-m\libc_s.a(lib_a-reallocr.o)
 .bss           0x2000317c        0x0 c:/development/ble/nordic_dev_6/nrf51822_sdk/arm-gcc/bin/../lib/gcc/arm-none-eabi/4.7.4/../../../../arm-none-eabi/lib/armv6-m\libc_s.a(lib_a-sbrkr.o)
 .bss           0x2000317c        0x0 c:/development/ble/nordic_dev_6/nrf51822_sdk/arm-gcc/bin/../lib/gcc/arm-none-eabi/4.7.4/../../../../arm-none-eabi/lib/armv6-m\libc_s.a(lib_a-stdio.o)
 .bss           0x2000317c        0x0 c:/development/ble/nordic_dev_6/nrf51822_sdk/arm-gcc/bin/../lib/gcc/arm-none-eabi/4.7.4/../../../../arm-none-eabi/lib/armv6-m\libc_s.a(lib_a-strlen.o)
 .bss           0x2000317c        0x0 c:/development/ble/nordic_dev_6/nrf51822_sdk/arm-gcc/bin/../lib/gcc/arm-none-eabi/4.7.4/../../../../arm-none-eabi/lib/armv6-m\libc_s.a(lib_a-wcrtomb.o)
 .bss           0x2000317c        0x0 c:/development/ble/nordic_dev_6/nrf51822_sdk/arm-gcc/bin/../lib/gcc/arm-none-eabi/4.7.4/../../../../arm-none-eabi/lib/armv6-m\libc_s.a(lib_a-wctomb_r.o)
 .bss           0x2000317c        0x0 c:/development/ble/nordic_dev_6/nrf51822_sdk/arm-gcc/bin/../lib/gcc/arm-none-eabi/4.7.4/../../../../arm-none-eabi/lib/armv6-m\libc_s.a(lib_a-writer.o)
 .bss           0x2000317c        0x0 c:/development/ble/nordic_dev_6/nrf51822_sdk/arm-gcc/bin/../lib/gcc/arm-none-eabi/4.7.4/../../../../arm-none-eabi/lib/armv6-m\libc_s.a(lib_a-closer.o)
 .bss           0x2000317c        0x0 c:/development/ble/nordic_dev_6/nrf51822_sdk/arm-gcc/bin/../lib/gcc/arm-none-eabi/4.7.4/../../../../arm-none-eabi/lib/armv6-m\libc_s.a(lib_a-fstatr.o)
 .bss           0x2000317c        0x0 c:/development/ble/nordic_dev_6/nrf51822_sdk/arm-gcc/bin/../lib/gcc/arm-none-eabi/4.7.4/../../../../arm-none-eabi/lib/armv6-m\libc_s.a(lib_a-isattyr.o)
 .bss           0x2000317c        0x0 c:/development/ble/nordic_dev_6/nrf51822_sdk/arm-gcc/bin/../lib/gcc/arm-none-eabi/4.7.4/../../../../arm-none-eabi/lib/armv6-m\libc_s.a(lib_a-lseekr.o)
 .bss           0x2000317c        0x0 c:/development/ble/nordic_dev_6/nrf51822_sdk/arm-gcc/bin/../lib/gcc/arm-none-eabi/4.7.4/../../../../arm-none-eabi/lib/armv6-m\libc_s.a(lib_a-msizer.o)
 .bss           0x2000317c        0x0 c:/development/ble/nordic_dev_6/nrf51822_sdk/arm-gcc/bin/../lib/gcc/arm-none-eabi/4.7.4/../../../../arm-none-eabi/lib/armv6-m\libc_s.a(lib_a-readr.o)
 .bss           0x2000317c        0x0 c:/development/ble/nordic_dev_6/nrf51822_sdk/arm-gcc/bin/../lib/gcc/arm-none-eabi/4.7.4/../../../../arm-none-eabi/lib/armv6-m\libc_s.a(lib_a-reent.o)
 .bss           0x2000317c        0x0 c:/development/ble/nordic_dev_6/nrf51822_sdk/arm-gcc/bin/../lib/gcc/arm-none-eabi/4.7.4/armv6-m/crtend.o
 .bss           0x2000317c        0x0 c:/development/ble/nordic_dev_6/nrf51822_sdk/arm-gcc/bin/../lib/gcc/arm-none-eabi/4.7.4/armv6-m/crtn.o
 .bss           0x2000317c        0x0 c:/development/ble/nordic_dev_6/nrf51822_sdk/arm-gcc/bin/../lib/gcc/arm-none-eabi/4.7.4/../../../../arm-none-eabi/lib/armv6-m\libnosys.a(close.o)
 .bss           0x2000317c        0x0 c:/development/ble/nordic_dev_6/nrf51822_sdk/arm-gcc/bin/../lib/gcc/arm-none-eabi/4.7.4/../../../../arm-none-eabi/lib/armv6-m\libnosys.a(fstat.o)
 .bss           0x2000317c        0x0 c:/development/ble/nordic_dev_6/nrf51822_sdk/arm-gcc/bin/../lib/gcc/arm-none-eabi/4.7.4/../../../../arm-none-eabi/lib/armv6-m\libnosys.a(isatty.o)
 .bss           0x2000317c        0x0 c:/development/ble/nordic_dev_6/nrf51822_sdk/arm-gcc/bin/../lib/gcc/arm-none-eabi/4.7.4/../../../../arm-none-eabi/lib/armv6-m\libnosys.a(lseek.o)
 .bss           0x2000317c        0x0 c:/development/ble/nordic_dev_6/nrf51822_sdk/arm-gcc/bin/../lib/gcc/arm-none-eabi/4.7.4/../../../../arm-none-eabi/lib/armv6-m\libnosys.a(read.o)
 .bss           0x2000317c        0x0 c:/development/ble/nordic_dev_6/nrf51822_sdk/arm-gcc/bin/../lib/gcc/arm-none-eabi/4.7.4/../../../../arm-none-eabi/lib/armv6-m\libnosys.a(sbrk.o)
 .bss.heap_end.4231
                0x2000317c        0x4 c:/development/ble/nordic_dev_6/nrf51822_sdk/arm-gcc/bin/../lib/gcc/arm-none-eabi/4.7.4/../../../../arm-none-eabi/lib/armv6-m\libnosys.a(sbrk.o)
 *(COMMON)
 COMMON         0x20003180       0x39 _build/main.o
                0x20003180                lft_rgt
                0x20003182                s6
                0x20003183                perCount_copy
                0x20003184                r3
                0x20003185                rangeAll
                0x20003186                rangeAll_far
                0x20003188                fwd_bwd
                0x2000318a                command
                0x2000318b                r6
                0x2000318c                easyRange
                0x20003190                r4
                0x20003191                s1
                0x20003194                debug_values
                0x2000319e                r8
                0x2000319f                s4
                0x200031a0                s8
                0x200031a1                r7
                0x200031a2                s5
                0x200031a4                Head
                0x200031a8                perCount
                0x200031a9                s2
                0x200031aa                r2
                0x200031ac                Range
                0x200031b0                rangeOld
                0x200031b1                s3
                0x200031b2                rangeOld_far
                0x200031b3                s7
                0x200031b4                intCount
                0x200031b5                r5
                0x200031b6                r1
                0x200031b8                IR
 *fill*         0x200031b9        0x3 00
 COMMON         0x200031bc       0xd0 _build/retarget.o
                0x200031bc                __stdin
                0x20003224                __stdout
 COMMON         0x2000328c       0x24 _build/SwitchbotNordic.o
                0x2000328c                fl_old
                0x20003294                easy_range
                0x20003298                fl_new
                0x200032a0                _head
                0x200032a4                head
                0x200032a8                tmp_buffer
                0x200032ac                range
 COMMON         0x200032b0        0x4 c:/development/ble/nordic_dev_6/nrf51822_sdk/arm-gcc/bin/../lib/gcc/arm-none-eabi/4.7.4/../../../../arm-none-eabi/lib/armv6-m\libc_s.a(lib_a-reent.o)
                0x200032b0                errno
                0x200032b4                __bss_end__ = .

.heap           0x200032b8      0x100
                0x200032b8                __end__ = .
                0x200032b8                end = __end__
 *(.heap*)
 .heap          0x200032b8      0x100 _build/startup_nrf51.os
                0x200032b8                __HeapBase
                0x200033b8                __HeapLimit = .

.stack_dummy    0x200032b8      0xc00
 *(.stack)
 .stack         0x200032b8      0xc00 _build/startup_nrf51.os
                0x20004000                __StackTop = (ORIGIN (RAM) + 0x1800)
                0x20003400                __StackLimit = (__StackTop - SIZEOF (.stack_dummy))
                0x20004000                PROVIDE (__stack, __StackTop)
                0x00000001                ASSERT ((__StackLimit >= __HeapLimit), region RAM overflowed with stack)
OUTPUT(_build/BLE_MEGA_s120.elf elf32-littlearm)

.ARM.attributes
                0x00000000       0x28
 .ARM.attributes
                0x00000000       0x1e c:/development/ble/nordic_dev_6/nrf51822_sdk/arm-gcc/bin/../lib/gcc/arm-none-eabi/4.7.4/armv6-m/crti.o
 .ARM.attributes
                0x0000001e       0x2c c:/development/ble/nordic_dev_6/nrf51822_sdk/arm-gcc/bin/../lib/gcc/arm-none-eabi/4.7.4/armv6-m/crtbegin.o
 .ARM.attributes
                0x0000004a       0x1c c:/development/ble/nordic_dev_6/nrf51822_sdk/arm-gcc/bin/../lib/gcc/arm-none-eabi/4.7.4/../../../../arm-none-eabi/lib/armv6-m/crt0.o
 .ARM.attributes
                0x00000066       0x2c c:/development/ble/nordic_dev_6/nrf51822_sdk/arm-gcc/bin/../lib/gcc/arm-none-eabi/4.7.4/../../../../arm-none-eabi/lib/armv6-m\libc_s.a(lib_a-__atexit2.o)
 .ARM.attributes
                0x00000092       0x2c c:/development/ble/nordic_dev_6/nrf51822_sdk/arm-gcc/bin/../lib/gcc/arm-none-eabi/4.7.4/../../../../arm-none-eabi/lib/armv6-m\libc_s.a(lib_a-exit.o)
 .ARM.attributes
                0x000000be       0x2c c:/development/ble/nordic_dev_6/nrf51822_sdk/arm-gcc/bin/../lib/gcc/arm-none-eabi/4.7.4/../../../../arm-none-eabi/lib/armv6-m\libc_s.a(lib_a-fini.o)
 .ARM.attributes
                0x000000ea       0x2c c:/development/ble/nordic_dev_6/nrf51822_sdk/arm-gcc/bin/../lib/gcc/arm-none-eabi/4.7.4/../../../../arm-none-eabi/lib/armv6-m\libc_s.a(lib_a-impure.o)
 .ARM.attributes
                0x00000116       0x2c c:/development/ble/nordic_dev_6/nrf51822_sdk/arm-gcc/bin/../lib/gcc/arm-none-eabi/4.7.4/../../../../arm-none-eabi/lib/armv6-m\libc_s.a(lib_a-init.o)
 .ARM.attributes
                0x00000142       0x2c c:/development/ble/nordic_dev_6/nrf51822_sdk/arm-gcc/bin/../lib/gcc/arm-none-eabi/4.7.4/../../../../arm-none-eabi/lib/armv6-m\libc_s.a(lib_a-memset.o)
 .ARM.attributes
                0x0000016e       0x2c c:/development/ble/nordic_dev_6/nrf51822_sdk/arm-gcc/bin/../lib/gcc/arm-none-eabi/4.7.4/../../../../arm-none-eabi/lib/armv6-m\libnosys.a(_exit.o)
 .ARM.attributes
                0x0000019a       0x1b _build/startup_nrf51.os
 .ARM.attributes
                0x000001b5       0x31 _build/system_nrf51.o
 .ARM.attributes
                0x000001e6       0x31 _build/ble_uart_c.o
 .ARM.attributes
                0x00000217       0x31 _build/blinkm.o
 .ARM.attributes
                0x00000248       0x31 _build/debug.o
 .ARM.attributes
                0x00000279       0x31 _build/main.o
 .ARM.attributes
                0x000002aa       0x31 _build/retarget.o
 .ARM.attributes
                0x000002db       0x31 _build/SwitchbotNordic.o
 .ARM.attributes
                0x0000030c       0x31 _build/time_utils.o
 .ARM.attributes
                0x0000033d       0x31 _build/twi_master.o
 .ARM.attributes
                0x0000036e       0x31 _build/uart_comm2.o
 .ARM.attributes
                0x0000039f       0x31 _build/nrf_delay.o
 .ARM.attributes
                0x000003d0       0x31 _build/app_gpiote.o
 .ARM.attributes
                0x00000401       0x31 _build/ble_hrs_c.o
 .ARM.attributes
                0x00000432       0x31 _build/ble_debug_assert_handler.o
 .ARM.attributes
                0x00000463       0x31 _build/pstorage.o
 .ARM.attributes
                0x00000494       0x31 _build/device_manager_central.o
 .ARM.attributes
                0x000004c5       0x31 _build/softdevice_handler.o
 .ARM.attributes
                0x000004f6       0x31 _build/ble_db_discovery.o
 .ARM.attributes
                0x00000527       0x1e c:/development/ble/nordic_dev_6/nrf51822_sdk/arm-gcc/bin/../lib/gcc/arm-none-eabi/4.7.4/armv6-m\libgcc.a(_udivsi3.o)
 .ARM.attributes
                0x00000545       0x1e c:/development/ble/nordic_dev_6/nrf51822_sdk/arm-gcc/bin/../lib/gcc/arm-none-eabi/4.7.4/armv6-m\libgcc.a(_divsi3.o)
 .ARM.attributes
                0x00000563       0x1e c:/development/ble/nordic_dev_6/nrf51822_sdk/arm-gcc/bin/../lib/gcc/arm-none-eabi/4.7.4/armv6-m\libgcc.a(_dvmd_tls.o)
 .ARM.attributes
                0x00000581       0x2c c:/development/ble/nordic_dev_6/nrf51822_sdk/arm-gcc/bin/../lib/gcc/arm-none-eabi/4.7.4/armv6-m\libgcc.a(_muldi3.o)
 .ARM.attributes
                0x000005ad       0x2c c:/development/ble/nordic_dev_6/nrf51822_sdk/arm-gcc/bin/../lib/gcc/arm-none-eabi/4.7.4/../../../../arm-none-eabi/lib/armv6-m\libc_s.a(lib_a-memcmp.o)
 .ARM.attributes
                0x000005d9       0x2c c:/development/ble/nordic_dev_6/nrf51822_sdk/arm-gcc/bin/../lib/gcc/arm-none-eabi/4.7.4/../../../../arm-none-eabi/lib/armv6-m\libc_s.a(lib_a-memcpy.o)
 .ARM.attributes
                0x00000605       0x2c c:/development/ble/nordic_dev_6/nrf51822_sdk/arm-gcc/bin/../lib/gcc/arm-none-eabi/4.7.4/../../../../arm-none-eabi/lib/armv6-m\libc_s.a(lib_a-printf.o)
 .ARM.attributes
                0x00000631       0x2c c:/development/ble/nordic_dev_6/nrf51822_sdk/arm-gcc/bin/../lib/gcc/arm-none-eabi/4.7.4/../../../../arm-none-eabi/lib/armv6-m\libc_s.a(lib_a-puts.o)
 .ARM.attributes
                0x0000065d       0x2c c:/development/ble/nordic_dev_6/nrf51822_sdk/arm-gcc/bin/../lib/gcc/arm-none-eabi/4.7.4/../../../../arm-none-eabi/lib/armv6-m\libc_s.a(lib_a-strcmp.o)
 .ARM.attributes
                0x00000689       0x2c c:/development/ble/nordic_dev_6/nrf51822_sdk/arm-gcc/bin/../lib/gcc/arm-none-eabi/4.7.4/../../../../arm-none-eabi/lib/armv6-m\libc_s.a(lib_a-strcpy.o)
 .ARM.attributes
                0x000006b5       0x2c c:/development/ble/nordic_dev_6/nrf51822_sdk/arm-gcc/bin/../lib/gcc/arm-none-eabi/4.7.4/../../../../arm-none-eabi/lib/armv6-m\libc_s.a(lib_a-strncpy.o)
 .ARM.attributes
                0x000006e1       0x2c c:/development/ble/nordic_dev_6/nrf51822_sdk/arm-gcc/bin/../lib/gcc/arm-none-eabi/4.7.4/../../../../arm-none-eabi/lib/armv6-m\libc_s.a(lib_a-vfprintf.o)
 .ARM.attributes
                0x0000070d       0x2c c:/development/ble/nordic_dev_6/nrf51822_sdk/arm-gcc/bin/../lib/gcc/arm-none-eabi/4.7.4/../../../../arm-none-eabi/lib/armv6-m\libc_s.a(lib_a-vfprintf_i.o)
 .ARM.attributes
                0x00000739       0x2c c:/development/ble/nordic_dev_6/nrf51822_sdk/arm-gcc/bin/../lib/gcc/arm-none-eabi/4.7.4/../../../../arm-none-eabi/lib/armv6-m\libc_s.a(lib_a-wbuf.o)
 .ARM.attributes
                0x00000765       0x2c c:/development/ble/nordic_dev_6/nrf51822_sdk/arm-gcc/bin/../lib/gcc/arm-none-eabi/4.7.4/../../../../arm-none-eabi/lib/armv6-m\libc_s.a(lib_a-wsetup.o)
 .ARM.attributes
                0x00000791       0x2c c:/development/ble/nordic_dev_6/nrf51822_sdk/arm-gcc/bin/../lib/gcc/arm-none-eabi/4.7.4/../../../../arm-none-eabi/lib/armv6-m\libc_s.a(lib_a-fflush.o)
 .ARM.attributes
                0x000007bd       0x2c c:/development/ble/nordic_dev_6/nrf51822_sdk/arm-gcc/bin/../lib/gcc/arm-none-eabi/4.7.4/../../../../arm-none-eabi/lib/armv6-m\libc_s.a(lib_a-findfp.o)
 .ARM.attributes
                0x000007e9       0x2c c:/development/ble/nordic_dev_6/nrf51822_sdk/arm-gcc/bin/../lib/gcc/arm-none-eabi/4.7.4/../../../../arm-none-eabi/lib/armv6-m\libc_s.a(lib_a-fputwc.o)
 .ARM.attributes
                0x00000815       0x2c c:/development/ble/nordic_dev_6/nrf51822_sdk/arm-gcc/bin/../lib/gcc/arm-none-eabi/4.7.4/../../../../arm-none-eabi/lib/armv6-m\libc_s.a(lib_a-freer.o)
 .ARM.attributes
                0x00000841       0x2c c:/development/ble/nordic_dev_6/nrf51822_sdk/arm-gcc/bin/../lib/gcc/arm-none-eabi/4.7.4/../../../../arm-none-eabi/lib/armv6-m\libc_s.a(lib_a-fvwrite.o)
 .ARM.attributes
                0x0000086d       0x2c c:/development/ble/nordic_dev_6/nrf51822_sdk/arm-gcc/bin/../lib/gcc/arm-none-eabi/4.7.4/../../../../arm-none-eabi/lib/armv6-m\libc_s.a(lib_a-fwalk.o)
 .ARM.attributes
                0x00000899       0x2c c:/development/ble/nordic_dev_6/nrf51822_sdk/arm-gcc/bin/../lib/gcc/arm-none-eabi/4.7.4/../../../../arm-none-eabi/lib/armv6-m\libc_s.a(lib_a-locale.o)
 .ARM.attributes
                0x000008c5       0x2c c:/development/ble/nordic_dev_6/nrf51822_sdk/arm-gcc/bin/../lib/gcc/arm-none-eabi/4.7.4/../../../../arm-none-eabi/lib/armv6-m\libc_s.a(lib_a-makebuf.o)
 .ARM.attributes
                0x000008f1       0x2c c:/development/ble/nordic_dev_6/nrf51822_sdk/arm-gcc/bin/../lib/gcc/arm-none-eabi/4.7.4/../../../../arm-none-eabi/lib/armv6-m\libc_s.a(lib_a-mallocr.o)
 .ARM.attributes
                0x0000091d       0x2c c:/development/ble/nordic_dev_6/nrf51822_sdk/arm-gcc/bin/../lib/gcc/arm-none-eabi/4.7.4/../../../../arm-none-eabi/lib/armv6-m\libc_s.a(lib_a-memchr.o)
 .ARM.attributes
                0x00000949       0x2c c:/development/ble/nordic_dev_6/nrf51822_sdk/arm-gcc/bin/../lib/gcc/arm-none-eabi/4.7.4/../../../../arm-none-eabi/lib/armv6-m\libc_s.a(lib_a-memmove.o)
 .ARM.attributes
                0x00000975       0x2c c:/development/ble/nordic_dev_6/nrf51822_sdk/arm-gcc/bin/../lib/gcc/arm-none-eabi/4.7.4/../../../../arm-none-eabi/lib/armv6-m\libc_s.a(lib_a-putc.o)
 .ARM.attributes
                0x000009a1       0x2c c:/development/ble/nordic_dev_6/nrf51822_sdk/arm-gcc/bin/../lib/gcc/arm-none-eabi/4.7.4/../../../../arm-none-eabi/lib/armv6-m\libc_s.a(lib_a-reallocr.o)
 .ARM.attributes
                0x000009cd       0x2c c:/development/ble/nordic_dev_6/nrf51822_sdk/arm-gcc/bin/../lib/gcc/arm-none-eabi/4.7.4/../../../../arm-none-eabi/lib/armv6-m\libc_s.a(lib_a-sbrkr.o)
 .ARM.attributes
                0x000009f9       0x2c c:/development/ble/nordic_dev_6/nrf51822_sdk/arm-gcc/bin/../lib/gcc/arm-none-eabi/4.7.4/../../../../arm-none-eabi/lib/armv6-m\libc_s.a(lib_a-stdio.o)
 .ARM.attributes
                0x00000a25       0x2c c:/development/ble/nordic_dev_6/nrf51822_sdk/arm-gcc/bin/../lib/gcc/arm-none-eabi/4.7.4/../../../../arm-none-eabi/lib/armv6-m\libc_s.a(lib_a-strlen.o)
 .ARM.attributes