ARM Linker, 5.03 [Build 76] [MDK-ARM Standard]

==============================================================================

Section Cross References

    arm_startup_nrf51.o(STACK) refers (Special) to heapauxi.o(.text) for __use_two_region_memory
    arm_startup_nrf51.o(HEAP) refers (Special) to heapauxi.o(.text) for __use_two_region_memory
    arm_startup_nrf51.o(RESET) refers (Special) to heapauxi.o(.text) for __use_two_region_memory
    arm_startup_nrf51.o(RESET) refers to arm_startup_nrf51.o(STACK) for __initial_sp
    arm_startup_nrf51.o(RESET) refers to arm_startup_nrf51.o(.text) for Reset_Handler
    arm_startup_nrf51.o(RESET) refers to main.o(.text) for UART0_IRQHandler
    arm_startup_nrf51.o(RESET) refers to app_gpiote.o(.text) for GPIOTE_IRQHandler
    arm_startup_nrf51.o(RESET) refers to time_utils.o(.text) for RTC1_IRQHandler
    arm_startup_nrf51.o(RESET) refers to softdevice_handler.o(.text) for SWI2_IRQHandler
    arm_startup_nrf51.o(.text) refers (Special) to heapauxi.o(.text) for __use_two_region_memory
    arm_startup_nrf51.o(.text) refers to system_nrf51.o(.text) for SystemInit
    arm_startup_nrf51.o(.text) refers to __main.o(!!!main) for __main
    arm_startup_nrf51.o(.text) refers to arm_startup_nrf51.o(HEAP) for Heap_Mem
    arm_startup_nrf51.o(.text) refers to arm_startup_nrf51.o(STACK) for Stack_Mem
    system_nrf51.o(.text) refers to system_nrf51.o(.data) for SystemCoreClock
    main.o(.text) refers to _printf_percent.o(.ARM.Collect$$_printf_percent$$00000000) for _printf_percent
    main.o(.text) refers to _printf_d.o(.ARM.Collect$$_printf_percent$$00000009) for _printf_d
    main.o(.text) refers to _printf_dec.o(.text) for _printf_int_dec
    main.o(.text) refers to noretval__2printf.o(.text) for __2printf
    main.o(.text) refers to uart_comm2.o(.text) for simple_uart_put
    main.o(.text) refers to debug.o(.text) for debug_save_state
    main.o(.text) refers to ble_uart_c.o(.text) for ble_uart_c_rx_notif_enable
    main.o(.text) refers to pstorage.o(.text) for pstorage_access_status_get
    main.o(.text) refers to device_manager_central.o(.text) for dm_whitelist_create
    main.o(.text) refers to rt_memcpy.o(.text) for __aeabi_memcpy
    main.o(.text) refers to ble_db_discovery.o(.text) for ble_db_discovery_start
    main.o(.text) refers to rt_memclr.o(.text) for __aeabi_memclr
    main.o(.text) refers to ble_hrs_c.o(.text) for ble_hrs_c_hrm_notif_enable
    main.o(.text) refers to main.o(.data) for timer2_counter
    main.o(.text) refers to main.o(.bss) for m_scan_param
    main.o(.text) refers to main.o(.constdata) for .constdata
    main.o(.text) refers to main.o(i.__ARM_common_switch8) for __ARM_common_switch8
    main.o(.text) refers to strcpy.o(.text) for strcpy
    main.o(.text) refers to strcmp.o(.text) for strcmp
    main.o(.text) refers to softdevice_handler.o(.text) for softdevice_handler_init
    main.o(.text) refers to aeabi_sdiv.o(.text) for __aeabi_idivmod
    main.o(.text) refers to nrf_delay.o(.text) for nrf_delay_ms
    main.o(.text) refers to time_utils.o(.text) for millis
    main.o(.text) refers to main.o(.emb_text) for __asm___6_main_c_ac646204__nrf_delay_us
    main.o(.text) refers to switchbotnordic.o(.text) for calculate_speed2
    main.o(.data) refers to main.o(.conststring) for .conststring
    ble_uart_c.o(.text) refers to _printf_percent.o(.ARM.Collect$$_printf_percent$$00000000) for _printf_percent
    ble_uart_c.o(.text) refers to _printf_d.o(.ARM.Collect$$_printf_percent$$00000009) for _printf_d
    ble_uart_c.o(.text) refers to _printf_dec.o(.text) for _printf_int_dec
    ble_uart_c.o(.text) refers to noretval__2printf.o(.text) for __2printf
    ble_uart_c.o(.text) refers to rt_memcpy.o(.text) for __aeabi_memcpy
    ble_uart_c.o(.text) refers to ble_db_discovery.o(.text) for ble_db_discovery_evt_register
    ble_uart_c.o(.text) refers to ble_uart_c.o(.data) for m_tx_index
    ble_uart_c.o(.text) refers to ble_uart_c.o(.bss) for m_tx_buffer
    ble_uart_c.o(.text) refers to ble_uart_c.o(.constdata) for .constdata
    blinkm.o(.text) refers to twi_master.o(.text) for twi_master_transfer
    blinkm.o(.text) refers to main.o(i.__ARM_common_switch8) for __ARM_common_switch8
    blinkm.o(.text) refers to blinkm.o(.constdata) for .constdata
    debug.o(.text) refers to rt_memclr.o(.text) for __aeabi_memclr4
    debug.o(.text) refers to debug.o(.data) for debug_cnt
    debug.o(.text) refers to debug.o(.bss) for debug
    switchbotnordic.o(.text) refers to aeabi_sdiv.o(.text) for __aeabi_idivmod
    switchbotnordic.o(.text) refers to rt_memcpy.o(.text) for __aeabi_memcpy
    switchbotnordic.o(.text) refers to switchbotnordic.o(.data) for range
    time_utils.o(.text) refers to llmul.o(.text) for __aeabi_lmul
    time_utils.o(.text) refers to time_utils.o(.data) for rtc1
    twi_master.o(.text) refers to twi_master.o(.emb_text) for __asm___12_twi_master_c_959ec897__nrf_delay_us
[...]
    ../clib/longlong.c                       0x00000000   Number         0  llmul.o ABSOLUTE
    ../clib/memcpset.c                       0x00000000   Number         0  rt_memcpy.o ABSOLUTE
    ../clib/memcpset.c                       0x00000000   Number         0  rt_memclr.o ABSOLUTE
    ../clib/memcpset.c                       0x00000000   Number         0  rt_memcpy.o ABSOLUTE
    ../clib/misc.s                           0x00000000   Number         0  printf_stubs.o ABSOLUTE
    ../clib/printf.c                         0x00000000   Number         0  _printf_char_file.o ABSOLUTE
    ../clib/printf.c                         0x00000000   Number         0  __printf.o ABSOLUTE
    ../clib/printf.c                         0x00000000   Number         0  _printf_dec.o ABSOLUTE
    ../clib/printf.c                         0x00000000   Number         0  _printf_intcommon.o ABSOLUTE
    ../clib/printf.c                         0x00000000   Number         0  _printf_pad.o ABSOLUTE
    ../clib/printf.c                         0x00000000   Number         0  _printf_hex_ll.o ABSOLUTE
    ../clib/printf.c                         0x00000000   Number         0  _printf_hex_int.o ABSOLUTE
    ../clib/printf.c                         0x00000000   Number         0  _printf_hex_int_ll_ptr.o ABSOLUTE
    ../clib/printf.c                         0x00000000   Number         0  _printf_hex_int_ll.o ABSOLUTE
    ../clib/printf.c                         0x00000000   Number         0  _printf_hex_ptr.o ABSOLUTE
    ../clib/printf.c                         0x00000000   Number         0  _printf_hex_int_ptr.o ABSOLUTE
    ../clib/printf.c                         0x00000000   Number         0  _printf_char_common.o ABSOLUTE
    ../clib/printf.c                         0x00000000   Number         0  __printf_flags_ss_wp.o ABSOLUTE
    ../clib/printf.c                         0x00000000   Number         0  __printf_ss_wp.o ABSOLUTE
    ../clib/printf.c                         0x00000000   Number         0  __printf_flags_wp.o ABSOLUTE
    ../clib/printf.c                         0x00000000   Number         0  __printf_wp.o ABSOLUTE
    ../clib/printf.c                         0x00000000   Number         0  noretval__2printf.o ABSOLUTE
    ../clib/printf.c                         0x00000000   Number         0  __2printf.o ABSOLUTE
    ../clib/printf.c                         0x00000000   Number         0  __printf_nopercent.o ABSOLUTE
    ../clib/printf.c                         0x00000000   Number         0  __printf_flags_ss.o ABSOLUTE
    ../clib/printf.c                         0x00000000   Number         0  __printf_flags.o ABSOLUTE
    ../clib/printf.c                         0x00000000   Number         0  __printf_ss.o ABSOLUTE
    ../clib/printf.c                         0x00000000   Number         0  _printf_hex_ll_ptr.o ABSOLUTE
    ../clib/printf_percent.s                 0x00000000   Number         0  _printf_p.o ABSOLUTE
    ../clib/printf_percent.s                 0x00000000   Number         0  _printf_percent_end.o ABSOLUTE
    ../clib/printf_percent.s                 0x00000000   Number         0  _printf_x.o ABSOLUTE
    ../clib/printf_percent.s                 0x00000000   Number         0  _printf_percent.o ABSOLUTE
    ../clib/printf_percent.s                 0x00000000   Number         0  _printf_d.o ABSOLUTE
    ../clib/signal.c                         0x00000000   Number         0  defsig_stak_inner.o ABSOLUTE
    ../clib/signal.c                         0x00000000   Number         0  defsig_rtmem_formal.o ABSOLUTE
    ../clib/signal.c                         0x00000000   Number         0  defsig_rtmem_outer.o ABSOLUTE
    ../clib/signal.c                         0x00000000   Number         0  defsig_rtmem_inner.o ABSOLUTE
    ../clib/signal.c                         0x00000000   Number         0  defsig_rtred_inner.o ABSOLUTE
    ../clib/signal.c                         0x00000000   Number         0  defsig_abrt_inner.o ABSOLUTE
    ../clib/signal.c                         0x00000000   Number         0  defsig_fpe_inner.o ABSOLUTE
    ../clib/signal.c                         0x00000000   Number         0  defsig_exit.o ABSOLUTE
    ../clib/signal.c                         0x00000000   Number         0  defsig_fpe_formal.o ABSOLUTE
    ../clib/signal.c                         0x00000000   Number         0  defsig_fpe_outer.o ABSOLUTE
    ../clib/signal.c                         0x00000000   Number         0  __raise.o ABSOLUTE
    ../clib/signal.c                         0x00000000   Number         0  defsig_other.o ABSOLUTE
    ../clib/signal.c                         0x00000000   Number         0  defsig_segv_inner.o ABSOLUTE
    ../clib/signal.c                         0x00000000   Number         0  defsig_cppl_inner.o ABSOLUTE
    ../clib/signal.c                         0x00000000   Number         0  defsig_pvfn_inner.o ABSOLUTE
    ../clib/signal.c                         0x00000000   Number         0  defsig_general.o ABSOLUTE
    ../clib/signal.s                         0x00000000   Number         0  defsig.o ABSOLUTE
    ../clib/stdio.c                          0x00000000   Number         0  ferror_locked.o ABSOLUTE
    ../clib/stdio.c                          0x00000000   Number         0  ferror.o ABSOLUTE
    ../clib/stdlib.c                         0x00000000   Number         0  exit.o ABSOLUTE
    ../clib/string.c                         0x00000000   Number         0  memcmp.o ABSOLUTE
    ../clib/string.c                         0x00000000   Number         0  strcpy.o ABSOLUTE
    ../clib/string.c                         0x00000000   Number         0  strncpy.o ABSOLUTE
    ../clib/string.c                         0x00000000   Number         0  strcmp.o ABSOLUTE
    ../fplib/cfplib/fpinit.c                 0x00000000   Number         0  fpinit.o ABSOLUTE
    ..\SwitchbotNordic.c                     0x00000000   Number         0  switchbotnordic.o ABSOLUTE
    ..\\SwitchbotNordic.c                    0x00000000   Number         0  switchbotnordic.o ABSOLUTE
    ..\\main.c                               0x00000000   Number         0  main.o ABSOLUTE
    ..\\time_utils.c                         0x00000000   Number         0  time_utils.o ABSOLUTE
    ..\\twi_master.c                         0x00000000   Number         0  twi_master.o ABSOLUTE
    ..\\uart_comm2.c                         0x00000000   Number         0  uart_comm2.o ABSOLUTE
    ..\ble_uart_c.c                          0x00000000   Number         0  ble_uart_c.o ABSOLUTE
    ..\blinkm.c                              0x00000000   Number         0  blinkm.o ABSOLUTE
    ..\debug.c                               0x00000000   Number         0  debug.o ABSOLUTE
    ..\device_manager_central.c              0x00000000   Number         0  device_manager_central.o ABSOLUTE
    ..\main.c                                0x00000000   Number         0  main.o ABSOLUTE
    ..\time_utils.c                          0x00000000   Number         0  time_utils.o ABSOLUTE
    ..\twi_master.c                          0x00000000   Number         0  twi_master.o ABSOLUTE
    ..\uart_comm2.c                          0x00000000   Number         0  uart_comm2.o ABSOLUTE
    C:\Development\BLE\NORDIC_DEV_6\nrf51822_sdk\Source\app_common\app_gpiote.c 0x00000000   Number         0  app_gpiote.o ABSOLUTE
    C:\Development\BLE\NORDIC_DEV_6\nrf51822_sdk\Source\app_common\app_trace.c 0x00000000   Number         0  app_trace.o ABSOLUTE
    C:\Development\BLE\NORDIC_DEV_6\nrf51822_sdk\Source\app_common\pstorage.c 0x00000000   Number         0  pstorage.o ABSOLUTE
    C:\Development\BLE\NORDIC_DEV_6\nrf51822_sdk\Source\ble\ble_db_discovery.c 0x00000000   Number         0  ble_db_discovery.o ABSOLUTE
    C:\Development\BLE\NORDIC_DEV_6\nrf51822_sdk\Source\ble\ble_debug_assert_handler.c 0x00000000   Number         0  ble_debug_assert_handler.o ABSOLUTE
    C:\Development\BLE\NORDIC_DEV_6\nrf51822_sdk\Source\ble\ble_services\ble_hrs_c.c 0x00000000   Number         0  ble_hrs_c.o ABSOLUTE
    C:\Development\BLE\NORDIC_DEV_6\nrf51822_sdk\Source\nrf_delay\nrf_delay.c 0x00000000   Number         0  nrf_delay.o ABSOLUTE
    C:\Development\BLE\NORDIC_DEV_6\nrf51822_sdk\Source\sd_common\softdevice_handler.c 0x00000000   Number         0  softdevice_handler.o ABSOLUTE
    C:\Development\BLE\NORDIC_DEV_6\nrf51822_sdk\Source\templates\arm\arm_startup_nrf51.s 0x00000000   Number         0  arm_startup_nrf51.o ABSOLUTE
    C:\Development\BLE\NORDIC_DEV_6\nrf51822_sdk\Source\templates\system_nrf51.c 0x00000000   Number         0  system_nrf51.o ABSOLUTE
    C:\\Development\\BLE\\NORDIC_DEV_6\\nrf51822_sdk\\Source\\app_common\\app_gpiote.c 0x00000000   Number         0  app_gpiote.o ABSOLUTE
    C:\\Development\\BLE\\NORDIC_DEV_6\\nrf51822_sdk\\Source\\app_common\\app_trace.c 0x00000000   Number         0  app_trace.o ABSOLUTE
    C:\\Development\\BLE\\NORDIC_DEV_6\\nrf51822_sdk\\Source\\app_common\\pstorage.c 0x00000000   Number         0  pstorage.o ABSOLUTE
    C:\\Development\\BLE\\NORDIC_DEV_6\\nrf51822_sdk\\Source\\ble\\ble_debug_assert_handler.c 0x00000000   Number         0  ble_debug_assert_handler.o ABSOLUTE
    C:\\Development\\BLE\\NORDIC_DEV_6\\nrf51822_sdk\\Source\\nrf_delay\\nrf_delay.c 0x00000000   Number         0  nrf_delay.o ABSOLUTE
    C:\\Development\\BLE\\NORDIC_DEV_6\\nrf51822_sdk\\Source\\sd_common\\softdevice_handler.c 0x00000000   Number         0  softdevice_handler.o ABSOLUTE
    C:\\Development\\BLE\\NORDIC_DEV_6\\nrf51822_sdk\\Source\\templates\\system_nrf51.c 0x00000000   Number         0  system_nrf51.o ABSOLUTE
    dc.s                                     0x00000000   Number         0  dc.o ABSOLUTE
    RESET                                    0x00018000   Section      192  arm_startup_nrf51.o(RESET)
    !!!main                                  0x000180c0   Section        8  __main.o(!!!main)
    !!!scatter                               0x000180c8   Section       60  __scatter.o(!!!scatter)
    !!handler_zi                             0x00018104   Section       28  __scatter_zi.o(!!handler_zi)
    .ARM.Collect$$_printf_percent$$00000000  0x00018120   Section        2  _printf_percent.o(.ARM.Collect$$_printf_percent$$00000000)
    .ARM.Collect$$_printf_percent$$00000002  0x00018122   Section       10  _printf_p.o(.ARM.Collect$$_printf_percent$$00000002)
    .ARM.Collect$$_printf_percent$$00000009  0x0001812c   Section       10  _printf_d.o(.ARM.Collect$$_printf_percent$$00000009)
    .ARM.Collect$$_printf_percent$$0000000C  0x00018136   Section       10  _printf_x.o(.ARM.Collect$$_printf_percent$$0000000C)
    .ARM.Collect$$_printf_percent$$00000017  0x00018140   Section        4  _printf_percent_end.o(.ARM.Collect$$_printf_percent$$00000017)
    .ARM.Collect$$libinit$$00000000          0x00018144   Section        2  libinit.o(.ARM.Collect$$libinit$$00000000)
    .ARM.Collect$$libinit$$00000001          0x00018146   Section        4  libinit2.o(.ARM.Collect$$libinit$$00000001)
    .ARM.Collect$$libinit$$00000008          0x0001814a   Section        0  libinit2.o(.ARM.Collect$$libinit$$00000008)
    .ARM.Collect$$libinit$$0000000A          0x0001814a   Section        0  libinit2.o(.ARM.Collect$$libinit$$0000000A)
    .ARM.Collect$$libinit$$0000000C          0x0001814a   Section        0  libinit2.o(.ARM.Collect$$libinit$$0000000C)
    .ARM.Collect$$libinit$$0000000F          0x0001814a   Section        0  libinit2.o(.ARM.Collect$$libinit$$0000000F)
    .ARM.Collect$$libinit$$00000011          0x0001814a   Section        0  libinit2.o(.ARM.Collect$$libinit$$00000011)
    .ARM.Collect$$libinit$$00000013          0x0001814a   Section        0  libinit2.o(.ARM.Collect$$libinit$$00000013)
    .ARM.Collect$$libinit$$00000015          0x0001814a   Section        0  libinit2.o(.ARM.Collect$$libinit$$00000015)
    .ARM.Collect$$libinit$$00000017          0x0001814a   Section        0  libinit2.o(.ARM.Collect$$libinit$$00000017)
    .ARM.Collect$$libinit$$00000019          0x0001814a   Section        0  libinit2.o(.ARM.Collect$$libinit$$00000019)
    .ARM.Collect$$libinit$$0000001B          0x0001814a   Section        0  libinit2.o(.ARM.Collect$$libinit$$0000001B)
    .ARM.Collect$$libinit$$0000001D          0x0001814a   Section        0  libinit2.o(.ARM.Collect$$libinit$$0000001D)
    .ARM.Collect$$libinit$$0000001F          0x0001814a   Section        0  libinit2.o(.ARM.Collect$$libinit$$0000001F)
    .ARM.Collect$$libinit$$00000021          0x0001814a   Section        0  libinit2.o(.ARM.Collect$$libinit$$00000021)
    .ARM.Collect$$libinit$$00000023          0x0001814a   Section        0  libinit2.o(.ARM.Collect$$libinit$$00000023)
    .ARM.Collect$$libinit$$0000002A          0x0001814a   Section        0  libinit2.o(.ARM.Collect$$libinit$$0000002A)
    .ARM.Collect$$libinit$$0000002C          0x0001814a   Section        0  libinit2.o(.ARM.Collect$$libinit$$0000002C)
    .ARM.Collect$$libinit$$0000002E          0x0001814a   Section        0  libinit2.o(.ARM.Collect$$libinit$$0000002E)
    .ARM.Collect$$libinit$$00000030          0x0001814a   Section        0  libinit2.o(.ARM.Collect$$libinit$$00000030)
    .ARM.Collect$$libinit$$00000031          0x0001814a   Section        2  libinit2.o(.ARM.Collect$$libinit$$00000031)
    .ARM.Collect$$libshutdown$$00000000      0x0001814c   Section        2  libshutdown.o(.ARM.Collect$$libshutdown$$00000000)
    .ARM.Collect$$libshutdown$$00000003      0x0001814e   Section        0  libshutdown2.o(.ARM.Collect$$libshutdown$$00000003)
    .ARM.Collect$$libshutdown$$00000006      0x0001814e   Section        0  libshutdown2.o(.ARM.Collect$$libshutdown$$00000006)
    .ARM.Collect$$libshutdown$$00000009      0x0001814e   Section        0  libshutdown2.o(.ARM.Collect$$libshutdown$$00000009)
    .ARM.Collect$$libshutdown$$0000000B      0x0001814e   Section        0  libshutdown2.o(.ARM.Collect$$libshutdown$$0000000B)
    .ARM.Collect$$libshutdown$$0000000E      0x0001814e   Section        0  libshutdown2.o(.ARM.Collect$$libshutdown$$0000000E)
    .ARM.Collect$$libshutdown$$0000000F      0x0001814e   Section        2  libshutdown2.o(.ARM.Collect$$libshutdown$$0000000F)
    .ARM.Collect$$rtentry$$00000000          0x00018150   Section        0  rtentry.o(.ARM.Collect$$rtentry$$00000000)
    .ARM.Collect$$rtentry$$00000002          0x00018150   Section        0  rtentry2.o(.ARM.Collect$$rtentry$$00000002)
    .ARM.Collect$$rtentry$$00000004          0x00018150   Section        6  rtentry4.o(.ARM.Collect$$rtentry$$00000004)
    .ARM.Collect$$rtentry$$00000009          0x00018156   Section        0  rtentry2.o(.ARM.Collect$$rtentry$$00000009)
    .ARM.Collect$$rtentry$$0000000A          0x00018156   Section        4  rtentry2.o(.ARM.Collect$$rtentry$$0000000A)
    .ARM.Collect$$rtentry$$0000000C          0x0001815a   Section        0  rtentry2.o(.ARM.Collect$$rtentry$$0000000C)
    .ARM.Collect$$rtentry$$0000000D          0x0001815a   Section        8  rtentry2.o(.ARM.Collect$$rtentry$$0000000D)
    .ARM.Collect$$rtexit$$00000000           0x00018162   Section        2  rtexit.o(.ARM.Collect$$rtexit$$00000000)
    .ARM.Collect$$rtexit$$00000002           0x00018164   Section        0  rtexit2.o(.ARM.Collect$$rtexit$$00000002)
    .ARM.Collect$$rtexit$$00000003           0x00018164   Section        4  rtexit2.o(.ARM.Collect$$rtexit$$00000003)
    .ARM.Collect$$rtexit$$00000004           0x00018168   Section        6  rtexit2.o(.ARM.Collect$$rtexit$$00000004)
    .emb_text                                0x00018170   Section       30  main.o(.emb_text)
    .emb_text                                0x00018190   Section       30  uart_comm2.o(.emb_text)
    .emb_text                                0x000181b0   Section       30  nrf_delay.o(.emb_text)
    .emb_text                                0x000181d0   Section       56  rt_memcpy.o(.emb_text)
    .text                                    0x00018208   Section       84  arm_startup_nrf51.o(.text)
    .text                                    0x0001825c   Section        0  system_nrf51.o(.text)
    is_disabled_in_debug_needed              0x00018265   Thumb Code    48  system_nrf51.o(.text)
    is_manual_peripheral_setup_needed        0x00018295   Thumb Code    94  system_nrf51.o(.text)
    .text                                    0x00018334   Section        0  main.o(.text)
    NVIC_SetPriority                         0x00018335   Thumb Code   110  main.o(.text)
    uart_c_evt_handler                       0x000184cb   Thumb Code    72  main.o(.text)
    scan_start                               0x00018513   Thumb Code   254  main.o(.text)
    device_manager_event_handler             0x00018611   Thumb Code   594  main.o(.text)
    adv_report_parse                         0x00018863   Thumb Code    52  main.o(.text)
    on_ble_evt                               0x00018897   Thumb Code   450  main.o(.text)
    on_sys_evt                               0x00018a59   Thumb Code    42  main.o(.text)
    ble_evt_dispatch                         0x00018a83   Thumb Code    34  main.o(.text)
    sys_evt_dispatch                         0x00018aa5   Thumb Code    18  main.o(.text)
    ble_stack_init                           0x00018ab7   Thumb Code   108  main.o(.text)
    device_manager_init                      0x00018b23   Thumb Code   842  main.o(.text)
    leds_init                                0x00018e6d   Thumb Code    74  main.o(.text)
    receiver_IRM_coord                       0x00018eb7   Thumb Code   280  main.o(.text)
    power_manage                             0x00019649   Thumb Code    30  main.o(.text)
    hrs_c_evt_handler                        0x00019667   Thumb Code   288  main.o(.text)
    hrs_c_init                               0x00019787   Thumb Code    42  main.o(.text)
    uart_c_init                              0x000197b1   Thumb Code    50  main.o(.text)
    db_discovery_init                        0x000197e3   Thumb Code    34  main.o(.text)
    uart_init                                0x00019805   Thumb Code    46  main.o(.text)
    NVIC_EnableIRQ                           0x00019d33   Thumb Code    14  main.o(.text)
    nrf_gpio_cfg_output                      0x00019d41   Thumb Code    18  main.o(.text)
    nrf_gpio_cfg_input                       0x00019d53   Thumb Code    20  main.o(.text)
    nrf_gpio_pin_set                         0x00019d67   Thumb Code    10  main.o(.text)
    nrf_gpio_pin_clear                       0x00019d71   Thumb Code    10  main.o(.text)
    nrf_gpio_pin_read                        0x00019d7b   Thumb Code    14  main.o(.text)
    .text                                    0x00019db8   Section        0  ble_uart_c.o(.text)
    tx_buffer_process                        0x00019db9   Thumb Code   128  ble_uart_c.o(.text)
    on_write_rsp                             0x00019e39   Thumb Code    12  ble_uart_c.o(.text)
    on_hvx                                   0x00019e45   Thumb Code    56  ble_uart_c.o(.text)
    db_discover_evt_handler                  0x00019e7d   Thumb Code   216  ble_uart_c.o(.text)
    cccd_configure                           0x00019ff3   Thumb Code    96  ble_uart_c.o(.text)
    .text                                    0x0001a148   Section        0  debug.o(.text)
    .text                                    0x0001a1d4   Section        0  switchbotnordic.o(.text)
    motionControl_YAW                        0x0001a1d5   Thumb Code    98  switchbotnordic.o(.text)
    motionControl_DriveFWD                   0x0001a237   Thumb Code    72  switchbotnordic.o(.text)
    .text                                    0x0001a588   Section        0  time_utils.o(.text)
    NVIC_SetPriority                         0x0001a693   Thumb Code   110  time_utils.o(.text)
    .text                                    0x0001a720   Section        0  uart_comm2.o(.text)
    nrf_gpio_cfg_output                      0x0001a807   Thumb Code    18  uart_comm2.o(.text)
    nrf_gpio_cfg_input                       0x0001a819   Thumb Code    20  uart_comm2.o(.text)
    .text                                    0x0001a83c   Section        0  device_manager_central.o(.text)
    connection_instance_init                 0x0001a83d   Thumb Code    58  device_manager_central.o(.text)
    peer_instance_init                       0x0001a877   Thumb Code    84  device_manager_central.o(.text)
    connection_instance_find                 0x0001a8cb   Thumb Code    62  device_manager_central.o(.text)
    device_instance_allocate                 0x0001a909   Thumb Code   218  device_manager_central.o(.text)
    device_instance_free                     0x0001a9e3   Thumb Code    52  device_manager_central.o(.text)
    device_instance_find                     0x0001aa17   Thumb Code   180  device_manager_central.o(.text)
    app_evt_notify                           0x0001aacb   Thumb Code    30  device_manager_central.o(.text)
    storage_operation_dummy_handler          0x0001aae9   Thumb Code     8  device_manager_central.o(.text)
    device_context_store                     0x0001aaf1   Thumb Code   896  device_manager_central.o(.text)
    gatts_context_store                      0x0001ae71   Thumb Code   270  device_manager_central.o(.text)
    gattc_context_store                      0x0001af7f   Thumb Code    16  device_manager_central.o(.text)
    gatts_context_load                       0x0001af8f   Thumb Code   120  device_manager_central.o(.text)
    gattc_context_load                       0x0001b007   Thumb Code    16  device_manager_central.o(.text)
    gatts_context_apply                      0x0001b017   Thumb Code   170  device_manager_central.o(.text)
    gattc_context_apply                      0x0001b0c1   Thumb Code    14  device_manager_central.o(.text)
    dm_pstorage_cb_handler                   0x0001b53d   Thumb Code   588  device_manager_central.o(.text)
    update_status_bit_reset                  0x0001d391   Thumb Code    16  device_manager_central.o(.text)
    connection_instance_allocate             0x0001d3a1   Thumb Code    62  device_manager_central.o(.text)
    connection_instance_free                 0x0001d3df   Thumb Code   778  device_manager_central.o(.text)
    no_service_context_store                 0x0001d6e9   Thumb Code    16  device_manager_central.o(.text)
    gattsc_context_store                     0x0001d6f9   Thumb Code    40  device_manager_central.o(.text)
    no_service_context_load                  0x0001d721   Thumb Code    16  device_manager_central.o(.text)
    gattsc_context_load                      0x0001d731   Thumb Code    40  device_manager_central.o(.text)
    no_service_context_apply                 0x0001d759   Thumb Code    22  device_manager_central.o(.text)
    gattsc_context_apply                     0x0001d76f   Thumb Code    34  device_manager_central.o(.text)
    .text                                    0x0001d894   Section        0  ble_hrs_c.o(.text)
    tx_buffer_process                        0x0001d895   Thumb Code   140  ble_hrs_c.o(.text)
    on_write_rsp                             0x0001d921   Thumb Code    12  ble_hrs_c.o(.text)
    on_hvx                                   0x0001d92d   Thumb Code    82  ble_hrs_c.o(.text)
    db_discover_evt_handler                  0x0001d97f   Thumb Code   134  ble_hrs_c.o(.text)
    cccd_configure                           0x0001da8b   Thumb Code   100  ble_hrs_c.o(.text)
    .text                                    0x0001db8c   Section        0  pstorage.o(.text)
    cmd_queue_element_init                   0x0001db8d   Thumb Code    56  pstorage.o(.text)
    cmd_queue_init                           0x0001dbc5   Thumb Code    40  pstorage.o(.text)
    swap_state_process                       0x0001dbed   Thumb Code   568  pstorage.o(.text)
    cmd_process                              0x0001de25   Thumb Code   380  pstorage.o(.text)
    cmd_queue_enqueue                        0x0001dfa1   Thumb Code   138  pstorage.o(.text)
    cmd_queue_dequeue                        0x0001e02b   Thumb Code    32  pstorage.o(.text)
    app_notify                               0x0001e04b   Thumb Code   100  pstorage.o(.text)
    is_word_aligned                          0x0001e817   Thumb Code    16  pstorage.o(.text)
    .text                                    0x0001e834   Section        0  ble_db_discovery.o(.text)
    registered_handler_get                   0x0001e835   Thumb Code    56  ble_db_discovery.o(.text)
    registered_handler_set                   0x0001e86d   Thumb Code    58  ble_db_discovery.o(.text)
    pending_user_evts_send                   0x0001e8a7   Thumb Code    42  ble_db_discovery.o(.text)
    discovery_error_evt_trigger              0x0001e8d1   Thumb Code   124  ble_db_discovery.o(.text)
    discovery_complete_evt_trigger           0x0001e94d   Thumb Code   152  ble_db_discovery.o(.text)
    on_srv_disc_completion                   0x0001e9e5   Thumb Code   130  ble_db_discovery.o(.text)
    is_char_discovery_reqd                   0x0001ea67   Thumb Code    30  ble_db_discovery.o(.text)
    is_desc_discovery_reqd                   0x0001ea85   Thumb Code    84  ble_db_discovery.o(.text)
    characteristics_discover                 0x0001ead9   Thumb Code    80  ble_db_discovery.o(.text)
    descriptors_discover                     0x0001eb29   Thumb Code   178  ble_db_discovery.o(.text)
    on_primary_srv_discovery_rsp             0x0001ebdb   Thumb Code   114  ble_db_discovery.o(.text)
    on_characteristic_discovery_rsp          0x0001ec4d   Thumb Code   290  ble_db_discovery.o(.text)
    on_descriptor_discovery_rsp              0x0001ed6f   Thumb Code   194  ble_db_discovery.o(.text)
    .text                                    0x0001efb0   Section        0  softdevice_handler.o(.text)
    .text                                    0x0001f14c   Section        0  app_gpiote.o(.text)
    sense_level_toggle                       0x0001f14d   Thumb Code   124  app_gpiote.o(.text)
    pins_sense_disable                       0x0001f263   Thumb Code    96  app_gpiote.o(.text)
    NVIC_SetPriority                         0x0001f513   Thumb Code   110  app_gpiote.o(.text)
    .text                                    0x0001f5a8   Section        0  nrf_delay.o(.text)
    .text                                    0x0001f5c4   Section        0  app_trace.o(.text)
    .text                                    0x0001f61c   Section        0  llmul.o(.text)
    .text                                    0x0001f64c   Section        0  noretval__2printf.o(.text)
    .text                                    0x0001f668   Section        0  _printf_pad.o(.text)
    .text                                    0x0001f6b8   Section        0  _printf_dec.o(.text)
    .text                                    0x0001f724   Section        0  _printf_hex_int_ptr.o(.text)
    _printf_hex_common                       0x0001f725   Thumb Code     0  _printf_hex_int_ptr.o(.text)
    .text                                    0x0001f7a8   Section        0  __printf_flags_wp.o(.text)
    .text                                    0x0001f8e0   Section        0  memcmp.o(.text)
    .text                                    0x0001f93c   Section        0  strcpy.o(.text)
    .text                                    0x0001f988   Section        0  rt_memcpy.o(.text)
    .text                                    0x0001fa0a   Section        0  rt_memclr.o(.text)
    .text                                    0x0001fa4c   Section        0  strcmp.o(.text)
    .text                                    0x0001fad4   Section      346  aeabi_sdiv.o(.text)
    .text                                    0x0001fc2e   Section        0  heapauxi.o(.text)
    .text                                    0x0001fc34   Section        0  _printf_intcommon.o(.text)
    .text                                    0x0001fce4   Section        0  _printf_char_file.o(.text)
    .text                                    0x0001fd0c   Section        0  rtudiv10.o(.text)
    .text                                    0x0001fd34   Section        0  _printf_char_common.o(.text)
    _printf_input_char                       0x0001fd35   Thumb Code    10  _printf_char_common.o(.text)
    .text                                    0x0001fd64   Section        0  ferror.o(.text)
    .text                                    0x0001fd6c   Section       62  sys_stackheap_outer.o(.text)
    .text                                    0x0001fdaa   Section        0  exit.o(.text)
    .text                                    0x0001fdb8   Section        8  libspace.o(.text)
    .text                                    0x0001fdc0   Section        0  sys_exit.o(.text)
    .text                                    0x0001fdcc   Section        2  use_no_semi.o(.text)
    .text                                    0x0001fdce   Section        0  __dczerorl2.o(.text)
    .text                                    0x0001fdce   Section        0  indicate_semi.o(.text)
    i.__ARM_common_switch8                   0x0001fe24   Section        0  main.o(i.__ARM_common_switch8)
    i._is_digit                              0x0001fe40   Section        0  __printf_wp.o(i._is_digit)
    .constdata                               0x0001fe50   Section       80  main.o(.constdata)
    m_connection_param                       0x0001fe50   Data           8  main.o(.constdata)
    .constdata                               0x0001fea0   Section      162  ble_uart_c.o(.constdata)
    .constdata                               0x0001ff44   Section     1030  device_manager_central.o(.constdata)
    .constdata                               0x0002034c   Section      162  ble_hrs_c.o(.constdata)
    .constdata                               0x000203f0   Section      264  ble_db_discovery.o(.constdata)
    .constdata                               0x000204f8   Section       84  softdevice_handler.o(.constdata)
    .constdata                               0x0002054c   Section       40  _printf_hex_int_ptr.o(.constdata)
    uc_hextab                                0x0002054c   Data          20  _printf_hex_int_ptr.o(.constdata)
    lc_hextab                                0x00020560   Data          20  _printf_hex_int_ptr.o(.constdata)
    .constdata                               0x00020574   Section       17  __printf_flags_wp.o(.constdata)
    maptable                                 0x00020574   Data          17  __printf_flags_wp.o(.constdata)
    .conststring                             0x00020585   Section       78  main.o(.conststring)
    .data                                    0x20002800   Section        4  system_nrf51.o(.data)
    __tagsym$$used                           0x20002800   Number         0  system_nrf51.o(.data)
    .data                                    0x20002804   Section      237  main.o(.data)
    m_peer_count                             0x20002804   Data           1  main.o(.data)
    m_memory_access_in_progress              0x20002805   Data           1  main.o(.data)
    m_ir_measure                             0x20002807   Data           5  main.o(.data)
    m_connect                                0x2000280c   Data           1  main.o(.data)
    m_is_disconnected                        0x2000280d   Data           1  main.o(.data)
    m_beacons                                0x20002810   Data         100  main.o(.data)
    m_device_name                            0x20002874   Data           4  main.o(.data)
    m_closeset_device                        0x20002878   Data           4  main.o(.data)
    m_closeset_idx                           0x2000287c   Data           1  main.o(.data)
    m_closeset_index                         0x20002880   Data           4  main.o(.data)
    desiredAngle                             0x20002884   Data           4  main.o(.data)
    m_dp_mode                                0x20002888   Data           1  main.o(.data)
    UART_data_index                          0x20002889   Data           1  main.o(.data)
    index                                    0x200028b4   Data           1  main.o(.data)
    m_dm_app_id                              0x200028b5   Data           1  main.o(.data)
    m_dm_device_handle                       0x200028b6   Data           4  main.o(.data)
    m_scan_mode                              0x200028ba   Data           1  main.o(.data)
    stamp1                                   0x200028bc   Data           4  main.o(.data)
    stamp2                                   0x200028c0   Data           4  main.o(.data)
    m_conn_handle                            0x200028c4   Data           2  main.o(.data)
    .data                                    0x200028f4   Section       16  ble_uart_c.o(.data)
    m_tx_insert_index                        0x200028f4   Data           4  ble_uart_c.o(.data)
    m_tx_index                               0x200028f8   Data           4  ble_uart_c.o(.data)
    mp_ble_uart_c                            0x200028fc   Data           4  ble_uart_c.o(.data)
    uart_uuid                                0x20002900   Data           4  ble_uart_c.o(.data)
    .data                                    0x20002904   Section        2  debug.o(.data)
    debug_cnt                                0x20002904   Data           1  debug.o(.data)
    dp_cnt                                   0x20002905   Data           1  debug.o(.data)
    .data                                    0x20002908   Section       36  switchbotnordic.o(.data)
    .data                                    0x20002930   Section        8  time_utils.o(.data)
    .data                                    0x20002938   Section       16  device_manager_central.o(.data)
    m_module_initialized                     0x20002938   Data           1  device_manager_central.o(.data)
    m_storage_handle                         0x2000293c   Data           8  device_manager_central.o(.data)
    m_peer_addr_update                       0x20002944   Data           4  device_manager_central.o(.data)
    .data                                    0x20002948   Section       12  ble_hrs_c.o(.data)
    m_tx_insert_index                        0x20002948   Data           4  ble_hrs_c.o(.data)
    m_tx_index                               0x2000294c   Data           4  ble_hrs_c.o(.data)
    mp_ble_hrs_c                             0x20002950   Data           4  ble_hrs_c.o(.data)
    .data                                    0x20002954   Section       11  pstorage.o(.data)
    m_module_initialized                     0x20002954   Data           1  pstorage.o(.data)
    m_next_app_instance                      0x20002956   Data           2  pstorage.o(.data)
    m_next_page_addr                         0x20002958   Data           4  pstorage.o(.data)
    m_round_val                              0x2000295c   Data           2  pstorage.o(.data)
    m_swap_state                             0x2000295e   Data           1  pstorage.o(.data)
    .data                                    0x20002960   Section       16  ble_db_discovery.o(.data)
    m_initialized                            0x20002960   Data           1  ble_db_discovery.o(.data)
    m_pending_usr_evt_index                  0x20002964   Data           4  ble_db_discovery.o(.data)
    m_num_of_handlers_reg                    0x20002968   Data           4  ble_db_discovery.o(.data)
    m_num_of_discoveries_made                0x2000296c   Data           4  ble_db_discovery.o(.data)
    .data                                    0x20002970   Section       24  softdevice_handler.o(.data)
    m_softdevice_enabled                     0x20002970   Data           1  softdevice_handler.o(.data)
    m_evt_schedule_func                      0x20002974   Data           4  softdevice_handler.o(.data)
    m_evt_buffer                             0x20002978   Data           4  softdevice_handler.o(.data)
    m_ble_evt_buffer_size                    0x2000297c   Data           2  softdevice_handler.o(.data)
    m_ble_evt_handler                        0x20002980   Data           4  softdevice_handler.o(.data)
    m_sys_evt_handler                        0x20002984   Data           4  softdevice_handler.o(.data)
    .data                                    0x20002988   Section       10  app_gpiote.o(.data)
    mp_users                                 0x20002988   Data           4  app_gpiote.o(.data)
    m_enabled_users_mask                     0x2000298c   Data           4  app_gpiote.o(.data)
    m_user_array_size                        0x20002990   Data           1  app_gpiote.o(.data)
    m_user_count                             0x20002991   Data           1  app_gpiote.o(.data)
    .data                                    0x20002994   Section        8  app_trace.o(.data)
    .bss                                     0x2000299c   Section      242  main.o(.bss)
    EVT_BUFFER                               0x2000299c   Data          72  main.o(.bss)
    data_array                               0x200029e4   Data          20  main.o(.bss)
    m_ble_db_discovery                       0x200029f8   Data          98  main.o(.bss)
    m_ble_hrs_c                              0x20002a5c   Data          12  main.o(.bss)
    m_scan_param                             0x20002a68   Data          16  main.o(.bss)
    m_ble_uart_c                             0x20002a78   Data          12  main.o(.bss)
    .bss                                     0x20002a90   Section      288  ble_uart_c.o(.bss)
    m_tx_buffer                              0x20002a90   Data         288  ble_uart_c.o(.bss)
    .bss                                     0x20002bb0   Section      360  debug.o(.bss)
    debug                                    0x20002bb0   Data         320  debug.o(.bss)
    debug_state                              0x20002cf0   Data          40  debug.o(.bss)
    .bss                                     0x20002d18   Section      283  device_manager_central.o(.bss)
    m_app_context_table                      0x20002d18   Data          28  device_manager_central.o(.bss)
    m_peer_table                             0x20002d34   Data         168  device_manager_central.o(.bss)
    m_bond_table                             0x20002ddc   Data          28  device_manager_central.o(.bss)
    m_gatts_table                            0x20002df8   Data          12  device_manager_central.o(.bss)
    m_connection_table                       0x20002e04   Data          12  device_manager_central.o(.bss)
    m_application_table                      0x20002e10   Data          12  device_manager_central.o(.bss)
    m_local_id_info                          0x20002e1c   Data          23  device_manager_central.o(.bss)
    .bss                                     0x20002e34   Section      160  ble_hrs_c.o(.bss)
    m_tx_buffer                              0x20002e34   Data         160  ble_hrs_c.o(.bss)
    .bss                                     0x20002ed4   Section      220  pstorage.o(.bss)
    m_cmd_queue                              0x20002ed4   Data         204  pstorage.o(.bss)
    m_app_table                              0x20002fa0   Data          16  pstorage.o(.bss)
    .bss                                     0x20002fb0   Section      128  ble_db_discovery.o(.bss)
    m_registered_handlers                    0x20002fb0   Data          16  ble_db_discovery.o(.bss)
    m_pending_user_evts                      0x20002fc0   Data         112  ble_db_discovery.o(.bss)
    .bss                                     0x20003030   Section       96  libspace.o(.bss)
    HEAP                                     0x20003090   Section     1024  arm_startup_nrf51.o(HEAP)
    Heap_Mem                                 0x20003090   Data        1024  arm_startup_nrf51.o(HEAP)
    STACK                                    0x20003490   Section     2048  arm_startup_nrf51.o(STACK)
    Stack_Mem                                0x20003490   Data        2048  arm_startup_nrf51.o(STACK)
    __initial_sp                             0x20003c90   Data           0  arm_startup_nrf51.o(STACK)

    Global Symbols

    Symbol Name                              Value     Ov Type        Size  Object(Section)

    BuildAttributes$$THM_ISAv3M$S$PE$A:L22$X:L11$S22$IEEE1$IW$USESV6$~STKCKD$USESV7$~SHL$OSPACE$ROPI$EBA8$UX$STANDARDLIB$REQ8$PRES8$EABIv2 0x00000000   Number         0  anon$$obj.o ABSOLUTE
    __ARM_use_no_argv                        0x00000000   Number         0  main.o ABSOLUTE
    _printf_flags                            0x00000000   Number         0  printf_stubs.o ABSOLUTE
    _printf_return_value                     0x00000000   Number         0  printf_stubs.o ABSOLUTE
    _printf_sizespec                         0x00000000   Number         0  printf_stubs.o ABSOLUTE
    _printf_widthprec                        0x00000000   Number         0  printf_stubs.o ABSOLUTE
    __ARM_exceptions_init                     - Undefined Weak Reference
    __alloca_initialize                       - Undefined Weak Reference
    __cpp_initialize__aeabi_                  - Undefined Weak Reference
    __cxa_finalize                            - Undefined Weak Reference
    __rt_locale                               - Undefined Weak Reference
    __sigvec_lookup                           - Undefined Weak Reference
    _atexit_init                              - Undefined Weak Reference
    _call_atexit_fns                          - Undefined Weak Reference
    _clock_init                               - Undefined Weak Reference
    _fp_trap_init                             - Undefined Weak Reference
    _fp_trap_shutdown                         - Undefined Weak Reference
    _get_lc_collate                           - Undefined Weak Reference
    _get_lc_ctype                             - Undefined Weak Reference
    _get_lc_monetary                          - Undefined Weak Reference
    _get_lc_numeric                           - Undefined Weak Reference
    _get_lc_time                              - Undefined Weak Reference
    _getenv_init                              - Undefined Weak Reference
    _handle_redirection                       - Undefined Weak Reference
    _init_alloc                               - Undefined Weak Reference
    _init_user_alloc                          - Undefined Weak Reference
    _initio                                   - Undefined Weak Reference
    _mutex_acquire                            - Undefined Weak Reference
    _mutex_release                            - Undefined Weak Reference
    _printf_truncate_signed                   - Undefined Weak Reference
    _printf_truncate_unsigned                 - Undefined Weak Reference
    _rand_init                                - Undefined Weak Reference
    _signal_finish                            - Undefined Weak Reference
    _signal_init                              - Undefined Weak Reference
    _terminate_alloc                          - Undefined Weak Reference
    _terminate_user_alloc                     - Undefined Weak Reference
    _terminateio                              - Undefined Weak Reference
    __Vectors_Size                           0x000000c0   Number         0  arm_startup_nrf51.o ABSOLUTE
    __Vectors                                0x00018000   Data           4  arm_startup_nrf51.o(RESET)
    __Vectors_End                            0x000180c0   Data           0  arm_startup_nrf51.o(RESET)
    __main                                   0x000180c1   Thumb Code     8  __main.o(!!!main)
    __scatterload                            0x000180c9   Thumb Code     0  __scatter.o(!!!scatter)
    __scatterload_rt2                        0x000180c9   Thumb Code    52  __scatter.o(!!!scatter)
    __scatterload_rt2_thumb_only             0x000180c9   Thumb Code     0  __scatter.o(!!!scatter)
    __scatterload_null                       0x000180d9   Thumb Code     0  __scatter.o(!!!scatter)
    __scatterload_zeroinit                   0x00018105   Thumb Code    28  __scatter_zi.o(!!handler_zi)
    _printf_percent                          0x00018121   Thumb Code     0  _printf_percent.o(.ARM.Collect$$_printf_percent$$00000000)
    _printf_p                                0x00018123   Thumb Code     0  _printf_p.o(.ARM.Collect$$_printf_percent$$00000002)
    _printf_d                                0x0001812d   Thumb Code     0  _printf_d.o(.ARM.Collect$$_printf_percent$$00000009)
    _printf_x                                0x00018137   Thumb Code     0  _printf_x.o(.ARM.Collect$$_printf_percent$$0000000C)
    _printf_percent_end                      0x00018141   Thumb Code     0  _printf_percent_end.o(.ARM.Collect$$_printf_percent$$00000017)
    __rt_lib_init                            0x00018145   Thumb Code     0  libinit.o(.ARM.Collect$$libinit$$00000000)
    __rt_lib_init_fp_1                       0x00018147   Thumb Code     0  libinit2.o(.ARM.Collect$$libinit$$00000001)
    __rt_lib_init_alloca_1                   0x0001814b   Thumb Code     0  libinit2.o(.ARM.Collect$$libinit$$0000002C)
    __rt_lib_init_argv_1                     0x0001814b   Thumb Code     0  libinit2.o(.ARM.Collect$$libinit$$0000002A)
    __rt_lib_init_atexit_1                   0x0001814b   Thumb Code     0  libinit2.o(.ARM.Collect$$libinit$$00000019)
    __rt_lib_init_clock_1                    0x0001814b   Thumb Code     0  libinit2.o(.ARM.Collect$$libinit$$0000001F)
    __rt_lib_init_cpp_1                      0x0001814b   Thumb Code     0  libinit2.o(.ARM.Collect$$libinit$$00000030)
    __rt_lib_init_exceptions_1               0x0001814b   Thumb Code     0  libinit2.o(.ARM.Collect$$libinit$$0000002E)
    __rt_lib_init_fp_trap_1                  0x0001814b   Thumb Code     0  libinit2.o(.ARM.Collect$$libinit$$0000001D)
    __rt_lib_init_getenv_1                   0x0001814b   Thumb Code     0  libinit2.o(.ARM.Collect$$libinit$$00000021)
    __rt_lib_init_heap_1                     0x0001814b   Thumb Code     0  libinit2.o(.ARM.Collect$$libinit$$00000008)
    __rt_lib_init_lc_collate_1               0x0001814b   Thumb Code     0  libinit2.o(.ARM.Collect$$libinit$$0000000F)
    __rt_lib_init_lc_ctype_1                 0x0001814b   Thumb Code     0  libinit2.o(.ARM.Collect$$libinit$$00000011)
    __rt_lib_init_lc_monetary_1              0x0001814b   Thumb Code     0  libinit2.o(.ARM.Collect$$libinit$$00000013)
    __rt_lib_init_lc_numeric_1               0x0001814b   Thumb Code     0  libinit2.o(.ARM.Collect$$libinit$$00000015)
    __rt_lib_init_lc_time_1                  0x0001814b   Thumb Code     0  libinit2.o(.ARM.Collect$$libinit$$00000017)
    __rt_lib_init_rand_1                     0x0001814b   Thumb Code     0  libinit2.o(.ARM.Collect$$libinit$$0000000C)
    __rt_lib_init_return                     0x0001814b   Thumb Code     0  libinit2.o(.ARM.Collect$$libinit$$00000031)
    __rt_lib_init_signal_1                   0x0001814b   Thumb Code     0  libinit2.o(.ARM.Collect$$libinit$$0000001B)
    __rt_lib_init_stdio_1                    0x0001814b   Thumb Code     0  libinit2.o(.ARM.Collect$$libinit$$00000023)
    __rt_lib_init_user_alloc_1               0x0001814b   Thumb Code     0  libinit2.o(.ARM.Collect$$libinit$$0000000A)
    __rt_lib_shutdown                        0x0001814d   Thumb Code     0  libshutdown.o(.ARM.Collect$$libshutdown$$00000000)
    __rt_lib_shutdown_fp_trap_1              0x0001814f   Thumb Code     0  libshutdown2.o(.ARM.Collect$$libshutdown$$00000006)
    __rt_lib_shutdown_heap_1                 0x0001814f   Thumb Code     0  libshutdown2.o(.ARM.Collect$$libshutdown$$0000000E)
    __rt_lib_shutdown_return                 0x0001814f   Thumb Code     0  libshutdown2.o(.ARM.Collect$$libshutdown$$0000000F)
    __rt_lib_shutdown_signal_1               0x0001814f   Thumb Code     0  libshutdown2.o(.ARM.Collect$$libshutdown$$00000009)
    __rt_lib_shutdown_stdio_1                0x0001814f   Thumb Code     0  libshutdown2.o(.ARM.Collect$$libshutdown$$00000003)
    __rt_lib_shutdown_user_alloc_1           0x0001814f   Thumb Code     0  libshutdown2.o(.ARM.Collect$$libshutdown$$0000000B)
    __rt_entry                               0x00018151   Thumb Code     0  rtentry.o(.ARM.Collect$$rtentry$$00000000)
    __rt_entry_presh_1                       0x00018151   Thumb Code     0  rtentry2.o(.ARM.Collect$$rtentry$$00000002)
    __rt_entry_sh                            0x00018151   Thumb Code     0  rtentry4.o(.ARM.Collect$$rtentry$$00000004)
    __rt_entry_li                            0x00018157   Thumb Code     0  rtentry2.o(.ARM.Collect$$rtentry$$0000000A)
    __rt_entry_postsh_1                      0x00018157   Thumb Code     0  rtentry2.o(.ARM.Collect$$rtentry$$00000009)
    __rt_entry_main                          0x0001815b   Thumb Code     0  rtentry2.o(.ARM.Collect$$rtentry$$0000000D)
    __rt_entry_postli_1                      0x0001815b   Thumb Code     0  rtentry2.o(.ARM.Collect$$rtentry$$0000000C)
    __rt_exit                                0x00018163   Thumb Code     0  rtexit.o(.ARM.Collect$$rtexit$$00000000)
    __rt_exit_ls                             0x00018165   Thumb Code     0  rtexit2.o(.ARM.Collect$$rtexit$$00000003)
    __rt_exit_prels_1                        0x00018165   Thumb Code     0  rtexit2.o(.ARM.Collect$$rtexit$$00000002)
    __rt_exit_exit                           0x00018169   Thumb Code     0  rtexit2.o(.ARM.Collect$$rtexit$$00000004)
    __asm___6_main_c_ac646204__nrf_delay_us  0x00018171   Thumb Code    30  main.o(.emb_text)
    __asm___12_uart_comm2_c_5dda6715__nrf_delay_us 0x00018191   Thumb Code    30  uart_comm2.o(.emb_text)
    __asm___11_nrf_delay_c_532987f3__nrf_delay_us 0x000181b1   Thumb Code    30  nrf_delay.o(.emb_text)
    __aeabi_memcpy4                          0x000181d1   Thumb Code    56  rt_memcpy.o(.emb_text)
    __aeabi_memcpy8                          0x000181d1   Thumb Code     0  rt_memcpy.o(.emb_text)
    Reset_Handler                            0x00018209   Thumb Code    26  arm_startup_nrf51.o(.text)
    NMI_Handler                              0x00018223   Thumb Code     2  arm_startup_nrf51.o(.text)
    HardFault_Handler                        0x00018225   Thumb Code     2  arm_startup_nrf51.o(.text)
    SVC_Handler                              0x00018227   Thumb Code     2  arm_startup_nrf51.o(.text)
    PendSV_Handler                           0x00018229   Thumb Code     2  arm_startup_nrf51.o(.text)
    SysTick_Handler                          0x0001822b   Thumb Code     2  arm_startup_nrf51.o(.text)
    ADC_IRQHandler                           0x0001822d   Thumb Code     0  arm_startup_nrf51.o(.text)
    CCM_AAR_IRQHandler                       0x0001822d   Thumb Code     0  arm_startup_nrf51.o(.text)
    ECB_IRQHandler                           0x0001822d   Thumb Code     0  arm_startup_nrf51.o(.text)
    LPCOMP_IRQHandler                        0x0001822d   Thumb Code     0  arm_startup_nrf51.o(.text)
    POWER_CLOCK_IRQHandler                   0x0001822d   Thumb Code     0  arm_startup_nrf51.o(.text)
    QDEC_IRQHandler                          0x0001822d   Thumb Code     0  arm_startup_nrf51.o(.text)
    RADIO_IRQHandler                         0x0001822d   Thumb Code     0  arm_startup_nrf51.o(.text)
    RNG_IRQHandler                           0x0001822d   Thumb Code     0  arm_startup_nrf51.o(.text)
    RTC0_IRQHandler                          0x0001822d   Thumb Code     0  arm_startup_nrf51.o(.text)
    SPI0_TWI0_IRQHandler                     0x0001822d   Thumb Code     0  arm_startup_nrf51.o(.text)
    SPI1_TWI1_IRQHandler                     0x0001822d   Thumb Code     0  arm_startup_nrf51.o(.text)
    SWI0_IRQHandler                          0x0001822d   Thumb Code     0  arm_startup_nrf51.o(.text)
    SWI1_IRQHandler                          0x0001822d   Thumb Code     0  arm_startup_nrf51.o(.text)
    SWI3_IRQHandler                          0x0001822d   Thumb Code     0  arm_startup_nrf51.o(.text)
    SWI4_IRQHandler                          0x0001822d   Thumb Code     0  arm_startup_nrf51.o(.text)
    SWI5_IRQHandler                          0x0001822d   Thumb Code     0  arm_startup_nrf51.o(.text)
    TEMP_IRQHandler                          0x0001822d   Thumb Code     0  arm_startup_nrf51.o(.text)
    TIMER0_IRQHandler                        0x0001822d   Thumb Code     0  arm_startup_nrf51.o(.text)
    TIMER1_IRQHandler                        0x0001822d   Thumb Code     0  arm_startup_nrf51.o(.text)
    WDT_IRQHandler                           0x0001822d   Thumb Code     0  arm_startup_nrf51.o(.text)
    __user_initial_stackheap                 0x00018231   Thumb Code     0  arm_startup_nrf51.o(.text)
    SystemCoreClockUpdate                    0x0001825d   Thumb Code     8  system_nrf51.o(.text)
    SystemInit                               0x000182f3   Thumb Code    38  system_nrf51.o(.text)
    app_error_handler                        0x000183a3   Thumb Code    36  main.o(.text)
    timer2_init                              0x000183c7   Thumb Code   104  main.o(.text)
    timer2_stop                              0x0001842f   Thumb Code    16  main.o(.text)
    send_to_mediabox                         0x0001843f   Thumb Code    24  main.o(.text)
    ble_disconnect                           0x00018457   Thumb Code   102  main.o(.text)
    assert_nrf_callback                      0x000184bd   Thumb Code    14  main.o(.text)
    motionControl_YAW2                       0x00018fcf   Thumb Code   112  main.o(.text)
    motionControl_DriveFWD2                  0x0001903f   Thumb Code    88  main.o(.text)
    calc_coord2                              0x00019097   Thumb Code   506  main.o(.text)
    ble_connect                              0x00019291   Thumb Code   146  main.o(.text)
    get_closest_beacon                       0x00019323   Thumb Code    58  main.o(.text)
    ParseCommandUART                         0x0001935d   Thumb Code   716  main.o(.text)
    TIMER2_IRQHandler                        0x00019629   Thumb Code    32  main.o(.text)
    UART0_IRQHandler                         0x00019833   Thumb Code    44  main.o(.text)
    handle_tracking                          0x0001985f   Thumb Code   168  main.o(.text)
    handle_stop                              0x00019907   Thumb Code    84  main.o(.text)
    handle_ir_measuring                      0x0001995b   Thumb Code   852  main.o(.text)
    drive_path_handle                        0x00019caf   Thumb Code    48  main.o(.text)
    main                                     0x00019cdf   Thumb Code    84  main.o(.text)
    ble_uart_c_init                          0x00019f55   Thumb Code    92  ble_uart_c.o(.text)
    ble_uart_c_on_ble_evt                    0x00019fb1   Thumb Code    66  ble_uart_c.o(.text)
    ble_uart_c_write_string                  0x0001a053   Thumb Code    94  ble_uart_c.o(.text)
    ble_uart_c_rx_notif_enable               0x0001a0b1   Thumb Code    24  ble_uart_c.o(.text)
    debug_save_value                         0x0001a149   Thumb Code    94  debug.o(.text)
    debug_get_value                          0x0001a1a7   Thumb Code    14  debug.o(.text)
    debug_save_state                         0x0001a1b5   Thumb Code     8  debug.o(.text)
    debug_get_state                          0x0001a1bd   Thumb Code    10  debug.o(.text)
    calc_coord                               0x0001a27f   Thumb Code   356  switchbotnordic.o(.text)
    calculate_speed2                         0x0001a3e3   Thumb Code   158  switchbotnordic.o(.text)
    calculate_speed                          0x0001a481   Thumb Code   236  switchbotnordic.o(.text)
    RTC1_IRQHandler                          0x0001a589   Thumb Code    58  time_utils.o(.text)
    millis64                                 0x0001a5c3   Thumb Code    46  time_utils.o(.text)
    micros64                                 0x0001a5f1   Thumb Code    44  time_utils.o(.text)
    millis                                   0x0001a61d   Thumb Code     8  time_utils.o(.text)
    micros                                   0x0001a625   Thumb Code     8  time_utils.o(.text)
    delay                                    0x0001a62d   Thumb Code    12  time_utils.o(.text)
    delayMicroseconds                        0x0001a639   Thumb Code    34  time_utils.o(.text)
    rtc_config                               0x0001a65b   Thumb Code    56  time_utils.o(.text)
    simple_uart_get                          0x0001a721   Thumb Code    24  uart_comm2.o(.text)
    simple_uart_get_with_timeout             0x0001a739   Thumb Code    62  uart_comm2.o(.text)
    simple_uart_put                          0x0001a777   Thumb Code    22  uart_comm2.o(.text)
    simple_uart_putstring                    0x0001a78d   Thumb Code    32  uart_comm2.o(.text)
    simple_uart_config                       0x0001a7ad   Thumb Code    90  uart_comm2.o(.text)
    initiate_security_request                0x0001b0cf   Thumb Code  1110  device_manager_central.o(.text)
    dm_handle_initialize                     0x0001b525   Thumb Code    24  device_manager_central.o(.text)
    dm_init                                  0x0001b789   Thumb Code   780  device_manager_central.o(.text)
    dm_register                              0x0001ba95   Thumb Code   120  device_manager_central.o(.text)
    dm_security_setup_req                    0x0001bb0d   Thumb Code   344  device_manager_central.o(.text)
    dm_security_status_req                   0x0001bc65   Thumb Code   188  device_manager_central.o(.text)
    dm_whitelist_create                      0x0001bd21   Thumb Code   756  device_manager_central.o(.text)
    dm_device_add                            0x0001c015   Thumb Code     6  device_manager_central.o(.text)
    dm_device_delete                         0x0001c01b   Thumb Code   118  device_manager_central.o(.text)
    dm_device_delete_all                     0x0001c091   Thumb Code   112  device_manager_central.o(.text)
    dm_service_context_set                   0x0001c101   Thumb Code   226  device_manager_central.o(.text)
    dm_service_context_get                   0x0001c1e3   Thumb Code   226  device_manager_central.o(.text)
    dm_service_context_delete                0x0001c2c5   Thumb Code   104  device_manager_central.o(.text)
    dm_application_context_set               0x0001c32d   Thumb Code   692  device_manager_central.o(.text)
    dm_application_context_get               0x0001c5e1   Thumb Code   214  device_manager_central.o(.text)
    dm_application_context_delete            0x0001c6b7   Thumb Code   180  device_manager_central.o(.text)
    dm_application_instance_set              0x0001c76b   Thumb Code    74  device_manager_central.o(.text)
    dm_peer_addr_set                         0x0001c7b5   Thumb Code   186  device_manager_central.o(.text)
    dm_peer_addr_get                         0x0001c86f   Thumb Code   690  device_manager_central.o(.text)
    dm_distributed_keys_get                  0x0001cb21   Thumb Code   216  device_manager_central.o(.text)
    dm_ble_evt_handler                       0x0001cbf9   Thumb Code  1944  device_manager_central.o(.text)
    ble_hrs_c_init                           0x0001da05   Thumb Code    68  ble_hrs_c.o(.text)
    ble_hrs_c_on_ble_evt                     0x0001da49   Thumb Code    66  ble_hrs_c.o(.text)
    ble_hrs_c_hrm_notif_enable               0x0001daef   Thumb Code    24  ble_hrs_c.o(.text)
    pstorage_sys_event_handler               0x0001e0af   Thumb Code   326  pstorage.o(.text)
    pstorage_init                            0x0001e1f5   Thumb Code   192  pstorage.o(.text)
    pstorage_register                        0x0001e2b5   Thumb Code   392  pstorage.o(.text)
    pstorage_block_identifier_get            0x0001e43d   Thumb Code   136  pstorage.o(.text)
    pstorage_store                           0x0001e4c5   Thumb Code   202  pstorage.o(.text)
    pstorage_update                          0x0001e58f   Thumb Code   202  pstorage.o(.text)
    pstorage_load                            0x0001e659   Thumb Code   226  pstorage.o(.text)
    pstorage_clear                           0x0001e73b   Thumb Code   184  pstorage.o(.text)
    pstorage_access_status_get               0x0001e7f3   Thumb Code    36  pstorage.o(.text)
    ble_db_discovery_init                    0x0001ee31   Thumb Code    24  ble_db_discovery.o(.text)
    ble_db_discovery_close                   0x0001ee49   Thumb Code    20  ble_db_discovery.o(.text)
    ble_db_discovery_evt_register            0x0001ee5d   Thumb Code    52  ble_db_discovery.o(.text)
    ble_db_discovery_start                   0x0001ee91   Thumb Code   142  ble_db_discovery.o(.text)
    ble_db_discovery_on_ble_evt              0x0001ef1f   Thumb Code   118  ble_db_discovery.o(.text)
    softdevice_assertion_handler             0x0001efb1   Thumb Code    18  softdevice_handler.o(.text)
    intern_softdevice_events_execute         0x0001efc3   Thumb Code   168  softdevice_handler.o(.text)
    softdevice_handler_init                  0x0001f06b   Thumb Code    82  softdevice_handler.o(.text)
    softdevice_handler_sd_disable            0x0001f0bd   Thumb Code    24  softdevice_handler.o(.text)
    softdevice_ble_evt_handler_set           0x0001f0d5   Thumb Code    18  softdevice_handler.o(.text)
    softdevice_sys_evt_handler_set           0x0001f0e7   Thumb Code    18  softdevice_handler.o(.text)
    SWI2_IRQHandler                          0x0001f0f9   Thumb Code    52  softdevice_handler.o(.text)
    GPIOTE_IRQHandler                        0x0001f1c9   Thumb Code   154  app_gpiote.o(.text)
    app_gpiote_init                          0x0001f2c3   Thumb Code   114  app_gpiote.o(.text)
    app_gpiote_user_register                 0x0001f335   Thumb Code   138  app_gpiote.o(.text)
    app_gpiote_user_enable                   0x0001f3bf   Thumb Code   222  app_gpiote.o(.text)
    app_gpiote_user_disable                  0x0001f49d   Thumb Code    66  app_gpiote.o(.text)
    app_gpiote_pins_state_get                0x0001f4df   Thumb Code    52  app_gpiote.o(.text)
    nrf_delay_ms                             0x0001f5a9   Thumb Code    24  nrf_delay.o(.text)
    app_trace_init                           0x0001f5c5   Thumb Code    20  app_trace.o(.text)
    fputc                                    0x0001f5d9   Thumb Code    16  app_trace.o(.text)
    app_trace_dump                           0x0001f5e9   Thumb Code    38  app_trace.o(.text)
    __aeabi_lmul                             0x0001f61d   Thumb Code    48  llmul.o(.text)
    _ll_mul                                  0x0001f61d   Thumb Code     0  llmul.o(.text)
    __2printf                                0x0001f64d   Thumb Code    22  noretval__2printf.o(.text)
    _printf_pre_padding                      0x0001f669   Thumb Code    44  _printf_pad.o(.text)
    _printf_post_padding                     0x0001f695   Thumb Code    34  _printf_pad.o(.text)
    _printf_int_dec                          0x0001f6b9   Thumb Code    90  _printf_dec.o(.text)
    _printf_longlong_hex                     0x0001f725   Thumb Code    80  _printf_hex_int_ptr.o(.text)
    _printf_int_hex                          0x0001f775   Thumb Code    26  _printf_hex_int_ptr.o(.text)
    _printf_hex_ptr                          0x0001f78f   Thumb Code    20  _printf_hex_int_ptr.o(.text)
    __printf                                 0x0001f7a9   Thumb Code   306  __printf_flags_wp.o(.text)
    memcmp                                   0x0001f8e1   Thumb Code    90  memcmp.o(.text)
    strcpy                                   0x0001f93d   Thumb Code    70  strcpy.o(.text)
    __aeabi_memcpy                           0x0001f989   Thumb Code   130  rt_memcpy.o(.text)
    __rt_memcpy                              0x0001f989   Thumb Code     0  rt_memcpy.o(.text)
    _memset_w                                0x0001fa0b   Thumb Code    26  rt_memclr.o(.text)
    _memset                                  0x0001fa25   Thumb Code    30  rt_memclr.o(.text)
    __aeabi_memclr                           0x0001fa43   Thumb Code     4  rt_memclr.o(.text)
    __rt_memclr                              0x0001fa43   Thumb Code     0  rt_memclr.o(.text)
    __aeabi_memclr4                          0x0001fa47   Thumb Code     0  rt_memclr.o(.text)
    __aeabi_memclr8                          0x0001fa47   Thumb Code     0  rt_memclr.o(.text)
    __rt_memclr_w                            0x0001fa47   Thumb Code     4  rt_memclr.o(.text)
    strcmp                                   0x0001fa4d   Thumb Code   132  strcmp.o(.text)
    __aeabi_uidiv                            0x0001fad5   Thumb Code     0  aeabi_sdiv.o(.text)
    __aeabi_uidivmod                         0x0001fad5   Thumb Code    20  aeabi_sdiv.o(.text)
    __aeabi_idiv                             0x0001fae9   Thumb Code     0  aeabi_sdiv.o(.text)
    __aeabi_idivmod                          0x0001fae9   Thumb Code   326  aeabi_sdiv.o(.text)
    __use_two_region_memory                  0x0001fc2f   Thumb Code     2  heapauxi.o(.text)
    __rt_heap_escrow$2region                 0x0001fc31   Thumb Code     2  heapauxi.o(.text)
    __rt_heap_expand$2region                 0x0001fc33   Thumb Code     2  heapauxi.o(.text)
    _printf_int_common                       0x0001fc35   Thumb Code   176  _printf_intcommon.o(.text)
    _printf_char_file                        0x0001fce5   Thumb Code    34  _printf_char_file.o(.text)
    __rt_udiv10                              0x0001fd0d   Thumb Code    40  rtudiv10.o(.text)
    _printf_char_common                      0x0001fd3f   Thumb Code    32  _printf_char_common.o(.text)
    ferror                                   0x0001fd65   Thumb Code     8  ferror.o(.text)
    __user_setup_stackheap                   0x0001fd6d   Thumb Code    62  sys_stackheap_outer.o(.text)
    exit                                     0x0001fdab   Thumb Code    12  exit.o(.text)
    __user_libspace                          0x0001fdb9   Thumb Code     8  libspace.o(.text)
    __user_perproc_libspace                  0x0001fdb9   Thumb Code     0  libspace.o(.text)
    __user_perthread_libspace                0x0001fdb9   Thumb Code     0  libspace.o(.text)
    _sys_exit                                0x0001fdc1   Thumb Code     8  sys_exit.o(.text)
    __I$use$semihosting                      0x0001fdcd   Thumb Code     0  use_no_semi.o(.text)
    __use_no_semihosting_swi                 0x0001fdcd   Thumb Code     2  use_no_semi.o(.text)
    __decompress                             0x0001fdcf   Thumb Code     0  __dczerorl2.o(.text)
    __decompress1                            0x0001fdcf   Thumb Code    86  __dczerorl2.o(.text)
    __semihosting_library_function           0x0001fdcf   Thumb Code     0  indicate_semi.o(.text)
    __ARM_common_switch8                     0x0001fe25   Thumb Code    28  main.o(i.__ARM_common_switch8)
    _is_digit                                0x0001fe41   Thumb Code    14  __printf_wp.o(i._is_digit)
    m_service_context_store                  0x0001ff44   Data          16  device_manager_central.o(.constdata)
    m_service_context_load                   0x0001ff54   Data          16  device_manager_central.o(.constdata)
    m_service_context_apply                  0x0001ff64   Data          16  device_manager_central.o(.constdata)
    m_context_init_len                       0x0001ff74   Data           4  device_manager_central.o(.constdata)
    Region$$Table$$Base                      0x000205d4   Number         0  anon$$obj.o(Region$$Table)
    Region$$Table$$Limit                     0x000205f4   Number         0  anon$$obj.o(Region$$Table)
    SystemCoreClock                          0x20002800   Data           4  system_nrf51.o(.data)
    is_stop_condition                        0x20002806   Data           1  main.o(.data)
    time_stamp_01                            0x2000288c   Data           4  main.o(.data)
    time_stamp_02                            0x20002890   Data           4  main.o(.data)
    time_closest_beacon_expiry               0x20002894   Data           4  main.o(.data)
    debug_counter_0                          0x20002898   Data           1  main.o(.data)
    debug_counter_1                          0x20002899   Data           1  main.o(.data)
    debug_counter_2                          0x2000289a   Data           1  main.o(.data)
    ir_values                                0x2000289b   Data           8  main.o(.data)
    timer2_counter                           0x200028a4   Data           4  main.o(.data)
    fNewData                                 0x200028a8   Data           1  main.o(.data)
    oldRange                                 0x200028ac   Data           4  main.o(.data)
    MaxRange                                 0x200028b0   Data           4  main.o(.data)
    r1                                       0x200028c6   Data           1  main.o(.data)
    r2                                       0x200028c7   Data           1  main.o(.data)
    r3                                       0x200028c8   Data           1  main.o(.data)
    r4                                       0x200028c9   Data           1  main.o(.data)
    r5                                       0x200028ca   Data           1  main.o(.data)
    r6                                       0x200028cb   Data           1  main.o(.data)
    r7                                       0x200028cc   Data           1  main.o(.data)
    r8                                       0x200028cd   Data           1  main.o(.data)
    rangeOld                                 0x200028ce   Data           1  main.o(.data)
    rangeAll                                 0x200028cf   Data           1  main.o(.data)
    rangeOld_far                             0x200028d0   Data           1  main.o(.data)
    rangeAll_far                             0x200028d1   Data           1  main.o(.data)
    intCount                                 0x200028d2   Data           1  main.o(.data)
    perCount                                 0x200028d3   Data           1  main.o(.data)
    perCount_copy                            0x200028d4   Data           1  main.o(.data)
    s1                                       0x200028d5   Data           1  main.o(.data)
    s2                                       0x200028d6   Data           1  main.o(.data)
    s3                                       0x200028d7   Data           1  main.o(.data)
    s4                                       0x200028d8   Data           1  main.o(.data)
    s5                                       0x200028d9   Data           1  main.o(.data)
    s6                                       0x200028da   Data           1  main.o(.data)
    s7                                       0x200028db   Data           1  main.o(.data)
    s8                                       0x200028dc   Data           1  main.o(.data)
    IR                                       0x200028dd   Data           1  main.o(.data)
    Head                                     0x200028e0   Data           4  main.o(.data)
    Range                                    0x200028e4   Data           4  main.o(.data)
    easyRange                                0x200028e8   Data           4  main.o(.data)
    fwd_bwd                                  0x200028ec   Data           2  main.o(.data)
    lft_rgt                                  0x200028ee   Data           2  main.o(.data)
    command                                  0x200028f0   Data           1  main.o(.data)
    head                                     0x20002908   Data           4  switchbotnordic.o(.data)
    range                                    0x2000290c   Data           4  switchbotnordic.o(.data)
    tmp_buffer                               0x20002910   Data           4  switchbotnordic.o(.data)
    fl_new                                   0x20002914   Data           8  switchbotnordic.o(.data)
    fl_old                                   0x2000291c   Data           8  switchbotnordic.o(.data)
    _head                                    0x20002924   Data           4  switchbotnordic.o(.data)
    easy_range                               0x20002928   Data           4  switchbotnordic.o(.data)
    rtc1                                     0x20002930   Data           8  time_utils.o(.data)
    __stdout                                 0x20002994   Data           4  app_trace.o(.data)
    __stdin                                  0x20002998   Data           4  app_trace.o(.data)
    debug_values                             0x20002a84   Data          10  main.o(.bss)
    __libspace_start                         0x20003030   Data          96  libspace.o(.bss)
    __temporary_stack_top$libspace           0x20003090   Data           0  libspace.o(.bss)



==============================================================================

Memory Map of the image

  Image Entry point : 0x000180c1

  Load Region LR_IROM1 (Base: 0x00018000, Size: 0x00008790, Max: 0x00027000, ABSOLUTE, COMPRESSED[0x00008628])

    Execution Region ER_IROM1 (Base: 0x00018000, Size: 0x000085f4, Max: 0x00027000, ABSOLUTE)

    Base Addr    Size         Type   Attr      Idx    E Section Name        Object

    0x00018000   0x000000c0   Data   RO            3    RESET               arm_startup_nrf51.o
    0x000180c0   0x00000008   Code   RO          795  * !!!main             c_p.l(__main.o)
    0x000180c8   0x0000003c   Code   RO          978    !!!scatter          c_p.l(__scatter.o)
    0x00018104   0x0000001c   Code   RO          980    !!handler_zi        c_p.l(__scatter_zi.o)
    0x00018120   0x00000002   Code   RO          774    .ARM.Collect$$_printf_percent$$00000000  c_p.l(_printf_percent.o)
    0x00018122   0x0000000a   Code   RO          772    .ARM.Collect$$_printf_percent$$00000002  c_p.l(_printf_p.o)
    0x0001812c   0x0000000a   Code   RO          773    .ARM.Collect$$_printf_percent$$00000009  c_p.l(_printf_d.o)
    0x00018136   0x0000000a   Code   RO          771    .ARM.Collect$$_printf_percent$$0000000C  c_p.l(_printf_x.o)
    0x00018140   0x00000004   Code   RO          806    .ARM.Collect$$_printf_percent$$00000017  c_p.l(_printf_percent_end.o)
    0x00018144   0x00000002   Code   RO          848    .ARM.Collect$$libinit$$00000000  c_p.l(libinit.o)
    0x00018146   0x00000004   Code   RO          861    .ARM.Collect$$libinit$$00000001  c_p.l(libinit2.o)
    0x0001814a   0x00000000   Code   RO          865    .ARM.Collect$$libinit$$00000008  c_p.l(libinit2.o)
    0x0001814a   0x00000000   Code   RO          867    .ARM.Collect$$libinit$$0000000A  c_p.l(libinit2.o)
    0x0001814a   0x00000000   Code   RO          869    .ARM.Collect$$libinit$$0000000C  c_p.l(libinit2.o)
    0x0001814a   0x00000000   Code   RO          872    .ARM.Collect$$libinit$$0000000F  c_p.l(libinit2.o)
    0x0001814a   0x00000000   Code   RO          874    .ARM.Collect$$libinit$$00000011  c_p.l(libinit2.o)
    0x0001814a   0x00000000   Code   RO          876    .ARM.Collect$$libinit$$00000013  c_p.l(libinit2.o)
    0x0001814a   0x00000000   Code   RO          878    .ARM.Collect$$libinit$$00000015  c_p.l(libinit2.o)
    0x0001814a   0x00000000   Code   RO          880    .ARM.Collect$$libinit$$00000017  c_p.l(libinit2.o)
    0x0001814a   0x00000000   Code   RO          882    .ARM.Collect$$libinit$$00000019  c_p.l(libinit2.o)
    0x0001814a   0x00000000   Code   RO          884    .ARM.Collect$$libinit$$0000001B  c_p.l(libinit2.o)
    0x0001814a   0x00000000   Code   RO          886    .ARM.Collect$$libinit$$0000001D  c_p.l(libinit2.o)
    0x0001814a   0x00000000   Code   RO          888    .ARM.Collect$$libinit$$0000001F  c_p.l(libinit2.o)
    0x0001814a   0x00000000   Code   RO          890    .ARM.Collect$$libinit$$00000021  c_p.l(libinit2.o)
    0x0001814a   0x00000000   Code   RO          892    .ARM.Collect$$libinit$$00000023  c_p.l(libinit2.o)
    0x0001814a   0x00000000   Code   RO          896    .ARM.Collect$$libinit$$0000002A  c_p.l(libinit2.o)
    0x0001814a   0x00000000   Code   RO          898    .ARM.Collect$$libinit$$0000002C  c_p.l(libinit2.o)
    0x0001814a   0x00000000   Code   RO          900    .ARM.Collect$$libinit$$0000002E  c_p.l(libinit2.o)
    0x0001814a   0x00000000   Code   RO          902    .ARM.Collect$$libinit$$00000030  c_p.l(libinit2.o)
    0x0001814a   0x00000002   Code   RO          903    .ARM.Collect$$libinit$$00000031  c_p.l(libinit2.o)
    0x0001814c   0x00000002   Code   RO          934    .ARM.Collect$$libshutdown$$00000000  c_p.l(libshutdown.o)
    0x0001814e   0x00000000   Code   RO          961    .ARM.Collect$$libshutdown$$00000003  c_p.l(libshutdown2.o)
    0x0001814e   0x00000000   Code   RO          964    .ARM.Collect$$libshutdown$$00000006  c_p.l(libshutdown2.o)
    0x0001814e   0x00000000   Code   RO          967    .ARM.Collect$$libshutdown$$00000009  c_p.l(libshutdown2.o)
    0x0001814e   0x00000000   Code   RO          969    .ARM.Collect$$libshutdown$$0000000B  c_p.l(libshutdown2.o)
    0x0001814e   0x00000000   Code   RO          972    .ARM.Collect$$libshutdown$$0000000E  c_p.l(libshutdown2.o)
    0x0001814e   0x00000002   Code   RO          973    .ARM.Collect$$libshutdown$$0000000F  c_p.l(libshutdown2.o)
    0x00018150   0x00000000   Code   RO          797    .ARM.Collect$$rtentry$$00000000  c_p.l(rtentry.o)
    0x00018150   0x00000000   Code   RO          810    .ARM.Collect$$rtentry$$00000002  c_p.l(rtentry2.o)
    0x00018150   0x00000006   Code   RO          822    .ARM.Collect$$rtentry$$00000004  c_p.l(rtentry4.o)
    0x00018156   0x00000000   Code   RO          812    .ARM.Collect$$rtentry$$00000009  c_p.l(rtentry2.o)
    0x00018156   0x00000004   Code   RO          813    .ARM.Collect$$rtentry$$0000000A  c_p.l(rtentry2.o)
    0x0001815a   0x00000000   Code   RO          815    .ARM.Collect$$rtentry$$0000000C  c_p.l(rtentry2.o)
    0x0001815a   0x00000008   Code   RO          816    .ARM.Collect$$rtentry$$0000000D  c_p.l(rtentry2.o)
    0x00018162   0x00000002   Code   RO          853    .ARM.Collect$$rtexit$$00000000  c_p.l(rtexit.o)
    0x00018164   0x00000000   Code   RO          907    .ARM.Collect$$rtexit$$00000002  c_p.l(rtexit2.o)
    0x00018164   0x00000004   Code   RO          908    .ARM.Collect$$rtexit$$00000003  c_p.l(rtexit2.o)
    0x00018168   0x00000006   Code   RO          909    .ARM.Collect$$rtexit$$00000004  c_p.l(rtexit2.o)
    0x0001816e   0x00000002   PAD
    0x00018170   0x0000001e   Code   RO           69    .emb_text           main.o
    0x0001818e   0x00000002   PAD
    0x00018190   0x0000001e   Code   RO          412    .emb_text           uart_comm2.o
    0x000181ae   0x00000002   PAD
    0x000181b0   0x0000001e   Code   RO          646    .emb_text           nrf_delay.o
    0x000181ce   0x00000002   PAD
    0x000181d0   0x00000038   Code   RO          779    .emb_text           c_p.l(rt_memcpy.o)
    0x00018208   0x00000054   Code   RO            4    .text               arm_startup_nrf51.o
    0x0001825c   0x000000d8   Code   RO           12    .text               system_nrf51.o
    0x00018334   0x00001a84   Code   RO           70    .text               main.o
    0x00019db8   0x00000390   Code   RO          245    .text               ble_uart_c.o
    0x0001a148   0x0000008c   Code   RO          316    .text               debug.o
    0x0001a1d4   0x000003b4   Code   RO          333    .text               switchbotnordic.o
    0x0001a588   0x00000198   Code   RO          359    .text               time_utils.o
    0x0001a720   0x0000011c   Code   RO          413    .text               uart_comm2.o
    0x0001a83c   0x00003058   Code   RO          437    .text               device_manager_central.o
    0x0001d894   0x000002f8   Code   RO          470    .text               ble_hrs_c.o
    0x0001db8c   0x00000ca8   Code   RO          500    .text               pstorage.o
    0x0001e834   0x0000077c   Code   RO          536    .text               ble_db_discovery.o
    0x0001efb0   0x0000019c   Code   RO          558    .text               softdevice_handler.o
    0x0001f14c   0x0000045c   Code   RO          615    .text               app_gpiote.o
    0x0001f5a8   0x0000001c   Code   RO          647    .text               nrf_delay.o
    0x0001f5c4   0x00000058   Code   RO          670    .text               app_trace.o
    0x0001f61c   0x00000030   Code   RO          718    .text               c_p.l(llmul.o)
    0x0001f64c   0x0000001c   Code   RO          722    .text               c_p.l(noretval__2printf.o)
    0x0001f668   0x0000004e   Code   RO          726    .text               c_p.l(_printf_pad.o)
    0x0001f6b6   0x00000002   PAD
    0x0001f6b8   0x0000006c   Code   RO          728    .text               c_p.l(_printf_dec.o)
    0x0001f724   0x00000084   Code   RO          742    .text               c_p.l(_printf_hex_int_ptr.o)
    0x0001f7a8   0x00000138   Code   RO          763    .text               c_p.l(__printf_flags_wp.o)
    0x0001f8e0   0x0000005a   Code   RO          775    .text               c_p.l(memcmp.o)
    0x0001f93a   0x00000002   PAD
    0x0001f93c   0x0000004c   Code   RO          777    .text               c_p.l(strcpy.o)
    0x0001f988   0x00000082   Code   RO          780    .text               c_p.l(rt_memcpy.o)
    0x0001fa0a   0x00000040   Code   RO          783    .text               c_p.l(rt_memclr.o)
    0x0001fa4a   0x00000002   PAD
    0x0001fa4c   0x00000088   Code   RO          787    .text               c_p.l(strcmp.o)
    0x0001fad4   0x0000015a   Code   RO          789    .text               c_p.l(aeabi_sdiv.o)
    0x0001fc2e   0x00000006   Code   RO          793    .text               c_p.l(heapauxi.o)
    0x0001fc34   0x000000b0   Code   RO          802    .text               c_p.l(_printf_intcommon.o)
    0x0001fce4   0x00000028   Code   RO          804    .text               c_p.l(_printf_char_file.o)
    0x0001fd0c   0x00000028   Code   RO          807    .text               c_p.l(rtudiv10.o)
    0x0001fd34   0x00000030   Code   RO          826    .text               c_p.l(_printf_char_common.o)
    0x0001fd64   0x00000008   Code   RO          828    .text               c_p.l(ferror.o)
    0x0001fd6c   0x0000003e   Code   RO          832    .text               c_p.l(sys_stackheap_outer.o)
    0x0001fdaa   0x0000000c   Code   RO          837    .text               c_p.l(exit.o)
    0x0001fdb6   0x00000002   PAD
    0x0001fdb8   0x00000008   Code   RO          849    .text               c_p.l(libspace.o)
    0x0001fdc0   0x0000000c   Code   RO          904    .text               c_p.l(sys_exit.o)
    0x0001fdcc   0x00000002   Code   RO          923    .text               c_p.l(use_no_semi.o)
    0x0001fdce   0x00000000   Code   RO          925    .text               c_p.l(indicate_semi.o)
    0x0001fdce   0x00000056   Code   RO          976    .text               c_p.l(__dczerorl2.o)
    0x0001fe24   0x0000001c   Code   RO           94    i.__ARM_common_switch8  main.o
    0x0001fe40   0x0000000e   Code   RO          761    i._is_digit         c_p.l(__printf_wp.o)
    0x0001fe4e   0x00000002   PAD
    0x0001fe50   0x00000050   Data   RO           72    .constdata          main.o
    0x0001fea0   0x000000a2   Data   RO          247    .constdata          ble_uart_c.o
    0x0001ff42   0x00000002   PAD
    0x0001ff44   0x00000406   Data   RO          439    .constdata          device_manager_central.o
    0x0002034a   0x00000002   PAD
    0x0002034c   0x000000a2   Data   RO          472    .constdata          ble_hrs_c.o
    0x000203ee   0x00000002   PAD
    0x000203f0   0x00000108   Data   RO          538    .constdata          ble_db_discovery.o
    0x000204f8   0x00000054   Data   RO          559    .constdata          softdevice_handler.o
    0x0002054c   0x00000028   Data   RO          743    .constdata          c_p.l(_printf_hex_int_ptr.o)
    0x00020574   0x00000011   Data   RO          764    .constdata          c_p.l(__printf_flags_wp.o)
    0x00020585   0x0000004e   Data   RO           73    .conststring        main.o
    0x000205d3   0x00000001   PAD
    0x000205d4   0x00000020   Data   RO          974    Region$$Table       anon$$obj.o


    Execution Region RW_IRAM1 (Base: 0x20002800, Size: 0x00001490, Max: 0x00001800, ABSOLUTE, COMPRESSED[0x00000034])

    Base Addr    Size         Type   Attr      Idx    E Section Name        Object

    0x20002800   0x00000004   Data   RW           13    .data               system_nrf51.o
    0x20002804   0x000000ed   Data   RW           74    .data               main.o
    0x200028f1   0x00000003   PAD
    0x200028f4   0x00000010   Data   RW          248    .data               ble_uart_c.o
    0x20002904   0x00000002   Data   RW          318    .data               debug.o
    0x20002906   0x00000002   PAD
    0x20002908   0x00000024   Data   RW          334    .data               switchbotnordic.o
    0x2000292c   0x00000004   PAD
    0x20002930   0x00000008   Data   RW          360    .data               time_utils.o
    0x20002938   0x00000010   Data   RW          440    .data               device_manager_central.o
    0x20002948   0x0000000c   Data   RW          473    .data               ble_hrs_c.o
    0x20002954   0x0000000b   Data   RW          502    .data               pstorage.o
    0x2000295f   0x00000001   PAD
    0x20002960   0x00000010   Data   RW          539    .data               ble_db_discovery.o
    0x20002970   0x00000018   Data   RW          560    .data               softdevice_handler.o
    0x20002988   0x0000000a   Data   RW          616    .data               app_gpiote.o
    0x20002992   0x00000002   PAD
    0x20002994   0x00000008   Data   RW          671    .data               app_trace.o
    0x2000299c   0x000000f2   Zero   RW           71    .bss                main.o
    0x20002a8e   0x00000002   PAD
    0x20002a90   0x00000120   Zero   RW          246    .bss                ble_uart_c.o
    0x20002bb0   0x00000168   Zero   RW          317    .bss                debug.o
    0x20002d18   0x0000011b   Zero   RW          438    .bss                device_manager_central.o
    0x20002e33   0x00000001   PAD
    0x20002e34   0x000000a0   Zero   RW          471    .bss                ble_hrs_c.o
    0x20002ed4   0x000000dc   Zero   RW          501    .bss                pstorage.o
    0x20002fb0   0x00000080   Zero   RW          537    .bss                ble_db_discovery.o
    0x20003030   0x00000060   Zero   RW          850    .bss                c_p.l(libspace.o)
    0x20003090   0x00000400   Zero   RW            2    HEAP                arm_startup_nrf51.o
    0x20003490   0x00000800   Zero   RW            1    STACK               arm_startup_nrf51.o


==============================================================================

Image component sizes


      Code (inc. data)   RO Data    RW Data    ZI Data      Debug   Object Name

      1116         40          0         10          0      11562   app_gpiote.o
        88         14          0          8          0       3396   app_trace.o
        84         36        192          0       3072        748   arm_startup_nrf51.o
      1916         54        264         16        128       8512   ble_db_discovery.o
       760        134        162         12        160       6453   ble_hrs_c.o
       912        128        162         16        288      32427   ble_uart_c.o
       140         14          0          2        360       1516   debug.o
     12376       4778       1030         16        283      26695   device_manager_central.o
      6846       1516        158        237        242      63893   main.o
        58          4          0          0          0       1363   nrf_delay.o
      3240         94          0         11        220      12042   pstorage.o
       412         32         84         24          0       5188   softdevice_handler.o
       948         28          0         36          0       3769   switchbotnordic.o
       216         28          0          4          0      21193   system_nrf51.o
       408         32          0          8          0       7680   time_utils.o
       314         16          0          0          0       4668   uart_comm2.o

    ----------------------------------------------------------------------
     29840       6948       2091        412       4756     211105   Object Totals
         0          0         32          0          0          0   (incl. Generated)
         6          0          7         12          3          0   (incl. Padding)

    ----------------------------------------------------------------------

      Code (inc. data)   RO Data    RW Data    ZI Data      Debug   Library Member Name

        86          0          0          0          0          0   __dczerorl2.o
         8          0          0          0          0         68   __main.o
       312          6         17          0          0         76   __printf_flags_wp.o
        14          0          0          0          0         60   __printf_wp.o
        60          8          0          0          0          0   __scatter.o
        28          0          0          0          0          0   __scatter_zi.o
        48          6          0          0          0         88   _printf_char_common.o
        40          6          0          0          0         72   _printf_char_file.o
        10          0          0          0          0          0   _printf_d.o
       108         18          0          0          0         76   _printf_dec.o
       132          6         40          0          0        128   _printf_hex_int_ptr.o
       176          0          0          0          0         84   _printf_intcommon.o
        10          0          0          0          0          0   _printf_p.o
        78          0          0          0          0        100   _printf_pad.o
         2          0          0          0          0          0   _printf_percent.o
         4          0          0          0          0          0   _printf_percent_end.o
        10          0          0          0          0          0   _printf_x.o
       346          0          0          0          0         92   aeabi_sdiv.o
        12          0          0          0          0         64   exit.o
         8          0          0          0          0         60   ferror.o
         6          0          0          0          0        136   heapauxi.o
         0          0          0          0          0          0   indicate_semi.o
         2          0          0          0          0          0   libinit.o
         6          0          0          0          0          0   libinit2.o
         2          0          0          0          0          0   libshutdown.o
         2          0          0          0          0          0   libshutdown2.o
         8          4          0          0         96         68   libspace.o
        48          0          0          0          0         72   llmul.o
        90          0          0          0          0         68   memcmp.o
        28          6          0          0          0         84   noretval__2printf.o
        64          0          0          0          0        108   rt_memclr.o
       186          0          0          0          0        144   rt_memcpy.o
         0          0          0          0          0          0   rtentry.o
        12          0          0          0          0          0   rtentry2.o
         6          0          0          0          0          0   rtentry4.o
         2          0          0          0          0          0   rtexit.o
        10          0          0          0          0          0   rtexit2.o
        40          0          0          0          0         60   rtudiv10.o
       136          4          0          0          0         72   strcmp.o
        76          6          0          0          0         72   strcpy.o
        12          4          0          0          0         60   sys_exit.o
        62          0          0          0          0         80   sys_stackheap_outer.o
         2          0          0          0          0         68   use_no_semi.o

    ----------------------------------------------------------------------
      2304         74         57          0         96       2060   Library Totals
        12          0          0          0          0          0   (incl. Padding)

    ----------------------------------------------------------------------

      Code (inc. data)   RO Data    RW Data    ZI Data      Debug   Library Name

      2292         74         57          0         96       2060   c_p.l

    ----------------------------------------------------------------------
      2304         74         57          0         96       2060   Library Totals

    ----------------------------------------------------------------------

==============================================================================


      Code (inc. data)   RO Data    RW Data    ZI Data      Debug   

     32144       7022       2148        412       4852     210761   Grand Totals
     32144       7022       2148         52       4852     210761   ELF Image Totals (compressed)
     32144       7022       2148         52          0          0   ROM Totals

==============================================================================

    Total RO  Size (Code + RO Data)                34292 (  33.49kB)
    Total RW  Size (RW Data + ZI Data)              5264 (   5.14kB)
    Total ROM Size (Code + RO Data + RW Data)      34344 (  33.54kB)

==============================================================================

